Archive member included to satisfy reference by file (symbol)

C:/ST/STM32CubeIDE_2.2.0/STM32CubeIDE/plugins/com.st.stm32cube.ide.mcu.externaltools.gnu-tools-for-stm32.14.3.rel1.win32_1.0.100.202602081740/tools/bin/../lib/gcc/arm-none-eabi/14.3.1/../../../../arm-none-eabi/lib/thumb/v7e-m+dp/hard\libc_nano.a(libc_a-exit.o)
                              C:/ST/STM32CubeIDE_2.2.0/STM32CubeIDE/plugins/com.st.stm32cube.ide.mcu.externaltools.gnu-tools-for-stm32.14.3.rel1.win32_1.0.100.202602081740/tools/bin/../lib/gcc/arm-none-eabi/14.3.1/../../../../arm-none-eabi/lib/thumb/v7e-m+dp/hard/crt0.o (exit)
C:/ST/STM32CubeIDE_2.2.0/STM32CubeIDE/plugins/com.st.stm32cube.ide.mcu.externaltools.gnu-tools-for-stm32.14.3.rel1.win32_1.0.100.202602081740/tools/bin/../lib/gcc/arm-none-eabi/14.3.1/../../../../arm-none-eabi/lib/thumb/v7e-m+dp/hard\libc_nano.a(libc_a-findfp.o)
                              C:/ST/STM32CubeIDE_2.2.0/STM32CubeIDE/plugins/com.st.stm32cube.ide.mcu.externaltools.gnu-tools-for-stm32.14.3.rel1.win32_1.0.100.202602081740/tools/bin/../lib/gcc/arm-none-eabi/14.3.1/../../../../arm-none-eabi/lib/thumb/v7e-m+dp/hard\libc_nano.a(libc_a-exit.o) (__stdio_exit_handler)
C:/ST/STM32CubeIDE_2.2.0/STM32CubeIDE/plugins/com.st.stm32cube.ide.mcu.externaltools.gnu-tools-for-stm32.14.3.rel1.win32_1.0.100.202602081740/tools/bin/../lib/gcc/arm-none-eabi/14.3.1/../../../../arm-none-eabi/lib/thumb/v7e-m+dp/hard\libc_nano.a(libc_a-fwalk.o)
                              C:/ST/STM32CubeIDE_2.2.0/STM32CubeIDE/plugins/com.st.stm32cube.ide.mcu.externaltools.gnu-tools-for-stm32.14.3.rel1.win32_1.0.100.202602081740/tools/bin/../lib/gcc/arm-none-eabi/14.3.1/../../../../arm-none-eabi/lib/thumb/v7e-m+dp/hard\libc_nano.a(libc_a-findfp.o) (_fwalk_sglue)
C:/ST/STM32CubeIDE_2.2.0/STM32CubeIDE/plugins/com.st.stm32cube.ide.mcu.externaltools.gnu-tools-for-stm32.14.3.rel1.win32_1.0.100.202602081740/tools/bin/../lib/gcc/arm-none-eabi/14.3.1/../../../../arm-none-eabi/lib/thumb/v7e-m+dp/hard\libc_nano.a(libc_a-sprintf.o)
                              ./Core/Src/main.o (sprintf)
C:/ST/STM32CubeIDE_2.2.0/STM32CubeIDE/plugins/com.st.stm32cube.ide.mcu.externaltools.gnu-tools-for-stm32.14.3.rel1.win32_1.0.100.202602081740/tools/bin/../lib/gcc/arm-none-eabi/14.3.1/../../../../arm-none-eabi/lib/thumb/v7e-m+dp/hard\libc_nano.a(libc_a-stdio.o)
                              C:/ST/STM32CubeIDE_2.2.0/STM32CubeIDE/plugins/com.st.stm32cube.ide.mcu.externaltools.gnu-tools-for-stm32.14.3.rel1.win32_1.0.100.202602081740/tools/bin/../lib/gcc/arm-none-eabi/14.3.1/../../../../arm-none-eabi/lib/thumb/v7e-m+dp/hard\libc_nano.a(libc_a-findfp.o) (__sread)
C:/ST/STM32CubeIDE_2.2.0/STM32CubeIDE/plugins/com.st.stm32cube.ide.mcu.externaltools.gnu-tools-for-stm32.14.3.rel1.win32_1.0.100.202602081740/tools/bin/../lib/gcc/arm-none-eabi/14.3.1/../../../../arm-none-eabi/lib/thumb/v7e-m+dp/hard\libc_nano.a(libc_a-memset.o)
                              C:/ST/STM32CubeIDE_2.2.0/STM32CubeIDE/plugins/com.st.stm32cube.ide.mcu.externaltools.gnu-tools-for-stm32.14.3.rel1.win32_1.0.100.202602081740/tools/bin/../lib/gcc/arm-none-eabi/14.3.1/../../../../arm-none-eabi/lib/thumb/v7e-m+dp/hard/crt0.o (memset)
C:/ST/STM32CubeIDE_2.2.0/STM32CubeIDE/plugins/com.st.stm32cube.ide.mcu.externaltools.gnu-tools-for-stm32.14.3.rel1.win32_1.0.100.202602081740/tools/bin/../lib/gcc/arm-none-eabi/14.3.1/../../../../arm-none-eabi/lib/thumb/v7e-m+dp/hard\libc_nano.a(libc_a-closer.o)
                              C:/ST/STM32CubeIDE_2.2.0/STM32CubeIDE/plugins/com.st.stm32cube.ide.mcu.externaltools.gnu-tools-for-stm32.14.3.rel1.win32_1.0.100.202602081740/tools/bin/../lib/gcc/arm-none-eabi/14.3.1/../../../../arm-none-eabi/lib/thumb/v7e-m+dp/hard\libc_nano.a(libc_a-stdio.o) (_close_r)
C:/ST/STM32CubeIDE_2.2.0/STM32CubeIDE/plugins/com.st.stm32cube.ide.mcu.externaltools.gnu-tools-for-stm32.14.3.rel1.win32_1.0.100.202602081740/tools/bin/../lib/gcc/arm-none-eabi/14.3.1/../../../../arm-none-eabi/lib/thumb/v7e-m+dp/hard\libc_nano.a(libc_a-reent.o)
                              C:/ST/STM32CubeIDE_2.2.0/STM32CubeIDE/plugins/com.st.stm32cube.ide.mcu.externaltools.gnu-tools-for-stm32.14.3.rel1.win32_1.0.100.202602081740/tools/bin/../lib/gcc/arm-none-eabi/14.3.1/../../../../arm-none-eabi/lib/thumb/v7e-m+dp/hard\libc_nano.a(libc_a-closer.o) (errno)
C:/ST/STM32CubeIDE_2.2.0/STM32CubeIDE/plugins/com.st.stm32cube.ide.mcu.externaltools.gnu-tools-for-stm32.14.3.rel1.win32_1.0.100.202602081740/tools/bin/../lib/gcc/arm-none-eabi/14.3.1/../../../../arm-none-eabi/lib/thumb/v7e-m+dp/hard\libc_nano.a(libc_a-impure.o)
                              C:/ST/STM32CubeIDE_2.2.0/STM32CubeIDE/plugins/com.st.stm32cube.ide.mcu.externaltools.gnu-tools-for-stm32.14.3.rel1.win32_1.0.100.202602081740/tools/bin/../lib/gcc/arm-none-eabi/14.3.1/../../../../arm-none-eabi/lib/thumb/v7e-m+dp/hard\libc_nano.a(libc_a-sprintf.o) (_impure_ptr)
[...]
Memory Configuration

Name             Origin             Length             Attributes
ITCMRAM          0x00000000         0x00010000         xrw
DTCMRAM          0x20000000         0x00020000         xrw
FLASH            0x08000000         0x00100000         xr
RAM_D1           0x24000000         0x00050000         xrw
RAM_D2           0x30000000         0x00008000         xrw
RAM_D3           0x38000000         0x00004000         xrw
*default*        0x00000000         0xffffffff

Linker script and memory map

LOAD C:/ST/STM32CubeIDE_2.2.0/STM32CubeIDE/plugins/com.st.stm32cube.ide.mcu.externaltools.gnu-tools-for-stm32.14.3.rel1.win32_1.0.100.202602081740/tools/bin/../lib/gcc/arm-none-eabi/14.3.1/thumb/v7e-m+dp/hard/crti.o
LOAD C:/ST/STM32CubeIDE_2.2.0/STM32CubeIDE/plugins/com.st.stm32cube.ide.mcu.externaltools.gnu-tools-for-stm32.14.3.rel1.win32_1.0.100.202602081740/tools/bin/../lib/gcc/arm-none-eabi/14.3.1/thumb/v7e-m+dp/hard/crtbegin.o
LOAD C:/ST/STM32CubeIDE_2.2.0/STM32CubeIDE/plugins/com.st.stm32cube.ide.mcu.externaltools.gnu-tools-for-stm32.14.3.rel1.win32_1.0.100.202602081740/tools/bin/../lib/gcc/arm-none-eabi/14.3.1/../../../../arm-none-eabi/lib/thumb/v7e-m+dp/hard/crt0.o
LOAD ./Core/Src/main.o
LOAD ./Core/Src/stm32h7xx_hal_msp.o
LOAD ./Core/Src/stm32h7xx_it.o
LOAD ./Core/Src/syscalls.o
LOAD ./Core/Src/sysmem.o
LOAD ./Core/Src/system_stm32h7xx.o
LOAD ./Core/Startup/startup_stm32h723zgtx.o
LOAD ./Drivers/STM32H7xx_HAL_Driver/Src/stm32h7xx_hal.o
LOAD ./Drivers/STM32H7xx_HAL_Driver/Src/stm32h7xx_hal_cortex.o
LOAD ./Drivers/STM32H7xx_HAL_Driver/Src/stm32h7xx_hal_dma.o
LOAD ./Drivers/STM32H7xx_HAL_Driver/Src/stm32h7xx_hal_dma_ex.o
LOAD ./Drivers/STM32H7xx_HAL_Driver/Src/stm32h7xx_hal_exti.o
LOAD ./Drivers/STM32H7xx_HAL_Driver/Src/stm32h7xx_hal_flash.o
LOAD ./Drivers/STM32H7xx_HAL_Driver/Src/stm32h7xx_hal_flash_ex.o
LOAD ./Drivers/STM32H7xx_HAL_Driver/Src/stm32h7xx_hal_gpio.o
LOAD ./Drivers/STM32H7xx_HAL_Driver/Src/stm32h7xx_hal_hsem.o
LOAD ./Drivers/STM32H7xx_HAL_Driver/Src/stm32h7xx_hal_i2c.o
LOAD ./Drivers/STM32H7xx_HAL_Driver/Src/stm32h7xx_hal_i2c_ex.o
LOAD ./Drivers/STM32H7xx_HAL_Driver/Src/stm32h7xx_hal_mdma.o
LOAD ./Drivers/STM32H7xx_HAL_Driver/Src/stm32h7xx_hal_pcd.o
LOAD ./Drivers/STM32H7xx_HAL_Driver/Src/stm32h7xx_hal_pcd_ex.o
LOAD ./Drivers/STM32H7xx_HAL_Driver/Src/stm32h7xx_hal_pwr.o
LOAD ./Drivers/STM32H7xx_HAL_Driver/Src/stm32h7xx_hal_pwr_ex.o
LOAD ./Drivers/STM32H7xx_HAL_Driver/Src/stm32h7xx_hal_rcc.o
LOAD ./Drivers/STM32H7xx_HAL_Driver/Src/stm32h7xx_hal_rcc_ex.o
LOAD ./Drivers/STM32H7xx_HAL_Driver/Src/stm32h7xx_hal_tim.o
LOAD ./Drivers/STM32H7xx_HAL_Driver/Src/stm32h7xx_hal_tim_ex.o
LOAD ./Drivers/STM32H7xx_HAL_Driver/Src/stm32h7xx_ll_usb.o
LOAD ./Middlewares/ST/STM32_USB_Device_Library/Class/CDC/Src/usbd_cdc.o
LOAD ./Middlewares/ST/STM32_USB_Device_Library/Core/Src/usbd_core.o
LOAD ./Middlewares/ST/STM32_USB_Device_Library/Core/Src/usbd_ctlreq.o
LOAD ./Middlewares/ST/STM32_USB_Device_Library/Core/Src/usbd_ioreq.o
LOAD ./USB_DEVICE/App/usb_device.o
LOAD ./USB_DEVICE/App/usbd_cdc_if.o
LOAD ./USB_DEVICE/App/usbd_desc.o
LOAD ./USB_DEVICE/Target/usbd_conf.o
START GROUP
LOAD C:/ST/STM32CubeIDE_2.2.0/STM32CubeIDE/plugins/com.st.stm32cube.ide.mcu.externaltools.gnu-tools-for-stm32.14.3.rel1.win32_1.0.100.202602081740/tools/bin/../lib/gcc/arm-none-eabi/14.3.1/../../../../arm-none-eabi/lib/thumb/v7e-m+dp/hard\libc_nano.a
LOAD C:/ST/STM32CubeIDE_2.2.0/STM32CubeIDE/plugins/com.st.stm32cube.ide.mcu.externaltools.gnu-tools-for-stm32.14.3.rel1.win32_1.0.100.202602081740/tools/bin/../lib/gcc/arm-none-eabi/14.3.1/../../../../arm-none-eabi/lib/thumb/v7e-m+dp/hard\libm.a
END GROUP
START GROUP
LOAD C:/ST/STM32CubeIDE_2.2.0/STM32CubeIDE/plugins/com.st.stm32cube.ide.mcu.externaltools.gnu-tools-for-stm32.14.3.rel1.win32_1.0.100.202602081740/tools/bin/../lib/gcc/arm-none-eabi/14.3.1/thumb/v7e-m+dp/hard\libgcc.a
LOAD C:/ST/STM32CubeIDE_2.2.0/STM32CubeIDE/plugins/com.st.stm32cube.ide.mcu.externaltools.gnu-tools-for-stm32.14.3.rel1.win32_1.0.100.202602081740/tools/bin/../lib/gcc/arm-none-eabi/14.3.1/../../../../arm-none-eabi/lib/thumb/v7e-m+dp/hard\libc_nano.a
END GROUP
START GROUP
LOAD C:/ST/STM32CubeIDE_2.2.0/STM32CubeIDE/plugins/com.st.stm32cube.ide.mcu.externaltools.gnu-tools-for-stm32.14.3.rel1.win32_1.0.100.202602081740/tools/bin/../lib/gcc/arm-none-eabi/14.3.1/thumb/v7e-m+dp/hard\libgcc.a
LOAD C:/ST/STM32CubeIDE_2.2.0/STM32CubeIDE/plugins/com.st.stm32cube.ide.mcu.externaltools.gnu-tools-for-stm32.14.3.rel1.win32_1.0.100.202602081740/tools/bin/../lib/gcc/arm-none-eabi/14.3.1/../../../../arm-none-eabi/lib/thumb/v7e-m+dp/hard\libc_nano.a
LOAD C:/ST/STM32CubeIDE_2.2.0/STM32CubeIDE/plugins/com.st.stm32cube.ide.mcu.externaltools.gnu-tools-for-stm32.14.3.rel1.win32_1.0.100.202602081740/tools/bin/../lib/gcc/arm-none-eabi/14.3.1/../../../../arm-none-eabi/lib/thumb/v7e-m+dp/hard\libnosys.a
END GROUP
START GROUP
LOAD C:/ST/STM32CubeIDE_2.2.0/STM32CubeIDE/plugins/com.st.stm32cube.ide.mcu.externaltools.gnu-tools-for-stm32.14.3.rel1.win32_1.0.100.202602081740/tools/bin/../lib/gcc/arm-none-eabi/14.3.1/thumb/v7e-m+dp/hard\libgcc.a
LOAD C:/ST/STM32CubeIDE_2.2.0/STM32CubeIDE/plugins/com.st.stm32cube.ide.mcu.externaltools.gnu-tools-for-stm32.14.3.rel1.win32_1.0.100.202602081740/tools/bin/../lib/gcc/arm-none-eabi/14.3.1/../../../../arm-none-eabi/lib/thumb/v7e-m+dp/hard\libc_nano.a
LOAD C:/ST/STM32CubeIDE_2.2.0/STM32CubeIDE/plugins/com.st.stm32cube.ide.mcu.externaltools.gnu-tools-for-stm32.14.3.rel1.win32_1.0.100.202602081740/tools/bin/../lib/gcc/arm-none-eabi/14.3.1/../../../../arm-none-eabi/lib/thumb/v7e-m+dp/hard\libnosys.a
END GROUP
LOAD C:/ST/STM32CubeIDE_2.2.0/STM32CubeIDE/plugins/com.st.stm32cube.ide.mcu.externaltools.gnu-tools-for-stm32.14.3.rel1.win32_1.0.100.202602081740/tools/bin/../lib/gcc/arm-none-eabi/14.3.1/thumb/v7e-m+dp/hard/crtend.o
LOAD C:/ST/STM32CubeIDE_2.2.0/STM32CubeIDE/plugins/com.st.stm32cube.ide.mcu.externaltools.gnu-tools-for-stm32.14.3.rel1.win32_1.0.100.202602081740/tools/bin/../lib/gcc/arm-none-eabi/14.3.1/thumb/v7e-m+dp/hard/crtn.o
                0x24050000                        _estack = (ORIGIN (RAM_D1) + LENGTH (RAM_D1))
                0x00000200                        _Min_Heap_Size = 0x200
                0x00000400                        _Min_Stack_Size = 0x400

.isr_vector     0x08000000      0x2cc
                0x08000000                        . = ALIGN (0x4)
 *(.isr_vector)
 .isr_vector    0x08000000      0x2cc ./Core/Startup/startup_stm32h723zgtx.o
                0x08000000                g_pfnVectors
                0x080002cc                        . = ALIGN (0x4)

.text           0x080002d0     0xa0f0
                0x080002d0                        . = ALIGN (0x4)
 *(.text)
 .text          0x080002d0       0x40 C:/ST/STM32CubeIDE_2.2.0/STM32CubeIDE/plugins/com.st.stm32cube.ide.mcu.externaltools.gnu-tools-for-stm32.14.3.rel1.win32_1.0.100.202602081740/tools/bin/../lib/gcc/arm-none-eabi/14.3.1/thumb/v7e-m+dp/hard/crtbegin.o
 .text          0x08000310       0xa0 C:/ST/STM32CubeIDE_2.2.0/STM32CubeIDE/plugins/com.st.stm32cube.ide.mcu.externaltools.gnu-tools-for-stm32.14.3.rel1.win32_1.0.100.202602081740/tools/bin/../lib/gcc/arm-none-eabi/14.3.1/../../../../arm-none-eabi/lib/thumb/v7e-m+dp/hard\libc_nano.a(libc_a-memchr.o)
                0x08000310                memchr
 *(.text*)
 .text.ReadSample
                0x080003b0       0xd8 ./Core/Src/main.o
                0x080003b0                ReadSample
 .text.main     0x08000488       0x88 ./Core/Src/main.o
                0x08000488                main
 .text.SystemClock_Config
                0x08000510       0xc0 ./Core/Src/main.o
                0x08000510                SystemClock_Config
 .text.MX_TIM1_Init
                0x080005d0       0xa8 ./Core/Src/main.o
 .text.MX_GPIO_Init
                0x08000678       0xa4 ./Core/Src/main.o
 .text.HAL_TIM_PeriodElapsedCallback
                0x0800071c       0x60 ./Core/Src/main.o
                0x0800071c                HAL_TIM_PeriodElapsedCallback
 .text.MPU_Config
                0x0800077c       0x58 ./Core/Src/main.o
 .text.Error_Handler
                0x080007d4        0xc ./Core/Src/main.o
                0x080007d4                Error_Handler
 .text.HAL_MspInit
                0x080007e0       0x34 ./Core/Src/stm32h7xx_hal_msp.o
                0x080007e0                HAL_MspInit
 .text.HAL_TIM_Base_MspInit
                0x08000814       0x50 ./Core/Src/stm32h7xx_hal_msp.o
                0x08000814                HAL_TIM_Base_MspInit
 .text.NMI_Handler
                0x08000864        0x8 ./Core/Src/stm32h7xx_it.o
                0x08000864                NMI_Handler
 .text.HardFault_Handler
                0x0800086c        0x8 ./Core/Src/stm32h7xx_it.o
                0x0800086c                HardFault_Handler
 .text.MemManage_Handler
                0x08000874        0x8 ./Core/Src/stm32h7xx_it.o
                0x08000874                MemManage_Handler
 .text.BusFault_Handler
                0x0800087c        0x8 ./Core/Src/stm32h7xx_it.o
                0x0800087c                BusFault_Handler
 .text.UsageFault_Handler
                0x08000884        0x8 ./Core/Src/stm32h7xx_it.o
                0x08000884                UsageFault_Handler
 .text.SVC_Handler
                0x0800088c        0xe ./Core/Src/stm32h7xx_it.o
                0x0800088c                SVC_Handler
 .text.DebugMon_Handler
                0x0800089a        0xe ./Core/Src/stm32h7xx_it.o
                0x0800089a                DebugMon_Handler
 .text.PendSV_Handler
                0x080008a8        0xe ./Core/Src/stm32h7xx_it.o
                0x080008a8                PendSV_Handler
 .text.SysTick_Handler
                0x080008b6        0xc ./Core/Src/stm32h7xx_it.o
                0x080008b6                SysTick_Handler
 *fill*         0x080008c2        0x2 
 .text.TIM1_UP_IRQHandler
                0x080008c4       0x14 ./Core/Src/stm32h7xx_it.o
                0x080008c4                TIM1_UP_IRQHandler
 .text.OTG_HS_IRQHandler
                0x080008d8       0x14 ./Core/Src/stm32h7xx_it.o
                0x080008d8                OTG_HS_IRQHandler
 .text._sbrk    0x080008ec       0x6c ./Core/Src/sysmem.o
                0x080008ec                _sbrk
 .text.SystemInit
                0x08000958      0x120 ./Core/Src/system_stm32h7xx.o
                0x08000958                SystemInit
 .text.ExitRun0Mode
                0x08000a78       0x18 ./Core/Src/system_stm32h7xx.o
                0x08000a78                ExitRun0Mode
 .text.Reset_Handler
                0x08000a90       0x54 ./Core/Startup/startup_stm32h723zgtx.o
                0x08000a90                Reset_Handler
 .text.Default_Handler
                0x08000ae4        0x2 ./Core/Startup/startup_stm32h723zgtx.o
                0x08000ae4                RTC_Alarm_IRQHandler
                0x08000ae4                EXTI2_IRQHandler
                0x08000ae4                TIM8_CC_IRQHandler
                0x08000ae4                UART8_IRQHandler
                0x08000ae4                SPI4_IRQHandler
                0x08000ae4                FDCAN3_IT0_IRQHandler
                0x08000ae4                TIM1_CC_IRQHandler
                0x08000ae4                BDMA_Channel6_IRQHandler
                0x08000ae4                DMA2_Stream5_IRQHandler
                0x08000ae4                DMA1_Stream5_IRQHandler
                0x08000ae4                CORDIC_IRQHandler
                0x08000ae4                BDMA_Channel1_IRQHandler
                0x08000ae4                TAMP_STAMP_IRQHandler
                0x08000ae4                EXTI3_IRQHandler
                0x08000ae4                LPTIM4_IRQHandler
                0x08000ae4                TIM8_TRG_COM_TIM14_IRQHandler
                0x08000ae4                LPTIM2_IRQHandler
                0x08000ae4                DFSDM1_FLT1_IRQHandler
                0x08000ae4                DMAMUX2_OVR_IRQHandler
                0x08000ae4                TIM8_UP_TIM13_IRQHandler
                0x08000ae4                I2C3_ER_IRQHandler
                0x08000ae4                DFSDM1_FLT2_IRQHandler
                0x08000ae4                I2C5_EV_IRQHandler
                0x08000ae4                USART10_IRQHandler
                0x08000ae4                MDMA_IRQHandler
                0x08000ae4                LPTIM3_IRQHandler
                0x08000ae4                HSEM1_IRQHandler
                0x08000ae4                EXTI0_IRQHandler
                0x08000ae4                I2C2_EV_IRQHandler
                0x08000ae4                DMA1_Stream2_IRQHandler
                0x08000ae4                FPU_IRQHandler
                0x08000ae4                OTG_HS_WKUP_IRQHandler
                0x08000ae4                FDCAN1_IT1_IRQHandler
                0x08000ae4                LTDC_ER_IRQHandler
                0x08000ae4                DMA2_Stream2_IRQHandler
                0x08000ae4                SPI1_IRQHandler
                0x08000ae4                OCTOSPI1_IRQHandler
                0x08000ae4                TIM6_DAC_IRQHandler
                0x08000ae4                DMA2_Stream3_IRQHandler
                0x08000ae4                OCTOSPI2_IRQHandler
                0x08000ae4                DFSDM1_FLT3_IRQHandler
                0x08000ae4                TIM23_IRQHandler
                0x08000ae4                USART6_IRQHandler
                0x08000ae4                TIM17_IRQHandler
                0x08000ae4                USART3_IRQHandler
                0x08000ae4                BDMA_Channel7_IRQHandler
                0x08000ae4                LPTIM5_IRQHandler
                0x08000ae4                UART5_IRQHandler
                0x08000ae4                ADC3_IRQHandler
                0x08000ae4                DMA2_Stream0_IRQHandler
                0x08000ae4                TIM4_IRQHandler
                0x08000ae4                BDMA_Channel2_IRQHandler
                0x08000ae4                I2C1_EV_IRQHandler
                0x08000ae4                DMA1_Stream6_IRQHandler
                0x08000ae4                DMAMUX1_OVR_IRQHandler
                0x08000ae4                DMA1_Stream1_IRQHandler
                0x08000ae4                TIM16_IRQHandler
                0x08000ae4                UART4_IRQHandler
                0x08000ae4                BDMA_Channel5_IRQHandler
                0x08000ae4                TIM3_IRQHandler
                0x08000ae4                RCC_IRQHandler
                0x08000ae4                UART9_IRQHandler
                0x08000ae4                TIM8_BRK_TIM12_IRQHandler
                0x08000ae4                TIM1_TRG_COM_IRQHandler
                0x08000ae4                Default_Handler
                0x08000ae4                ECC_IRQHandler
                0x08000ae4                FMAC_IRQHandler
                0x08000ae4                CEC_IRQHandler
                0x08000ae4                EXTI15_10_IRQHandler
                0x08000ae4                BDMA_Channel0_IRQHandler
                0x08000ae4                ADC_IRQHandler
                0x08000ae4                I2C5_ER_IRQHandler
                0x08000ae4                DMA1_Stream7_IRQHandler
                0x08000ae4                SPI5_IRQHandler
                0x08000ae4                TIM7_IRQHandler
                0x08000ae4                FDCAN3_IT1_IRQHandler
                0x08000ae4                SDMMC1_IRQHandler
                0x08000ae4                TIM5_IRQHandler
                0x08000ae4                DMA2_Stream7_IRQHandler
                0x08000ae4                TIM15_IRQHandler
                0x08000ae4                PVD_AVD_IRQHandler
                0x08000ae4                I2C3_EV_IRQHandler
                0x08000ae4                EXTI9_5_IRQHandler
                0x08000ae4                RTC_WKUP_IRQHandler
                0x08000ae4                LTDC_IRQHandler
                0x08000ae4                ETH_WKUP_IRQHandler
                0x08000ae4                SPDIF_RX_IRQHandler
                0x08000ae4                SPI2_IRQHandler
                0x08000ae4                OTG_HS_EP1_IN_IRQHandler
                0x08000ae4                DMA1_Stream0_IRQHandler
                0x08000ae4                TIM24_IRQHandler
                0x08000ae4                CRS_IRQHandler
                0x08000ae4                EXTI4_IRQHandler
                0x08000ae4                RNG_IRQHandler
                0x08000ae4                FDCAN2_IT1_IRQHandler
                0x08000ae4                ETH_IRQHandler
                0x08000ae4                BDMA_Channel4_IRQHandler
                0x08000ae4                OTG_HS_EP1_OUT_IRQHandler
                0x08000ae4                WWDG_IRQHandler
                0x08000ae4                SPI6_IRQHandler
                0x08000ae4                MDIOS_IRQHandler
                0x08000ae4                I2C4_EV_IRQHandler
                0x08000ae4                FDCAN2_IT0_IRQHandler
                0x08000ae4                LPUART1_IRQHandler
                0x08000ae4                FDCAN1_IT0_IRQHandler
                0x08000ae4                TIM2_IRQHandler
                0x08000ae4                DMA2D_IRQHandler
                0x08000ae4                TIM1_BRK_IRQHandler
                0x08000ae4                EXTI1_IRQHandler
                0x08000ae4                SDMMC2_IRQHandler
                0x08000ae4                BDMA_Channel3_IRQHandler
                0x08000ae4                DTS_IRQHandler
                0x08000ae4                UART7_IRQHandler
                0x08000ae4                MDIOS_WKUP_IRQHandler
                0x08000ae4                USART2_IRQHandler
                0x08000ae4                DFSDM1_FLT0_IRQHandler
                0x08000ae4                SAI4_IRQHandler
                0x08000ae4                I2C2_ER_IRQHandler
                0x08000ae4                DMA2_Stream1_IRQHandler
                0x08000ae4                FLASH_IRQHandler
                0x08000ae4                DMA2_Stream4_IRQHandler
                0x08000ae4                USART1_IRQHandler
                0x08000ae4                SPI3_IRQHandler
                0x08000ae4                WAKEUP_PIN_IRQHandler
                0x08000ae4                DMA1_Stream4_IRQHandler
                0x08000ae4                I2C1_ER_IRQHandler
                0x08000ae4                FMC_IRQHandler
                0x08000ae4                FDCAN_CAL_IRQHandler
                0x08000ae4                SWPMI1_IRQHandler
                0x08000ae4                COMP1_IRQHandler
                0x08000ae4                LPTIM1_IRQHandler
                0x08000ae4                DCMI_PSSI_IRQHandler
                0x08000ae4                I2C4_ER_IRQHandler
                0x08000ae4                DMA2_Stream6_IRQHandler
                0x08000ae4                SAI1_IRQHandler
                0x08000ae4                DMA1_Stream3_IRQHandler
 *fill*         0x08000ae6        0x2 
 .text.HAL_Init
                0x08000ae8       0x78 ./Drivers/STM32H7xx_HAL_Driver/Src/stm32h7xx_hal.o
                0x08000ae8                HAL_Init
 .text.HAL_InitTick
                0x08000b60       0x6c ./Drivers/STM32H7xx_HAL_Driver/Src/stm32h7xx_hal.o
                0x08000b60                HAL_InitTick
 .text.HAL_IncTick
                0x08000bcc       0x28 ./Drivers/STM32H7xx_HAL_Driver/Src/stm32h7xx_hal.o
                0x08000bcc                HAL_IncTick
 .text.HAL_GetTick
                0x08000bf4       0x18 ./Drivers/STM32H7xx_HAL_Driver/Src/stm32h7xx_hal.o
                0x08000bf4                HAL_GetTick
 .text.HAL_Delay
                0x08000c0c       0x48 ./Drivers/STM32H7xx_HAL_Driver/Src/stm32h7xx_hal.o
                0x08000c0c                HAL_Delay
 .text.__NVIC_SetPriorityGrouping
                0x08000c54       0x48 ./Drivers/STM32H7xx_HAL_Driver/Src/stm32h7xx_hal_cortex.o
 .text.__NVIC_GetPriorityGrouping
                0x08000c9c       0x1c ./Drivers/STM32H7xx_HAL_Driver/Src/stm32h7xx_hal_cortex.o
 .text.__NVIC_EnableIRQ
                0x08000cb8       0x3c ./Drivers/STM32H7xx_HAL_Driver/Src/stm32h7xx_hal_cortex.o
 .text.__NVIC_SetPriority
                0x08000cf4       0x54 ./Drivers/STM32H7xx_HAL_Driver/Src/stm32h7xx_hal_cortex.o
 .text.NVIC_EncodePriority
                0x08000d48       0x66 ./Drivers/STM32H7xx_HAL_Driver/Src/stm32h7xx_hal_cortex.o
 *fill*         0x08000dae        0x2 
 .text.SysTick_Config
                0x08000db0       0x44 ./Drivers/STM32H7xx_HAL_Driver/Src/stm32h7xx_hal_cortex.o
 .text.HAL_NVIC_SetPriorityGrouping
                0x08000df4       0x16 ./Drivers/STM32H7xx_HAL_Driver/Src/stm32h7xx_hal_cortex.o
                0x08000df4                HAL_NVIC_SetPriorityGrouping
 .text.HAL_NVIC_SetPriority
                0x08000e0a       0x34 ./Drivers/STM32H7xx_HAL_Driver/Src/stm32h7xx_hal_cortex.o
                0x08000e0a                HAL_NVIC_SetPriority
 .text.HAL_NVIC_EnableIRQ
                0x08000e3e       0x1c ./Drivers/STM32H7xx_HAL_Driver/Src/stm32h7xx_hal_cortex.o
                0x08000e3e                HAL_NVIC_EnableIRQ
 .text.HAL_SYSTICK_Config
                0x08000e5a       0x18 ./Drivers/STM32H7xx_HAL_Driver/Src/stm32h7xx_hal_cortex.o
                0x08000e5a                HAL_SYSTICK_Config
 *fill*         0x08000e72        0x2 
 .text.HAL_MPU_Disable
                0x08000e74       0x30 ./Drivers/STM32H7xx_HAL_Driver/Src/stm32h7xx_hal_cortex.o
                0x08000e74                HAL_MPU_Disable
 .text.HAL_MPU_Enable
                0x08000ea4       0x40 ./Drivers/STM32H7xx_HAL_Driver/Src/stm32h7xx_hal_cortex.o
                0x08000ea4                HAL_MPU_Enable
 .text.HAL_MPU_ConfigRegion
                0x08000ee4       0x80 ./Drivers/STM32H7xx_HAL_Driver/Src/stm32h7xx_hal_cortex.o
                0x08000ee4                HAL_MPU_ConfigRegion
 .text.HAL_GPIO_Init
                0x08000f64      0x364 ./Drivers/STM32H7xx_HAL_Driver/Src/stm32h7xx_hal_gpio.o
                0x08000f64                HAL_GPIO_Init
 .text.HAL_GPIO_ReadPin
                0x080012c8       0x30 ./Drivers/STM32H7xx_HAL_Driver/Src/stm32h7xx_hal_gpio.o
                0x080012c8                HAL_GPIO_ReadPin
 .text.HAL_GPIO_WritePin
                0x080012f8       0x32 ./Drivers/STM32H7xx_HAL_Driver/Src/stm32h7xx_hal_gpio.o
                0x080012f8                HAL_GPIO_WritePin
 .text.HAL_PCD_Init
                0x0800132a      0x218 ./Drivers/STM32H7xx_HAL_Driver/Src/stm32h7xx_hal_pcd.o
                0x0800132a                HAL_PCD_Init
 .text.HAL_PCD_Start
                0x08001542       0x6a ./Drivers/STM32H7xx_HAL_Driver/Src/stm32h7xx_hal_pcd.o
                0x08001542                HAL_PCD_Start
 .text.HAL_PCD_IRQHandler
                0x080015ac      0x9d0 ./Drivers/STM32H7xx_HAL_Driver/Src/stm32h7xx_hal_pcd.o
                0x080015ac                HAL_PCD_IRQHandler
 .text.HAL_PCD_SetAddress
                0x08001f7c       0x48 ./Drivers/STM32H7xx_HAL_Driver/Src/stm32h7xx_hal_pcd.o
                0x08001f7c                HAL_PCD_SetAddress
 .text.HAL_PCD_EP_Open
                0x08001fc4       0xd4 ./Drivers/STM32H7xx_HAL_Driver/Src/stm32h7xx_hal_pcd.o
                0x08001fc4                HAL_PCD_EP_Open
 .text.HAL_PCD_EP_Close
                0x08002098       0x94 ./Drivers/STM32H7xx_HAL_Driver/Src/stm32h7xx_hal_pcd.o
                0x08002098                HAL_PCD_EP_Close
 .text.HAL_PCD_EP_Receive
                0x0800212c       0x76 ./Drivers/STM32H7xx_HAL_Driver/Src/stm32h7xx_hal_pcd.o
                0x0800212c                HAL_PCD_EP_Receive
 .text.HAL_PCD_EP_GetRxCount
                0x080021a2       0x30 ./Drivers/STM32H7xx_HAL_Driver/Src/stm32h7xx_hal_pcd.o
                0x080021a2                HAL_PCD_EP_GetRxCount
 .text.HAL_PCD_EP_Transmit
                0x080021d2       0x74 ./Drivers/STM32H7xx_HAL_Driver/Src/stm32h7xx_hal_pcd.o
                0x080021d2                HAL_PCD_EP_Transmit
 .text.HAL_PCD_EP_SetStall
                0x08002246       0xc6 ./Drivers/STM32H7xx_HAL_Driver/Src/stm32h7xx_hal_pcd.o
                0x08002246                HAL_PCD_EP_SetStall
 .text.HAL_PCD_EP_ClrStall
                0x0800230c       0xac ./Drivers/STM32H7xx_HAL_Driver/Src/stm32h7xx_hal_pcd.o
                0x0800230c                HAL_PCD_EP_ClrStall
 .text.HAL_PCD_EP_Abort
                0x080023b8       0x62 ./Drivers/STM32H7xx_HAL_Driver/Src/stm32h7xx_hal_pcd.o
                0x080023b8                HAL_PCD_EP_Abort
 .text.PCD_WriteEmptyTxFifo
                0x0800241a      0x118 ./Drivers/STM32H7xx_HAL_Driver/Src/stm32h7xx_hal_pcd.o
 *fill*         0x08002532        0x2 
 .text.PCD_EP_OutXfrComplete_int
                0x08002534      0x1d0 ./Drivers/STM32H7xx_HAL_Driver/Src/stm32h7xx_hal_pcd.o
 .text.PCD_EP_OutSetupPacket_int
                0x08002704       0x8c ./Drivers/STM32H7xx_HAL_Driver/Src/stm32h7xx_hal_pcd.o
 .text.HAL_PCDEx_SetTxFiFo
                0x08002790       0x8e ./Drivers/STM32H7xx_HAL_Driver/Src/stm32h7xx_hal_pcd_ex.o
                0x08002790                HAL_PCDEx_SetTxFiFo
 .text.HAL_PCDEx_SetRxFiFo
                0x0800281e       0x22 ./Drivers/STM32H7xx_HAL_Driver/Src/stm32h7xx_hal_pcd_ex.o
                0x0800281e                HAL_PCDEx_SetRxFiFo
 .text.HAL_PCDEx_ActivateLPM
                0x08002840       0x48 ./Drivers/STM32H7xx_HAL_Driver/Src/stm32h7xx_hal_pcd_ex.o
                0x08002840                HAL_PCDEx_ActivateLPM
 .text.HAL_PCDEx_LPM_Callback
                0x08002888       0x18 ./Drivers/STM32H7xx_HAL_Driver/Src/stm32h7xx_hal_pcd_ex.o
                0x08002888                HAL_PCDEx_LPM_Callback
 .text.HAL_PWREx_ConfigSupply
                0x080028a0       0x74 ./Drivers/STM32H7xx_HAL_Driver/Src/stm32h7xx_hal_pwr_ex.o
                0x080028a0                HAL_PWREx_ConfigSupply
 .text.HAL_PWREx_EnableUSBVoltageDetector
                0x08002914       0x20 ./Drivers/STM32H7xx_HAL_Driver/Src/stm32h7xx_hal_pwr_ex.o
                0x08002914                HAL_PWREx_EnableUSBVoltageDetector
 .text.HAL_RCC_OscConfig
                0x08002934      0x7b4 ./Drivers/STM32H7xx_HAL_Driver/Src/stm32h7xx_hal_rcc.o
                0x08002934                HAL_RCC_OscConfig
 .text.HAL_RCC_ClockConfig
                0x080030e8      0x36c ./Drivers/STM32H7xx_HAL_Driver/Src/stm32h7xx_hal_rcc.o
                0x080030e8                HAL_RCC_ClockConfig
 .text.HAL_RCC_GetSysClockFreq
                0x08003454      0x2f4 ./Drivers/STM32H7xx_HAL_Driver/Src/stm32h7xx_hal_rcc.o
                0x08003454                HAL_RCC_GetSysClockFreq
 .text.HAL_RCC_GetHCLKFreq
                0x08003748       0x60 ./Drivers/STM32H7xx_HAL_Driver/Src/stm32h7xx_hal_rcc.o
                0x08003748                HAL_RCC_GetHCLKFreq
 .text.HAL_RCCEx_PeriphCLKConfig
                0x080037a8     0x1340 ./Drivers/STM32H7xx_HAL_Driver/Src/stm32h7xx_hal_rcc_ex.o
                0x080037a8                HAL_RCCEx_PeriphCLKConfig
 .text.RCCEx_PLL2_Config
                0x08004ae8      0x164 ./Drivers/STM32H7xx_HAL_Driver/Src/stm32h7xx_hal_rcc_ex.o
 .text.RCCEx_PLL3_Config
                0x08004c4c      0x164 ./Drivers/STM32H7xx_HAL_Driver/Src/stm32h7xx_hal_rcc_ex.o
 .text.HAL_TIM_Base_Init
                0x08004db0       0xae ./Drivers/STM32H7xx_HAL_Driver/Src/stm32h7xx_hal_tim.o
                0x08004db0                HAL_TIM_Base_Init
 *fill*         0x08004e5e        0x2 
 .text.HAL_TIM_Base_Start_IT
                0x08004e60      0x10c ./Drivers/STM32H7xx_HAL_Driver/Src/stm32h7xx_hal_tim.o
                0x08004e60                HAL_TIM_Base_Start_IT
 .text.HAL_TIM_Base_Stop_IT
                0x08004f6c       0x60 ./Drivers/STM32H7xx_HAL_Driver/Src/stm32h7xx_hal_tim.o
                0x08004f6c                HAL_TIM_Base_Stop_IT
 .text.HAL_TIM_IRQHandler
                0x08004fcc      0x20e ./Drivers/STM32H7xx_HAL_Driver/Src/stm32h7xx_hal_tim.o
                0x08004fcc                HAL_TIM_IRQHandler
 *fill*         0x080051da        0x2 
 .text.HAL_TIM_ConfigClockSource
                0x080051dc      0x1f0 ./Drivers/STM32H7xx_HAL_Driver/Src/stm32h7xx_hal_tim.o
                0x080051dc                HAL_TIM_ConfigClockSource
 .text.HAL_TIM_OC_DelayElapsedCallback
                0x080053cc       0x14 ./Drivers/STM32H7xx_HAL_Driver/Src/stm32h7xx_hal_tim.o
                0x080053cc                HAL_TIM_OC_DelayElapsedCallback
 .text.HAL_TIM_IC_CaptureCallback
                0x080053e0       0x14 ./Drivers/STM32H7xx_HAL_Driver/Src/stm32h7xx_hal_tim.o
                0x080053e0                HAL_TIM_IC_CaptureCallback
 .text.HAL_TIM_PWM_PulseFinishedCallback
                0x080053f4       0x14 ./Drivers/STM32H7xx_HAL_Driver/Src/stm32h7xx_hal_tim.o
                0x080053f4                HAL_TIM_PWM_PulseFinishedCallback
 .text.HAL_TIM_TriggerCallback
                0x08005408       0x14 ./Drivers/STM32H7xx_HAL_Driver/Src/stm32h7xx_hal_tim.o
                0x08005408                HAL_TIM_TriggerCallback
 .text.TIM_Base_SetConfig
                0x0800541c      0x158 ./Drivers/STM32H7xx_HAL_Driver/Src/stm32h7xx_hal_tim.o
                0x0800541c                TIM_Base_SetConfig
 .text.TIM_TI1_ConfigInputStage
                0x08005574       0xa8 ./Drivers/STM32H7xx_HAL_Driver/Src/stm32h7xx_hal_tim.o
 .text.TIM_TI2_ConfigInputStage
                0x0800561c       0x84 ./Drivers/STM32H7xx_HAL_Driver/Src/stm32h7xx_hal_tim.o
 .text.TIM_ITRx_SetConfig
                0x080056a0       0x3c ./Drivers/STM32H7xx_HAL_Driver/Src/stm32h7xx_hal_tim.o
 .text.TIM_ETR_SetConfig
                0x080056dc       0x40 ./Drivers/STM32H7xx_HAL_Driver/Src/stm32h7xx_hal_tim.o
                0x080056dc                TIM_ETR_SetConfig
 .text.HAL_TIMEx_MasterConfigSynchronization
                0x0800571c      0x138 ./Drivers/STM32H7xx_HAL_Driver/Src/stm32h7xx_hal_tim_ex.o
                0x0800571c                HAL_TIMEx_MasterConfigSynchronization
 .text.HAL_TIMEx_CommutCallback
                0x08005854       0x14 ./Drivers/STM32H7xx_HAL_Driver/Src/stm32h7xx_hal_tim_ex.o
                0x08005854                HAL_TIMEx_CommutCallback
 .text.HAL_TIMEx_BreakCallback
                0x08005868       0x14 ./Drivers/STM32H7xx_HAL_Driver/Src/stm32h7xx_hal_tim_ex.o
                0x08005868                HAL_TIMEx_BreakCallback
 .text.HAL_TIMEx_Break2Callback
                0x0800587c       0x14 ./Drivers/STM32H7xx_HAL_Driver/Src/stm32h7xx_hal_tim_ex.o
                0x0800587c                HAL_TIMEx_Break2Callback
 .text.USB_CoreInit
                0x08005890       0xf0 ./Drivers/STM32H7xx_HAL_Driver/Src/stm32h7xx_ll_usb.o
                0x08005890                USB_CoreInit
 .text.USB_SetTurnaroundTime
                0x08005980      0x144 ./Drivers/STM32H7xx_HAL_Driver/Src/stm32h7xx_ll_usb.o
                0x08005980                USB_SetTurnaroundTime
 .text.USB_EnableGlobalInt
                0x08005ac4       0x22 ./Drivers/STM32H7xx_HAL_Driver/Src/stm32h7xx_ll_usb.o
                0x08005ac4                USB_EnableGlobalInt
 .text.USB_DisableGlobalInt
                0x08005ae6       0x22 ./Drivers/STM32H7xx_HAL_Driver/Src/stm32h7xx_ll_usb.o
                0x08005ae6                USB_DisableGlobalInt
 .text.USB_SetCurrentMode
                0x08005b08       0x98 ./Drivers/STM32H7xx_HAL_Driver/Src/stm32h7xx_ll_usb.o
                0x08005b08                USB_SetCurrentMode
 .text.USB_DevInit
                0x08005ba0      0x2bc ./Drivers/STM32H7xx_HAL_Driver/Src/stm32h7xx_ll_usb.o
                0x08005ba0                USB_DevInit
 .text.USB_FlushTxFifo
                0x08005e5c       0x64 ./Drivers/STM32H7xx_HAL_Driver/Src/stm32h7xx_ll_usb.o
                0x08005e5c                USB_FlushTxFifo
 .text.USB_FlushRxFifo
                0x08005ec0       0x5c ./Drivers/STM32H7xx_HAL_Driver/Src/stm32h7xx_ll_usb.o
                0x08005ec0                USB_FlushRxFifo
 .text.USB_SetDevSpeed
                0x08005f1c       0x32 ./Drivers/STM32H7xx_HAL_Driver/Src/stm32h7xx_ll_usb.o
                0x08005f1c                USB_SetDevSpeed
 .text.USB_GetDevSpeed
                0x08005f4e       0x4a ./Drivers/STM32H7xx_HAL_Driver/Src/stm32h7xx_ll_usb.o
                0x08005f4e                USB_GetDevSpeed
 .text.USB_ActivateEndpoint
                0x08005f98      0x110 ./Drivers/STM32H7xx_HAL_Driver/Src/stm32h7xx_ll_usb.o
                0x08005f98                USB_ActivateEndpoint
 .text.USB_DeactivateEndpoint
                0x080060a8      0x1b8 ./Drivers/STM32H7xx_HAL_Driver/Src/stm32h7xx_ll_usb.o
                0x080060a8                USB_DeactivateEndpoint
 .text.USB_EPStartXfer
                0x08006260      0x548 ./Drivers/STM32H7xx_HAL_Driver/Src/stm32h7xx_ll_usb.o
                0x08006260                USB_EPStartXfer
 .text.USB_EPStopXfer
                0x080067a8      0x1fa ./Drivers/STM32H7xx_HAL_Driver/Src/stm32h7xx_ll_usb.o
                0x080067a8                USB_EPStopXfer
 .text.USB_EPSetStall
                0x080069a2       0xdc ./Drivers/STM32H7xx_HAL_Driver/Src/stm32h7xx_ll_usb.o
                0x080069a2                USB_EPSetStall
 .text.USB_EPClearStall
                0x08006a7e       0xcc ./Drivers/STM32H7xx_HAL_Driver/Src/stm32h7xx_ll_usb.o
                0x08006a7e                USB_EPClearStall
 .text.USB_WritePacket
                0x08006b4a       0x7c ./Drivers/STM32H7xx_HAL_Driver/Src/stm32h7xx_ll_usb.o
                0x08006b4a                USB_WritePacket
 .text.USB_ReadPacket
                0x08006bc6       0xb0 ./Drivers/STM32H7xx_HAL_Driver/Src/stm32h7xx_ll_usb.o
                0x08006bc6                USB_ReadPacket
 .text.USB_SetDevAddress
                0x08006c76       0x4c ./Drivers/STM32H7xx_HAL_Driver/Src/stm32h7xx_ll_usb.o
                0x08006c76                USB_SetDevAddress
 .text.USB_DevConnect
                0x08006cc2       0x42 ./Drivers/STM32H7xx_HAL_Driver/Src/stm32h7xx_ll_usb.o
                0x08006cc2                USB_DevConnect
 .text.USB_DevDisconnect
                0x08006d04       0x42 ./Drivers/STM32H7xx_HAL_Driver/Src/stm32h7xx_ll_usb.o
                0x08006d04                USB_DevDisconnect
 .text.USB_ReadInterrupts
                0x08006d46       0x26 ./Drivers/STM32H7xx_HAL_Driver/Src/stm32h7xx_ll_usb.o
                0x08006d46                USB_ReadInterrupts
 .text.USB_ReadDevAllOutEpInterrupt
                0x08006d6c       0x34 ./Drivers/STM32H7xx_HAL_Driver/Src/stm32h7xx_ll_usb.o
                0x08006d6c                USB_ReadDevAllOutEpInterrupt
 .text.USB_ReadDevAllInEpInterrupt
                0x08006da0       0x34 ./Drivers/STM32H7xx_HAL_Driver/Src/stm32h7xx_ll_usb.o
                0x08006da0                USB_ReadDevAllInEpInterrupt
 .text.USB_ReadDevOutEPInterrupt
                0x08006dd4       0x3c ./Drivers/STM32H7xx_HAL_Driver/Src/stm32h7xx_ll_usb.o
                0x08006dd4                USB_ReadDevOutEPInterrupt
 .text.USB_ReadDevInEPInterrupt
                0x08006e10       0x5c ./Drivers/STM32H7xx_HAL_Driver/Src/stm32h7xx_ll_usb.o
                0x08006e10                USB_ReadDevInEPInterrupt
 .text.USB_GetMode
                0x08006e6c       0x1c ./Drivers/STM32H7xx_HAL_Driver/Src/stm32h7xx_ll_usb.o
                0x08006e6c                USB_GetMode
 .text.USB_ActivateSetup
                0x08006e88       0x48 ./Drivers/STM32H7xx_HAL_Driver/Src/stm32h7xx_ll_usb.o
                0x08006e88                USB_ActivateSetup
 .text.USB_EP0_OutStart
                0x08006ed0       0xbc ./Drivers/STM32H7xx_HAL_Driver/Src/stm32h7xx_ll_usb.o
                0x08006ed0                USB_EP0_OutStart
 .text.USB_CoreReset
                0x08006f8c       0x70 ./Drivers/STM32H7xx_HAL_Driver/Src/stm32h7xx_ll_usb.o
 .text.USBD_CDC_Init
                0x08006ffc      0x1f0 ./Middlewares/ST/STM32_USB_Device_Library/Class/CDC/Src/usbd_cdc.o
 .text.USBD_CDC_DeInit
                0x080071ec      0x104 ./Middlewares/ST/STM32_USB_Device_Library/Class/CDC/Src/usbd_cdc.o
 .text.USBD_CDC_Setup
                0x080072f0      0x1b8 ./Middlewares/ST/STM32_USB_Device_Library/Class/CDC/Src/usbd_cdc.o
 .text.USBD_CDC_DataIn
                0x080074a8       0xfe ./Middlewares/ST/STM32_USB_Device_Library/Class/CDC/Src/usbd_cdc.o
 .text.USBD_CDC_DataOut
                0x080075a6       0x70 ./Middlewares/ST/STM32_USB_Device_Library/Class/CDC/Src/usbd_cdc.o
 .text.USBD_CDC_EP0_RxReady
                0x08007616       0x74 ./Middlewares/ST/STM32_USB_Device_Library/Class/CDC/Src/usbd_cdc.o
 *fill*         0x0800768a        0x2 
 .text.USBD_CDC_GetFSCfgDesc
                0x0800768c       0x70 ./Middlewares/ST/STM32_USB_Device_Library/Class/CDC/Src/usbd_cdc.o
 .text.USBD_CDC_GetHSCfgDesc
                0x080076fc       0x70 ./Middlewares/ST/STM32_USB_Device_Library/Class/CDC/Src/usbd_cdc.o
 .text.USBD_CDC_GetOtherSpeedCfgDesc
                0x0800776c       0x70 ./Middlewares/ST/STM32_USB_Device_Library/Class/CDC/Src/usbd_cdc.o
 .text.USBD_CDC_GetDeviceQualifierDescriptor
                0x080077dc       0x20 ./Middlewares/ST/STM32_USB_Device_Library/Class/CDC/Src/usbd_cdc.o
                0x080077dc                USBD_CDC_GetDeviceQualifierDescriptor
 .text.USBD_CDC_RegisterInterface
                0x080077fc       0x34 ./Middlewares/ST/STM32_USB_Device_Library/Class/CDC/Src/usbd_cdc.o
                0x080077fc                USBD_CDC_RegisterInterface
 .text.USBD_CDC_SetTxBuffer
                0x08007830       0x44 ./Middlewares/ST/STM32_USB_Device_Library/Class/CDC/Src/usbd_cdc.o
                0x08007830                USBD_CDC_SetTxBuffer
 .text.USBD_CDC_SetRxBuffer
                0x08007874       0x3a ./Middlewares/ST/STM32_USB_Device_Library/Class/CDC/Src/usbd_cdc.o
                0x08007874                USBD_CDC_SetRxBuffer
 *fill*         0x080078ae        0x2 
 .text.USBD_CDC_TransmitPacket
                0x080078b0       0x80 ./Middlewares/ST/STM32_USB_Device_Library/Class/CDC/Src/usbd_cdc.o
                0x080078b0                USBD_CDC_TransmitPacket
 .text.USBD_CDC_ReceivePacket
                0x08007930       0x6c ./Middlewares/ST/STM32_USB_Device_Library/Class/CDC/Src/usbd_cdc.o
                0x08007930                USBD_CDC_ReceivePacket
 .text.USBD_Init
                0x0800799c       0x60 ./Middlewares/ST/STM32_USB_Device_Library/Core/Src/usbd_core.o
                0x0800799c                USBD_Init
 .text.USBD_RegisterClass
                0x080079fc       0x6c ./Middlewares/ST/STM32_USB_Device_Library/Core/Src/usbd_core.o
                0x080079fc                USBD_RegisterClass
 .text.USBD_Start
                0x08007a68       0x18 ./Middlewares/ST/STM32_USB_Device_Library/Core/Src/usbd_core.o
                0x08007a68                USBD_Start
 .text.USBD_RunTestMode
                0x08007a80       0x16 ./Middlewares/ST/STM32_USB_Device_Library/Core/Src/usbd_core.o
                0x08007a80                USBD_RunTestMode
 .text.USBD_SetClassConfig
                0x08007a96       0x38 ./Middlewares/ST/STM32_USB_Device_Library/Core/Src/usbd_core.o
                0x08007a96                USBD_SetClassConfig
 .text.USBD_ClrClassConfig
                0x08007ace       0x34 ./Middlewares/ST/STM32_USB_Device_Library/Core/Src/usbd_core.o
                0x08007ace                USBD_ClrClassConfig
 .text.USBD_LL_SetupStage
                0x08007b02       0xaa ./Middlewares/ST/STM32_USB_Device_Library/Core/Src/usbd_core.o
                0x08007b02                USBD_LL_SetupStage
 .text.USBD_LL_DataOutStage
                0x08007bac      0x178 ./Middlewares/ST/STM32_USB_Device_Library/Core/Src/usbd_core.o
                0x08007bac                USBD_LL_DataOutStage
 .text.USBD_LL_DataInStage
                0x08007d24      0x176 ./Middlewares/ST/STM32_USB_Device_Library/Core/Src/usbd_core.o
                0x08007d24                USBD_LL_DataInStage
 .text.USBD_LL_Reset
                0x08007e9a       0xa6 ./Middlewares/ST/STM32_USB_Device_Library/Core/Src/usbd_core.o
                0x08007e9a                USBD_LL_Reset
 .text.USBD_LL_SetSpeed
                0x08007f40       0x20 ./Middlewares/ST/STM32_USB_Device_Library/Core/Src/usbd_core.o
                0x08007f40                USBD_LL_SetSpeed
 .text.USBD_LL_Suspend
                0x08007f60       0x38 ./Middlewares/ST/STM32_USB_Device_Library/Core/Src/usbd_core.o
                0x08007f60                USBD_LL_Suspend
 .text.USBD_LL_Resume
                0x08007f98       0x30 ./Middlewares/ST/STM32_USB_Device_Library/Core/Src/usbd_core.o
                0x08007f98                USBD_LL_Resume
 .text.USBD_LL_SOF
                0x08007fc8       0x40 ./Middlewares/ST/STM32_USB_Device_Library/Core/Src/usbd_core.o
                0x08007fc8                USBD_LL_SOF
 .text.USBD_LL_IsoINIncomplete
                0x08008008       0x64 ./Middlewares/ST/STM32_USB_Device_Library/Core/Src/usbd_core.o
                0x08008008                USBD_LL_IsoINIncomplete
 .text.USBD_LL_IsoOUTIncomplete
                0x0800806c       0x64 ./Middlewares/ST/STM32_USB_Device_Library/Core/Src/usbd_core.o
                0x0800806c                USBD_LL_IsoOUTIncomplete
 .text.USBD_LL_DevConnected
                0x080080d0       0x16 ./Middlewares/ST/STM32_USB_Device_Library/Core/Src/usbd_core.o
                0x080080d0                USBD_LL_DevConnected
 .text.USBD_LL_DevDisconnected
                0x080080e6       0x46 ./Middlewares/ST/STM32_USB_Device_Library/Core/Src/usbd_core.o
                0x080080e6                USBD_LL_DevDisconnected
 .text.USBD_CoreFindIF
                0x0800812c       0x1a ./Middlewares/ST/STM32_USB_Device_Library/Core/Src/usbd_core.o
                0x0800812c                USBD_CoreFindIF
 .text.USBD_CoreFindEP
                0x08008146       0x1a ./Middlewares/ST/STM32_USB_Device_Library/Core/Src/usbd_core.o
                0x08008146                USBD_CoreFindEP
 .text.USBD_GetEpDesc
                0x08008160       0x70 ./Middlewares/ST/STM32_USB_Device_Library/Core/Src/usbd_core.o
                0x08008160                USBD_GetEpDesc
 .text.USBD_GetNextDesc
                0x080081d0       0x38 ./Middlewares/ST/STM32_USB_Device_Library/Core/Src/usbd_core.o
                0x080081d0                USBD_GetNextDesc
 .text.SWAPBYTE
                0x08008208       0x3e ./Middlewares/ST/STM32_USB_Device_Library/Core/Src/usbd_ctlreq.o
 *fill*         0x08008246        0x2 
 .text.USBD_StdDevReq
                0x08008248       0xe4 ./Middlewares/ST/STM32_USB_Device_Library/Core/Src/usbd_ctlreq.o
                0x08008248                USBD_StdDevReq
 .text.USBD_StdItfReq
                0x0800832c       0xd8 ./Middlewares/ST/STM32_USB_Device_Library/Core/Src/usbd_ctlreq.o
                0x0800832c                USBD_StdItfReq
 .text.USBD_StdEPReq
                0x08008404      0x33e ./Middlewares/ST/STM32_USB_Device_Library/Core/Src/usbd_ctlreq.o
                0x08008404                USBD_StdEPReq
 *fill*         0x08008742        0x2 
 .text.USBD_GetDescriptor
                0x08008744      0x328 ./Middlewares/ST/STM32_USB_Device_Library/Core/Src/usbd_ctlreq.o
 .text.USBD_SetAddress
                0x08008a6c       0x88 ./Middlewares/ST/STM32_USB_Device_Library/Core/Src/usbd_ctlreq.o
 .text.USBD_SetConfig
                0x08008af4      0x154 ./Middlewares/ST/STM32_USB_Device_Library/Core/Src/usbd_ctlreq.o
 .text.USBD_GetConfig
                0x08008c48       0x6c ./Middlewares/ST/STM32_USB_Device_Library/Core/Src/usbd_ctlreq.o
 .text.USBD_GetStatus
                0x08008cb4       0x68 ./Middlewares/ST/STM32_USB_Device_Library/Core/Src/usbd_ctlreq.o
 .text.USBD_SetFeature
                0x08008d1c       0x52 ./Middlewares/ST/STM32_USB_Device_Library/Core/Src/usbd_ctlreq.o
 .text.USBD_ClrFeature
                0x08008d6e       0x44 ./Middlewares/ST/STM32_USB_Device_Library/Core/Src/usbd_ctlreq.o
 .text.USBD_ParseSetupRequest
                0x08008db2       0x74 ./Middlewares/ST/STM32_USB_Device_Library/Core/Src/usbd_ctlreq.o
                0x08008db2                USBD_ParseSetupRequest
 .text.USBD_CtlError
                0x08008e26       0x22 ./Middlewares/ST/STM32_USB_Device_Library/Core/Src/usbd_ctlreq.o
                0x08008e26                USBD_CtlError
 .text.USBD_GetString
                0x08008e48       0xa4 ./Middlewares/ST/STM32_USB_Device_Library/Core/Src/usbd_ctlreq.o
                0x08008e48                USBD_GetString
 .text.USBD_GetLen
                0x08008eec       0x34 ./Middlewares/ST/STM32_USB_Device_Library/Core/Src/usbd_ctlreq.o
 .text.USBD_CtlSendData
                0x08008f20       0x3c ./Middlewares/ST/STM32_USB_Device_Library/Core/Src/usbd_ioreq.o
                0x08008f20                USBD_CtlSendData
 .text.USBD_CtlContinueSendData
                0x08008f5c       0x22 ./Middlewares/ST/STM32_USB_Device_Library/Core/Src/usbd_ioreq.o
                0x08008f5c                USBD_CtlContinueSendData
 .text.USBD_CtlPrepareRx
                0x08008f7e       0x42 ./Middlewares/ST/STM32_USB_Device_Library/Core/Src/usbd_ioreq.o
                0x08008f7e                USBD_CtlPrepareRx
 .text.USBD_CtlContinueRx
                0x08008fc0       0x22 ./Middlewares/ST/STM32_USB_Device_Library/Core/Src/usbd_ioreq.o
                0x08008fc0                USBD_CtlContinueRx
 .text.USBD_CtlSendStatus
                0x08008fe2       0x26 ./Middlewares/ST/STM32_USB_Device_Library/Core/Src/usbd_ioreq.o
                0x08008fe2                USBD_CtlSendStatus
 .text.USBD_CtlReceiveStatus
                0x08009008       0x26 ./Middlewares/ST/STM32_USB_Device_Library/Core/Src/usbd_ioreq.o
                0x08009008                USBD_CtlReceiveStatus
 *fill*         0x0800902e        0x2 
 .text.MX_USB_DEVICE_Init
                0x08009030       0x64 ./USB_DEVICE/App/usb_device.o
                0x08009030                MX_USB_DEVICE_Init
 .text.CDC_Init_HS
                0x08009094       0x28 ./USB_DEVICE/App/usbd_cdc_if.o
 .text.CDC_DeInit_HS
                0x080090bc       0x10 ./USB_DEVICE/App/usbd_cdc_if.o
 .text.CDC_Control_HS
                0x080090cc       0xbc ./USB_DEVICE/App/usbd_cdc_if.o
 .text.CDC_Receive_HS
                0x08009188       0x28 ./USB_DEVICE/App/usbd_cdc_if.o
 .text.CDC_Transmit_HS
                0x080091b0       0x4c ./USB_DEVICE/App/usbd_cdc_if.o
                0x080091b0                CDC_Transmit_HS
 .text.CDC_TransmitCplt_HS
                0x080091fc       0x22 ./USB_DEVICE/App/usbd_cdc_if.o
 *fill*         0x0800921e        0x2 
 .text.USBD_HS_DeviceDescriptor
                0x08009220       0x24 ./USB_DEVICE/App/usbd_desc.o
                0x08009220                USBD_HS_DeviceDescriptor
 .text.USBD_HS_LangIDStrDescriptor
                0x08009244       0x24 ./USB_DEVICE/App/usbd_desc.o
                0x08009244                USBD_HS_LangIDStrDescriptor
 .text.USBD_HS_ProductStrDescriptor
                0x08009268       0x3c ./USB_DEVICE/App/usbd_desc.o
                0x08009268                USBD_HS_ProductStrDescriptor
 .text.USBD_HS_ManufacturerStrDescriptor
                0x080092a4       0x28 ./USB_DEVICE/App/usbd_desc.o
                0x080092a4                USBD_HS_ManufacturerStrDescriptor
 .text.USBD_HS_SerialStrDescriptor
                0x080092cc       0x24 ./USB_DEVICE/App/usbd_desc.o
                0x080092cc                USBD_HS_SerialStrDescriptor
 .text.USBD_HS_ConfigStrDescriptor
                0x080092f0       0x3c ./USB_DEVICE/App/usbd_desc.o
                0x080092f0                USBD_HS_ConfigStrDescriptor
 .text.USBD_HS_InterfaceStrDescriptor
                0x0800932c       0x3c ./USB_DEVICE/App/usbd_desc.o
                0x0800932c                USBD_HS_InterfaceStrDescriptor
 .text.Get_SerialNum
                0x08009368       0x58 ./USB_DEVICE/App/usbd_desc.o
 .text.IntToUnicode
                0x080093c0       0x7e ./USB_DEVICE/App/usbd_desc.o
 *fill*         0x0800943e        0x2 
 .text.HAL_PCD_MspInit
                0x08009440       0x8c ./USB_DEVICE/Target/usbd_conf.o
                0x08009440                HAL_PCD_MspInit
 .text.HAL_PCD_SetupStageCallback
                0x080094cc       0x24 ./USB_DEVICE/Target/usbd_conf.o
                0x080094cc                HAL_PCD_SetupStageCallback
 .text.HAL_PCD_DataOutStageCallback
                0x080094f0       0x36 ./USB_DEVICE/Target/usbd_conf.o
                0x080094f0                HAL_PCD_DataOutStageCallback
 .text.HAL_PCD_DataInStageCallback
                0x08009526       0x34 ./USB_DEVICE/Target/usbd_conf.o
                0x08009526                HAL_PCD_DataInStageCallback
 .text.HAL_PCD_SOFCallback
                0x0800955a       0x1c ./USB_DEVICE/Target/usbd_conf.o
                0x0800955a                HAL_PCD_SOFCallback
 .text.HAL_PCD_ResetCallback
                0x08009576       0x50 ./USB_DEVICE/Target/usbd_conf.o
                0x08009576                HAL_PCD_ResetCallback
 *fill*         0x080095c6        0x2 
 .text.HAL_PCD_SuspendCallback
                0x080095c8       0x4c ./USB_DEVICE/Target/usbd_conf.o
                0x080095c8                HAL_PCD_SuspendCallback
 .text.HAL_PCD_ResumeCallback
                0x08009614       0x1c ./USB_DEVICE/Target/usbd_conf.o
                0x08009614                HAL_PCD_ResumeCallback
 .text.HAL_PCD_ISOOUTIncompleteCallback
                0x08009630       0x24 ./USB_DEVICE/Target/usbd_conf.o
                0x08009630                HAL_PCD_ISOOUTIncompleteCallback
 .text.HAL_PCD_ISOINIncompleteCallback
                0x08009654       0x24 ./USB_DEVICE/Target/usbd_conf.o
                0x08009654                HAL_PCD_ISOINIncompleteCallback
 .text.HAL_PCD_ConnectCallback
                0x08009678       0x1c ./USB_DEVICE/Target/usbd_conf.o
                0x08009678                HAL_PCD_ConnectCallback
 .text.HAL_PCD_DisconnectCallback
                0x08009694       0x1c ./USB_DEVICE/Target/usbd_conf.o
                0x08009694                HAL_PCD_DisconnectCallback
 .text.USBD_LL_Init
                0x080096b0       0xa4 ./USB_DEVICE/Target/usbd_conf.o
                0x080096b0                USBD_LL_Init
 .text.USBD_LL_Start
                0x08009754       0x36 ./USB_DEVICE/Target/usbd_conf.o
                0x08009754                USBD_LL_Start
 .text.USBD_LL_OpenEP
                0x0800978a       0x4c ./USB_DEVICE/Target/usbd_conf.o
                0x0800978a                USBD_LL_OpenEP
 .text.USBD_LL_CloseEP
                0x080097d6       0x3e ./USB_DEVICE/Target/usbd_conf.o
                0x080097d6                USBD_LL_CloseEP
 .text.USBD_LL_StallEP
                0x08009814       0x3e ./USB_DEVICE/Target/usbd_conf.o
                0x08009814                USBD_LL_StallEP
 .text.USBD_LL_ClearStallEP
                0x08009852       0x3e ./USB_DEVICE/Target/usbd_conf.o
                0x08009852                USBD_LL_ClearStallEP
 .text.USBD_LL_IsStallEP
                0x08009890       0x58 ./USB_DEVICE/Target/usbd_conf.o
                0x08009890                USBD_LL_IsStallEP
 .text.USBD_LL_SetUSBAddress
                0x080098e8       0x3e ./USB_DEVICE/Target/usbd_conf.o
                0x080098e8                USBD_LL_SetUSBAddress
 .text.USBD_LL_Transmit
                0x08009926       0x42 ./USB_DEVICE/Target/usbd_conf.o
                0x08009926                USBD_LL_Transmit
 .text.USBD_LL_PrepareReceive
                0x08009968       0x42 ./USB_DEVICE/Target/usbd_conf.o
                0x08009968                USBD_LL_PrepareReceive
 .text.USBD_LL_GetRxDataSize
                0x080099aa       0x26 ./USB_DEVICE/Target/usbd_conf.o
                0x080099aa                USBD_LL_GetRxDataSize
 .text.USBD_static_malloc
                0x080099d0       0x1c ./USB_DEVICE/Target/usbd_conf.o
                0x080099d0                USBD_static_malloc
 .text.USBD_static_free
                0x080099ec       0x14 ./USB_DEVICE/Target/usbd_conf.o
                0x080099ec                USBD_static_free
 .text.USBD_Get_USB_Status
                0x08009a00       0x58 ./USB_DEVICE/Target/usbd_conf.o
                0x08009a00                USBD_Get_USB_Status
 .text.sprintf  0x08009a58       0x44 C:/ST/STM32CubeIDE_2.2.0/STM32CubeIDE/plugins/com.st.stm32cube.ide.mcu.externaltools.gnu-tools-for-stm32.14.3.rel1.win32_1.0.100.202602081740/tools/bin/../lib/gcc/arm-none-eabi/14.3.1/../../../../arm-none-eabi/lib/thumb/v7e-m+dp/hard\libc_nano.a(libc_a-sprintf.o)
                0x08009a58                siprintf
                0x08009a58                sprintf
 .text.memset   0x08009a9c       0x10 C:/ST/STM32CubeIDE_2.2.0/STM32CubeIDE/plugins/com.st.stm32cube.ide.mcu.externaltools.gnu-tools-for-stm32.14.3.rel1.win32_1.0.100.202602081740/tools/bin/../lib/gcc/arm-none-eabi/14.3.1/../../../../arm-none-eabi/lib/thumb/v7e-m+dp/hard\libc_nano.a(libc_a-memset.o)
                0x08009a9c                memset
 .text.__errno  0x08009aac        0xc C:/ST/STM32CubeIDE_2.2.0/STM32CubeIDE/plugins/com.st.stm32cube.ide.mcu.externaltools.gnu-tools-for-stm32.14.3.rel1.win32_1.0.100.202602081740/tools/bin/../lib/gcc/arm-none-eabi/14.3.1/../../../../arm-none-eabi/lib/thumb/v7e-m+dp/hard\libc_nano.a(libc_a-errno.o)
                0x08009aac                __errno
 .text.__libc_init_array
                0x08009ab8       0x48 C:/ST/STM32CubeIDE_2.2.0/STM32CubeIDE/plugins/com.st.stm32cube.ide.mcu.externaltools.gnu-tools-for-stm32.14.3.rel1.win32_1.0.100.202602081740/tools/bin/../lib/gcc/arm-none-eabi/14.3.1/../../../../arm-none-eabi/lib/thumb/v7e-m+dp/hard\libc_nano.a(libc_a-init.o)
                0x08009ab8                __libc_init_array
 .text.__retarget_lock_acquire_recursive
                0x08009b00        0x2 C:/ST/STM32CubeIDE_2.2.0/STM32CubeIDE/plugins/com.st.stm32cube.ide.mcu.externaltools.gnu-tools-for-stm32.14.3.rel1.win32_1.0.100.202602081740/tools/bin/../lib/gcc/arm-none-eabi/14.3.1/../../../../arm-none-eabi/lib/thumb/v7e-m+dp/hard\libc_nano.a(libc_a-lock.o)
                0x08009b00                __retarget_lock_acquire_recursive
 .text.__retarget_lock_release_recursive
                0x08009b02        0x2 C:/ST/STM32CubeIDE_2.2.0/STM32CubeIDE/plugins/com.st.stm32cube.ide.mcu.externaltools.gnu-tools-for-stm32.14.3.rel1.win32_1.0.100.202602081740/tools/bin/../lib/gcc/arm-none-eabi/14.3.1/../../../../arm-none-eabi/lib/thumb/v7e-m+dp/hard\libc_nano.a(libc_a-lock.o)
                0x08009b02                __retarget_lock_release_recursive
 .text._free_r  0x08009b04       0x94 C:/ST/STM32CubeIDE_2.2.0/STM32CubeIDE/plugins/com.st.stm32cube.ide.mcu.externaltools.gnu-tools-for-stm32.14.3.rel1.win32_1.0.100.202602081740/tools/bin/../lib/gcc/arm-none-eabi/14.3.1/../../../../arm-none-eabi/lib/thumb/v7e-m+dp/hard\libc_nano.a(libc_a-freer.o)
                0x08009b04                _free_r
 .text.sbrk_aligned
                0x08009b98       0x44 C:/ST/STM32CubeIDE_2.2.0/STM32CubeIDE/plugins/com.st.stm32cube.ide.mcu.externaltools.gnu-tools-for-stm32.14.3.rel1.win32_1.0.100.202602081740/tools/bin/../lib/gcc/arm-none-eabi/14.3.1/../../../../arm-none-eabi/lib/thumb/v7e-m+dp/hard\libc_nano.a(libc_a-mallocr.o)
 .text._malloc_r
                0x08009bdc      0x100 C:/ST/STM32CubeIDE_2.2.0/STM32CubeIDE/plugins/com.st.stm32cube.ide.mcu.externaltools.gnu-tools-for-stm32.14.3.rel1.win32_1.0.100.202602081740/tools/bin/../lib/gcc/arm-none-eabi/14.3.1/../../../../arm-none-eabi/lib/thumb/v7e-m+dp/hard\libc_nano.a(libc_a-mallocr.o)
                0x08009bdc                _malloc_r
 .text.__malloc_lock
                0x08009cdc        0xc C:/ST/STM32CubeIDE_2.2.0/STM32CubeIDE/plugins/com.st.stm32cube.ide.mcu.externaltools.gnu-tools-for-stm32.14.3.rel1.win32_1.0.100.202602081740/tools/bin/../lib/gcc/arm-none-eabi/14.3.1/../../../../arm-none-eabi/lib/thumb/v7e-m+dp/hard\libc_nano.a(libc_a-mlock.o)
                0x08009cdc                __malloc_lock
 .text.__malloc_unlock
                0x08009ce8        0xc C:/ST/STM32CubeIDE_2.2.0/STM32CubeIDE/plugins/com.st.stm32cube.ide.mcu.externaltools.gnu-tools-for-stm32.14.3.rel1.win32_1.0.100.202602081740/tools/bin/../lib/gcc/arm-none-eabi/14.3.1/../../../../arm-none-eabi/lib/thumb/v7e-m+dp/hard\libc_nano.a(libc_a-mlock.o)
                0x08009ce8                __malloc_unlock
 .text.__ssputs_r
                0x08009cf4       0xc0 C:/ST/STM32CubeIDE_2.2.0/STM32CubeIDE/plugins/com.st.stm32cube.ide.mcu.externaltools.gnu-tools-for-stm32.14.3.rel1.win32_1.0.100.202602081740/tools/bin/../lib/gcc/arm-none-eabi/14.3.1/../../../../arm-none-eabi/lib/thumb/v7e-m+dp/hard\libc_nano.a(libc_a-nano-svfprintf.o)
                0x08009cf4                __ssputs_r
 .text._svfprintf_r
                0x08009db4      0x1f0 C:/ST/STM32CubeIDE_2.2.0/STM32CubeIDE/plugins/com.st.stm32cube.ide.mcu.externaltools.gnu-tools-for-stm32.14.3.rel1.win32_1.0.100.202602081740/tools/bin/../lib/gcc/arm-none-eabi/14.3.1/../../../../arm-none-eabi/lib/thumb/v7e-m+dp/hard\libc_nano.a(libc_a-nano-svfprintf.o)
                0x08009db4                _svfiprintf_r
                0x08009db4                _svfprintf_r
 .text._printf_common
                0x08009fa4       0xda C:/ST/STM32CubeIDE_2.2.0/STM32CubeIDE/plugins/com.st.stm32cube.ide.mcu.externaltools.gnu-tools-for-stm32.14.3.rel1.win32_1.0.100.202602081740/tools/bin/../lib/gcc/arm-none-eabi/14.3.1/../../../../arm-none-eabi/lib/thumb/v7e-m+dp/hard\libc_nano.a(libc_a-nano-vfprintf_i.o)
                0x08009fa4                _printf_common
 *fill*         0x0800a07e        0x2 
 .text._printf_i
                0x0800a080      0x24c C:/ST/STM32CubeIDE_2.2.0/STM32CubeIDE/plugins/com.st.stm32cube.ide.mcu.externaltools.gnu-tools-for-stm32.14.3.rel1.win32_1.0.100.202602081740/tools/bin/../lib/gcc/arm-none-eabi/14.3.1/../../../../arm-none-eabi/lib/thumb/v7e-m+dp/hard\libc_nano.a(libc_a-nano-vfprintf_i.o)
                0x0800a080                _printf_i
 .text.memmove  0x0800a2cc       0x32 C:/ST/STM32CubeIDE_2.2.0/STM32CubeIDE/plugins/com.st.stm32cube.ide.mcu.externaltools.gnu-tools-for-stm32.14.3.rel1.win32_1.0.100.202602081740/tools/bin/../lib/gcc/arm-none-eabi/14.3.1/../../../../arm-none-eabi/lib/thumb/v7e-m+dp/hard\libc_nano.a(libc_a-memmove.o)
                0x0800a2cc                memmove
 *fill*         0x0800a2fe        0x2 
 .text._sbrk_r  0x0800a300       0x20 C:/ST/STM32CubeIDE_2.2.0/STM32CubeIDE/plugins/com.st.stm32cube.ide.mcu.externaltools.gnu-tools-for-stm32.14.3.rel1.win32_1.0.100.202602081740/tools/bin/../lib/gcc/arm-none-eabi/14.3.1/../../../../arm-none-eabi/lib/thumb/v7e-m+dp/hard\libc_nano.a(libc_a-sbrkr.o)
                0x0800a300                _sbrk_r
 .text.memcpy   0x0800a320       0x1c C:/ST/STM32CubeIDE_2.2.0/STM32CubeIDE/plugins/com.st.stm32cube.ide.mcu.externaltools.gnu-tools-for-stm32.14.3.rel1.win32_1.0.100.202602081740/tools/bin/../lib/gcc/arm-none-eabi/14.3.1/../../../../arm-none-eabi/lib/thumb/v7e-m+dp/hard\libc_nano.a(libc_a-memcpy-stub.o)
                0x0800a320                memcpy
 .text._realloc_r
                0x0800a33c       0x5c C:/ST/STM32CubeIDE_2.2.0/STM32CubeIDE/plugins/com.st.stm32cube.ide.mcu.externaltools.gnu-tools-for-stm32.14.3.rel1.win32_1.0.100.202602081740/tools/bin/../lib/gcc/arm-none-eabi/14.3.1/../../../../arm-none-eabi/lib/thumb/v7e-m+dp/hard\libc_nano.a(libc_a-reallocr.o)
                0x0800a33c                _realloc_r
 .text._malloc_usable_size_r
                0x0800a398       0x10 C:/ST/STM32CubeIDE_2.2.0/STM32CubeIDE/plugins/com.st.stm32cube.ide.mcu.externaltools.gnu-tools-for-stm32.14.3.rel1.win32_1.0.100.202602081740/tools/bin/../lib/gcc/arm-none-eabi/14.3.1/../../../../arm-none-eabi/lib/thumb/v7e-m+dp/hard\libc_nano.a(libc_a-msizer.o)
                0x0800a398                _malloc_usable_size_r
 *(.glue_7)
 .glue_7        0x0800a3a8        0x0 linker stubs
 *(.glue_7t)
 .glue_7t       0x0800a3a8        0x0 linker stubs
 *(.eh_frame)
 .eh_frame      0x0800a3a8        0x0 C:/ST/STM32CubeIDE_2.2.0/STM32CubeIDE/plugins/com.st.stm32cube.ide.mcu.externaltools.gnu-tools-for-stm32.14.3.rel1.win32_1.0.100.202602081740/tools/bin/../lib/gcc/arm-none-eabi/14.3.1/thumb/v7e-m+dp/hard/crtbegin.o
 *(.init)
 .init          0x0800a3a8        0x4 C:/ST/STM32CubeIDE_2.2.0/STM32CubeIDE/plugins/com.st.stm32cube.ide.mcu.externaltools.gnu-tools-for-stm32.14.3.rel1.win32_1.0.100.202602081740/tools/bin/../lib/gcc/arm-none-eabi/14.3.1/thumb/v7e-m+dp/hard/crti.o
                0x0800a3a8                _init
 .init          0x0800a3ac        0x8 C:/ST/STM32CubeIDE_2.2.0/STM32CubeIDE/plugins/com.st.stm32cube.ide.mcu.externaltools.gnu-tools-for-stm32.14.3.rel1.win32_1.0.100.202602081740/tools/bin/../lib/gcc/arm-none-eabi/14.3.1/thumb/v7e-m+dp/hard/crtn.o
 *(.fini)
 .fini          0x0800a3b4        0x4 C:/ST/STM32CubeIDE_2.2.0/STM32CubeIDE/plugins/com.st.stm32cube.ide.mcu.externaltools.gnu-tools-for-stm32.14.3.rel1.win32_1.0.100.202602081740/tools/bin/../lib/gcc/arm-none-eabi/14.3.1/thumb/v7e-m+dp/hard/crti.o
                0x0800a3b4                _fini
 .fini          0x0800a3b8        0x8 C:/ST/STM32CubeIDE_2.2.0/STM32CubeIDE/plugins/com.st.stm32cube.ide.mcu.externaltools.gnu-tools-for-stm32.14.3.rel1.win32_1.0.100.202602081740/tools/bin/../lib/gcc/arm-none-eabi/14.3.1/thumb/v7e-m+dp/hard/crtn.o
                0x0800a3c0                        . = ALIGN (0x4)
                0x0800a3c0                        _etext = .

.vfp11_veneer   0x0800a3c0        0x0
 .vfp11_veneer  0x0800a3c0        0x0 linker stubs

.v4_bx          0x0800a3c0        0x0
 .v4_bx         0x0800a3c0        0x0 linker stubs

.iplt           0x0800a3c0        0x0
 .iplt          0x0800a3c0        0x0 C:/ST/STM32CubeIDE_2.2.0/STM32CubeIDE/plugins/com.st.stm32cube.ide.mcu.externaltools.gnu-tools-for-stm32.14.3.rel1.win32_1.0.100.202602081740/tools/bin/../lib/gcc/arm-none-eabi/14.3.1/thumb/v7e-m+dp/hard/crtbegin.o

.rodata         0x0800a3c0       0x94
                0x0800a3c0                        . = ALIGN (0x4)
 *(.rodata)
 *(.rodata*)
 .rodata.main.str1.4
                0x0800a3c0       0x4e ./Core/Src/main.o
                                  0x7 (size before relaxing)
 *fill*         0x0800a40e        0x2 
 .rodata.D1CorePrescTable
                0x0800a410       0x10 ./Core/Src/system_stm32h7xx.o
                0x0800a410                D1CorePrescTable
 .rodata.USBD_HS_ProductStrDescriptor.str1.4
                0x0800a420       0x16 ./USB_DEVICE/App/usbd_desc.o
 .rodata.USBD_HS_ManufacturerStrDescriptor.str1.4
                0x0800a420       0x13 ./USB_DEVICE/App/usbd_desc.o
 .rodata.USBD_HS_ConfigStrDescriptor.str1.4
                0x0800a420        0xb ./USB_DEVICE/App/usbd_desc.o
 .rodata.USBD_HS_InterfaceStrDescriptor.str1.4
                0x0800a420        0xe ./USB_DEVICE/App/usbd_desc.o
 .rodata._svfprintf_r.str1.1
                0x0800a420       0x33 C:/ST/STM32CubeIDE_2.2.0/STM32CubeIDE/plugins/com.st.stm32cube.ide.mcu.externaltools.gnu-tools-for-stm32.14.3.rel1.win32_1.0.100.202602081740/tools/bin/../lib/gcc/arm-none-eabi/14.3.1/../../../../arm-none-eabi/lib/thumb/v7e-m+dp/hard\libc_nano.a(libc_a-nano-svfprintf.o)
                                 0x11 (size before relaxing)
 .rodata._printf_i.str1.1
                0x0800a453       0x22 C:/ST/STM32CubeIDE_2.2.0/STM32CubeIDE/plugins/com.st.stm32cube.ide.mcu.externaltools.gnu-tools-for-stm32.14.3.rel1.win32_1.0.100.202602081740/tools/bin/../lib/gcc/arm-none-eabi/14.3.1/../../../../arm-none-eabi/lib/thumb/v7e-m+dp/hard\libc_nano.a(libc_a-nano-vfprintf_i.o)
                0x0800a478                        . = ALIGN (0x4)
 *fill*         0x0800a453        0x1 

.ARM.extab
 *(.ARM.extab* .gnu.linkonce.armextab.*)

.ARM            0x0800a454        0x8
                0x0800a454                        __exidx_start = .
 *(.ARM.exidx*)
 .ARM.exidx     0x0800a454        0x8 C:/ST/STM32CubeIDE_2.2.0/STM32CubeIDE/plugins/com.st.stm32cube.ide.mcu.externaltools.gnu-tools-for-stm32.14.3.rel1.win32_1.0.100.202602081740/tools/bin/../lib/gcc/arm-none-eabi/14.3.1/../../../../arm-none-eabi/lib/thumb/v7e-m+dp/hard\libc_nano.a(libc_a-memchr.o)
                0x0800a45c                        __exidx_end = .

.preinit_array  0x0800a45c        0x0
                0x0800a45c                        PROVIDE (__preinit_array_start = .)
 *(.preinit_array*)
                0x0800a45c                        PROVIDE (__preinit_array_end = .)

.init_array     0x0800a45c        0x4
                0x0800a45c                        PROVIDE (__init_array_start = .)
 *(SORT_BY_NAME(.init_array.*))
 *(.init_array*)
 .init_array    0x0800a45c        0x4 C:/ST/STM32CubeIDE_2.2.0/STM32CubeIDE/plugins/com.st.stm32cube.ide.mcu.externaltools.gnu-tools-for-stm32.14.3.rel1.win32_1.0.100.202602081740/tools/bin/../lib/gcc/arm-none-eabi/14.3.1/thumb/v7e-m+dp/hard/crtbegin.o
                0x0800a460                        PROVIDE (__init_array_end = .)

.fini_array     0x0800a460        0x4
                [!provide]                        PROVIDE (__fini_array_start = .)
 *(SORT_BY_NAME(.fini_array.*))
 *(.fini_array*)
 .fini_array    0x0800a460        0x4 C:/ST/STM32CubeIDE_2.2.0/STM32CubeIDE/plugins/com.st.stm32cube.ide.mcu.externaltools.gnu-tools-for-stm32.14.3.rel1.win32_1.0.100.202602081740/tools/bin/../lib/gcc/arm-none-eabi/14.3.1/thumb/v7e-m+dp/hard/crtbegin.o
                [!provide]                        PROVIDE (__fini_array_end = .)
                0x0800a464                        _sidata = LOADADDR (.data)

.rel.dyn        0x0800a464        0x0
 .rel.iplt      0x0800a464        0x0 C:/ST/STM32CubeIDE_2.2.0/STM32CubeIDE/plugins/com.st.stm32cube.ide.mcu.externaltools.gnu-tools-for-stm32.14.3.rel1.win32_1.0.100.202602081740/tools/bin/../lib/gcc/arm-none-eabi/14.3.1/thumb/v7e-m+dp/hard/crtbegin.o

.data           0x24000000      0x154 load address 0x0800a464
                0x24000000                        . = ALIGN (0x4)
                0x24000000                        _sdata = .
 *(.data)
 *(.data*)
 .data.SystemCoreClock
                0x24000000        0x4 ./Core/Src/system_stm32h7xx.o
                0x24000000                SystemCoreClock
 .data.SystemD2Clock
                0x24000004        0x4 ./Core/Src/system_stm32h7xx.o
                0x24000004                SystemD2Clock
 .data.uwTickPrio
                0x24000008        0x4 ./Drivers/STM32H7xx_HAL_Driver/Src/stm32h7xx_hal.o
                0x24000008                uwTickPrio
 .data.uwTickFreq
                0x2400000c        0x1 ./Drivers/STM32H7xx_HAL_Driver/Src/stm32h7xx_hal.o
                0x2400000c                uwTickFreq
 *fill*         0x2400000d        0x3 
 .data.USBD_CDC_DeviceQualifierDesc
                0x24000010        0xa ./Middlewares/ST/STM32_USB_Device_Library/Class/CDC/Src/usbd_cdc.o
 *fill*         0x2400001a        0x2 
 .data.USBD_CDC
                0x2400001c       0x38 ./Middlewares/ST/STM32_USB_Device_Library/Class/CDC/Src/usbd_cdc.o
                0x2400001c                USBD_CDC
 .data.USBD_CDC_CfgDesc
                0x24000054       0x43 ./Middlewares/ST/STM32_USB_Device_Library/Class/CDC/Src/usbd_cdc.o
 .data.CDCInEpAdd
                0x24000097        0x1 ./Middlewares/ST/STM32_USB_Device_Library/Class/CDC/Src/usbd_cdc.o
 .data.CDCOutEpAdd
                0x24000098        0x1 ./Middlewares/ST/STM32_USB_Device_Library/Class/CDC/Src/usbd_cdc.o
 .data.CDCCmdEpAdd
                0x24000099        0x1 ./Middlewares/ST/STM32_USB_Device_Library/Class/CDC/Src/usbd_cdc.o
 *fill*         0x2400009a        0x2 
 .data.USBD_Interface_fops_HS
                0x2400009c       0x14 ./USB_DEVICE/App/usbd_cdc_if.o
                0x2400009c                USBD_Interface_fops_HS
 .data.HS_Desc  0x240000b0       0x20 ./USB_DEVICE/App/usbd_desc.o
                0x240000b0                HS_Desc
 .data.USBD_HS_DeviceDesc
                0x240000d0       0x12 ./USB_DEVICE/App/usbd_desc.o
                0x240000d0                USBD_HS_DeviceDesc
 *fill*         0x240000e2        0x2 
 .data.USBD_LangIDDesc
                0x240000e4        0x4 ./USB_DEVICE/App/usbd_desc.o
                0x240000e4                USBD_LangIDDesc
 .data.USBD_StringSerial
                0x240000e8       0x1a ./USB_DEVICE/App/usbd_desc.o
                0x240000e8                USBD_StringSerial
 *fill*         0x24000102        0x2 
 .data._impure_ptr
                0x24000104        0x4 C:/ST/STM32CubeIDE_2.2.0/STM32CubeIDE/plugins/com.st.stm32cube.ide.mcu.externaltools.gnu-tools-for-stm32.14.3.rel1.win32_1.0.100.202602081740/tools/bin/../lib/gcc/arm-none-eabi/14.3.1/../../../../arm-none-eabi/lib/thumb/v7e-m+dp/hard\libc_nano.a(libc_a-impure.o)
                0x24000104                _impure_ptr
 .data._impure_data
                0x24000108       0x4c C:/ST/STM32CubeIDE_2.2.0/STM32CubeIDE/plugins/com.st.stm32cube.ide.mcu.externaltools.gnu-tools-for-stm32.14.3.rel1.win32_1.0.100.202602081740/tools/bin/../lib/gcc/arm-none-eabi/14.3.1/../../../../arm-none-eabi/lib/thumb/v7e-m+dp/hard\libc_nano.a(libc_a-impure.o)
                0x24000108                _impure_data
 *(.RamFunc)
 *(.RamFunc*)
                0x24000154                        . = ALIGN (0x4)
                0x24000154                        _edata = .

.igot.plt       0x24000154        0x0 load address 0x0800a5b8
 .igot.plt      0x24000154        0x0 C:/ST/STM32CubeIDE_2.2.0/STM32CubeIDE/plugins/com.st.stm32cube.ide.mcu.externaltools.gnu-tools-for-stm32.14.3.rel1.win32_1.0.100.202602081740/tools/bin/../lib/gcc/arm-none-eabi/14.3.1/thumb/v7e-m+dp/hard/crtbegin.o
                0x24000154                        . = ALIGN (0x4)

.bss            0x24000154     0x218c load address 0x0800a5b8
                0x24000154                        _sbss = .
                0x24000154                        __bss_start__ = _sbss
 *(.bss)
 .bss           0x24000154       0x1c C:/ST/STM32CubeIDE_2.2.0/STM32CubeIDE/plugins/com.st.stm32cube.ide.mcu.externaltools.gnu-tools-for-stm32.14.3.rel1.win32_1.0.100.202602081740/tools/bin/../lib/gcc/arm-none-eabi/14.3.1/thumb/v7e-m+dp/hard/crtbegin.o
 *(.bss*)
 .bss.htim1     0x24000170       0x4c ./Core/Src/main.o
                0x24000170                htim1
 .bss.sample    0x240001bc      0x3e8 ./Core/Src/main.o
                0x240001bc                sample
 .bss.sample_index
                0x240005a4        0x4 ./Core/Src/main.o
                0x240005a4                sample_index
 .bss.capture_done
                0x240005a8        0x1 ./Core/Src/main.o
                0x240005a8                capture_done
 *fill*         0x240005a9        0x3 
 .bss.__sbrk_heap_end
                0x240005ac        0x4 ./Core/Src/sysmem.o
 .bss.uwTick    0x240005b0        0x4 ./Drivers/STM32H7xx_HAL_Driver/Src/stm32h7xx_hal.o
                0x240005b0                uwTick
 .bss.cfgidx.0  0x240005b4        0x1 ./Middlewares/ST/STM32_USB_Device_Library/Core/Src/usbd_ctlreq.o
 *fill*         0x240005b5        0x3 
 .bss.hUsbDeviceHS
                0x240005b8      0x2dc ./USB_DEVICE/App/usb_device.o
                0x240005b8                hUsbDeviceHS
 .bss.UserRxBufferHS
                0x24000894      0x800 ./USB_DEVICE/App/usbd_cdc_if.o
                0x24000894                UserRxBufferHS
 .bss.UserTxBufferHS
                0x24001094      0x800 ./USB_DEVICE/App/usbd_cdc_if.o
                0x24001094                UserTxBufferHS
 .bss.USBD_StrDesc
                0x24001894      0x200 ./USB_DEVICE/App/usbd_desc.o
                0x24001894                USBD_StrDesc
 .bss.hpcd_USB_OTG_HS
                0x24001a94      0x4e4 ./USB_DEVICE/Target/usbd_conf.o
                0x24001a94                hpcd_USB_OTG_HS
 .bss.mem.0     0x24001f78      0x220 ./USB_DEVICE/Target/usbd_conf.o
 .bss.__sf      0x24002198      0x138 C:/ST/STM32CubeIDE_2.2.0/STM32CubeIDE/plugins/com.st.stm32cube.ide.mcu.externaltools.gnu-tools-for-stm32.14.3.rel1.win32_1.0.100.202602081740/tools/bin/../lib/gcc/arm-none-eabi/14.3.1/../../../../arm-none-eabi/lib/thumb/v7e-m+dp/hard\libc_nano.a(libc_a-findfp.o)
                0x24002198                __sf
 .bss.errno     0x240022d0        0x4 C:/ST/STM32CubeIDE_2.2.0/STM32CubeIDE/plugins/com.st.stm32cube.ide.mcu.externaltools.gnu-tools-for-stm32.14.3.rel1.win32_1.0.100.202602081740/tools/bin/../lib/gcc/arm-none-eabi/14.3.1/../../../../arm-none-eabi/lib/thumb/v7e-m+dp/hard\libc_nano.a(libc_a-reent.o)
                0x240022d0                errno
 .bss.__lock___malloc_recursive_mutex
                0x240022d4        0x1 C:/ST/STM32CubeIDE_2.2.0/STM32CubeIDE/plugins/com.st.stm32cube.ide.mcu.externaltools.gnu-tools-for-stm32.14.3.rel1.win32_1.0.100.202602081740/tools/bin/../lib/gcc/arm-none-eabi/14.3.1/../../../../arm-none-eabi/lib/thumb/v7e-m+dp/hard\libc_nano.a(libc_a-lock.o)
                0x240022d4                __lock___malloc_recursive_mutex
 *fill*         0x240022d5        0x3 
 .bss.__malloc_sbrk_start
                0x240022d8        0x4 C:/ST/STM32CubeIDE_2.2.0/STM32CubeIDE/plugins/com.st.stm32cube.ide.mcu.externaltools.gnu-tools-for-stm32.14.3.rel1.win32_1.0.100.202602081740/tools/bin/../lib/gcc/arm-none-eabi/14.3.1/../../../../arm-none-eabi/lib/thumb/v7e-m+dp/hard\libc_nano.a(libc_a-mallocr.o)
                0x240022d8                __malloc_sbrk_start
 .bss.__malloc_free_list
                0x240022dc        0x4 C:/ST/STM32CubeIDE_2.2.0/STM32CubeIDE/plugins/com.st.stm32cube.ide.mcu.externaltools.gnu-tools-for-stm32.14.3.rel1.win32_1.0.100.202602081740/tools/bin/../lib/gcc/arm-none-eabi/14.3.1/../../../../arm-none-eabi/lib/thumb/v7e-m+dp/hard\libc_nano.a(libc_a-mallocr.o)
                0x240022dc                __malloc_free_list
 *(COMMON)
                0x240022e0                        . = ALIGN (0x4)
                0x240022e0                        _ebss = .
                0x240022e0                        __bss_end__ = _ebss

._user_heap_stack
                0x240022e0      0x600 load address 0x0800a5b8
                0x240022e0                        . = ALIGN (0x8)
                [!provide]                        PROVIDE (end = .)
                0x240022e0                        PROVIDE (_end = .)
                0x240024e0                        . = (. + _Min_Heap_Size)
 *fill*         0x240022e0      0x200 
                0x240028e0                        . = (. + _Min_Stack_Size)
 *fill*         0x240024e0      0x400 
                0x240028e0                        . = ALIGN (0x8)

/DISCARD/
 libc.a(*)
 libm.a(*)
 libgcc.a(*)

.ARM.attributes
                0x00000000       0x2e
 *(.ARM.attributes)
 .ARM.attributes
                0x00000000       0x20 C:/ST/STM32CubeIDE_2.2.0/STM32CubeIDE/plugins/com.st.stm32cube.ide.mcu.externaltools.gnu-tools-for-stm32.14.3.rel1.win32_1.0.100.202602081740/tools/bin/../lib/gcc/arm-none-eabi/14.3.1/thumb/v7e-m+dp/hard/crti.o
 .ARM.attributes
                0x00000020       0x32 C:/ST/STM32CubeIDE_2.2.0/STM32CubeIDE/plugins/com.st.stm32cube.ide.mcu.externaltools.gnu-tools-for-stm32.14.3.rel1.win32_1.0.100.202602081740/tools/bin/../lib/gcc/arm-none-eabi/14.3.1/thumb/v7e-m+dp/hard/crtbegin.o
 .ARM.attributes
                0x00000052       0x32 ./Core/Src/main.o
 .ARM.attributes
                0x00000084       0x32 ./Core/Src/stm32h7xx_hal_msp.o
 .ARM.attributes
                0x000000b6       0x32 ./Core/Src/stm32h7xx_it.o
 .ARM.attributes
                0x000000e8       0x32 ./Core/Src/sysmem.o
 .ARM.attributes
                0x0000011a       0x32 ./Core/Src/system_stm32h7xx.o
 .ARM.attributes
                0x0000014c       0x21 ./Core/Startup/startup_stm32h723zgtx.o
 .ARM.attributes
                0x0000016d       0x32 ./Drivers/STM32H7xx_HAL_Driver/Src/stm32h7xx_hal.o
 .ARM.attributes
                0x0000019f       0x32 ./Drivers/STM32H7xx_HAL_Driver/Src/stm32h7xx_hal_cortex.o
 .ARM.attributes
                0x000001d1       0x32 ./Drivers/STM32H7xx_HAL_Driver/Src/stm32h7xx_hal_gpio.o
 .ARM.attributes
                0x00000203       0x32 ./Drivers/STM32H7xx_HAL_Driver/Src/stm32h7xx_hal_pcd.o
 .ARM.attributes
                0x00000235       0x32 ./Drivers/STM32H7xx_HAL_Driver/Src/stm32h7xx_hal_pcd_ex.o
 .ARM.attributes
                0x00000267       0x32 ./Drivers/STM32H7xx_HAL_Driver/Src/stm32h7xx_hal_pwr_ex.o
 .ARM.attributes
                0x00000299       0x32 ./Drivers/STM32H7xx_HAL_Driver/Src/stm32h7xx_hal_rcc.o
 .ARM.attributes
                0x000002cb       0x32 ./Drivers/STM32H7xx_HAL_Driver/Src/stm32h7xx_hal_rcc_ex.o
 .ARM.attributes
                0x000002fd       0x32 ./Drivers/STM32H7xx_HAL_Driver/Src/stm32h7xx_hal_tim.o
 .ARM.attributes
                0x0000032f       0x32 ./Drivers/STM32H7xx_HAL_Driver/Src/stm32h7xx_hal_tim_ex.o
 .ARM.attributes
                0x00000361       0x32 ./Drivers/STM32H7xx_HAL_Driver/Src/stm32h7xx_ll_usb.o
 .ARM.attributes
                0x00000393       0x32 ./Middlewares/ST/STM32_USB_Device_Library/Class/CDC/Src/usbd_cdc.o
 .ARM.attributes
                0x000003c5       0x32 ./Middlewares/ST/STM32_USB_Device_Library/Core/Src/usbd_core.o
 .ARM.attributes
                0x000003f7       0x32 ./Middlewares/ST/STM32_USB_Device_Library/Core/Src/usbd_ctlreq.o
 .ARM.attributes
                0x00000429       0x32 ./Middlewares/ST/STM32_USB_Device_Library/Core/Src/usbd_ioreq.o
 .ARM.attributes
                0x0000045b       0x32 ./USB_DEVICE/App/usb_device.o
 .ARM.attributes
                0x0000048d       0x32 ./USB_DEVICE/App/usbd_cdc_if.o
 .ARM.attributes
                0x000004bf       0x32 ./USB_DEVICE/App/usbd_desc.o
 .ARM.attributes
                0x000004f1       0x32 ./USB_DEVICE/Target/usbd_conf.o
 .ARM.attributes
                0x00000523       0x32 C:/ST/STM32CubeIDE_2.2.0/STM32CubeIDE/plugins/com.st.stm32cube.ide.mcu.externaltools.gnu-tools-for-stm32.14.3.rel1.win32_1.0.100.202602081740/tools/bin/../lib/gcc/arm-none-eabi/14.3.1/../../../../arm-none-eabi/lib/thumb/v7e-m+dp/hard\libc_nano.a(libc_a-findfp.o)
 .ARM.attributes
                0x00000555       0x32 C:/ST/STM32CubeIDE_2.2.0/STM32CubeIDE/plugins/com.st.stm32cube.ide.mcu.externaltools.gnu-tools-for-stm32.14.3.rel1.win32_1.0.100.202602081740/tools/bin/../lib/gcc/arm-none-eabi/14.3.1/../../../../arm-none-eabi/lib/thumb/v7e-m+dp/hard\libc_nano.a(libc_a-sprintf.o)
 .ARM.attributes
                0x00000587       0x32 C:/ST/STM32CubeIDE_2.2.0/STM32CubeIDE/plugins/com.st.stm32cube.ide.mcu.externaltools.gnu-tools-for-stm32.14.3.rel1.win32_1.0.100.202602081740/tools/bin/../lib/gcc/arm-none-eabi/14.3.1/../../../../arm-none-eabi/lib/thumb/v7e-m+dp/hard\libc_nano.a(libc_a-memset.o)
 .ARM.attributes
                0x000005b9       0x32 C:/ST/STM32CubeIDE_2.2.0/STM32CubeIDE/plugins/com.st.stm32cube.ide.mcu.externaltools.gnu-tools-for-stm32.14.3.rel1.win32_1.0.100.202602081740/tools/bin/../lib/gcc/arm-none-eabi/14.3.1/../../../../arm-none-eabi/lib/thumb/v7e-m+dp/hard\libc_nano.a(libc_a-reent.o)
 .ARM.attributes
                0x000005eb       0x32 C:/ST/STM32CubeIDE_2.2.0/STM32CubeIDE/plugins/com.st.stm32cube.ide.mcu.externaltools.gnu-tools-for-stm32.14.3.rel1.win32_1.0.100.202602081740/tools/bin/../lib/gcc/arm-none-eabi/14.3.1/../../../../arm-none-eabi/lib/thumb/v7e-m+dp/hard\libc_nano.a(libc_a-impure.o)
 .ARM.attributes
                0x0000061d       0x32 C:/ST/STM32CubeIDE_2.2.0/STM32CubeIDE/plugins/com.st.stm32cube.ide.mcu.externaltools.gnu-tools-for-stm32.14.3.rel1.win32_1.0.100.202602081740/tools/bin/../lib/gcc/arm-none-eabi/14.3.1/../../../../arm-none-eabi/lib/thumb/v7e-m+dp/hard\libc_nano.a(libc_a-errno.o)
 .ARM.attributes
                0x0000064f       0x32 C:/ST/STM32CubeIDE_2.2.0/STM32CubeIDE/plugins/com.st.stm32cube.ide.mcu.externaltools.gnu-tools-for-stm32.14.3.rel1.win32_1.0.100.202602081740/tools/bin/../lib/gcc/arm-none-eabi/14.3.1/../../../../arm-none-eabi/lib/thumb/v7e-m+dp/hard\libc_nano.a(libc_a-init.o)
 .ARM.attributes
                0x00000681       0x32 C:/ST/STM32CubeIDE_2.2.0/STM32CubeIDE/plugins/com.st.stm32cube.ide.mcu.externaltools.gnu-tools-for-stm32.14.3.rel1.win32_1.0.100.202602081740/tools/bin/../lib/gcc/arm-none-eabi/14.3.1/../../../../arm-none-eabi/lib/thumb/v7e-m+dp/hard\libc_nano.a(libc_a-lock.o)
 .ARM.attributes
                0x000006b3       0x32 C:/ST/STM32CubeIDE_2.2.0/STM32CubeIDE/plugins/com.st.stm32cube.ide.mcu.externaltools.gnu-tools-for-stm32.14.3.rel1.win32_1.0.100.202602081740/tools/bin/../lib/gcc/arm-none-eabi/14.3.1/../../../../arm-none-eabi/lib/thumb/v7e-m+dp/hard\libc_nano.a(libc_a-freer.o)
 .ARM.attributes
                0x000006e5       0x32 C:/ST/STM32CubeIDE_2.2.0/STM32CubeIDE/plugins/com.st.stm32cube.ide.mcu.externaltools.gnu-tools-for-stm32.14.3.rel1.win32_1.0.100.202602081740/tools/bin/../lib/gcc/arm-none-eabi/14.3.1/../../../../arm-none-eabi/lib/thumb/v7e-m+dp/hard\libc_nano.a(libc_a-mallocr.o)
 .ARM.attributes
                0x00000717       0x32 C:/ST/STM32CubeIDE_2.2.0/STM32CubeIDE/plugins/com.st.stm32cube.ide.mcu.externaltools.gnu-tools-for-stm32.14.3.rel1.win32_1.0.100.202602081740/tools/bin/../lib/gcc/arm-none-eabi/14.3.1/../../../../arm-none-eabi/lib/thumb/v7e-m+dp/hard\libc_nano.a(libc_a-mlock.o)
 .ARM.attributes
                0x00000749       0x32 C:/ST/STM32CubeIDE_2.2.0/STM32CubeIDE/plugins/com.st.stm32cube.ide.mcu.externaltools.gnu-tools-for-stm32.14.3.rel1.win32_1.0.100.202602081740/tools/bin/../lib/gcc/arm-none-eabi/14.3.1/../../../../arm-none-eabi/lib/thumb/v7e-m+dp/hard\libc_nano.a(libc_a-nano-svfprintf.o)
 .ARM.attributes
                0x0000077b       0x32 C:/ST/STM32CubeIDE_2.2.0/STM32CubeIDE/plugins/com.st.stm32cube.ide.mcu.externaltools.gnu-tools-for-stm32.14.3.rel1.win32_1.0.100.202602081740/tools/bin/../lib/gcc/arm-none-eabi/14.3.1/../../../../arm-none-eabi/lib/thumb/v7e-m+dp/hard\libc_nano.a(libc_a-nano-vfprintf_i.o)
 .ARM.attributes
                0x000007ad       0x32 C:/ST/STM32CubeIDE_2.2.0/STM32CubeIDE/plugins/com.st.stm32cube.ide.mcu.externaltools.gnu-tools-for-stm32.14.3.rel1.win32_1.0.100.202602081740/tools/bin/../lib/gcc/arm-none-eabi/14.3.1/../../../../arm-none-eabi/lib/thumb/v7e-m+dp/hard\libc_nano.a(libc_a-memmove.o)
 .ARM.attributes
                0x000007df       0x32 C:/ST/STM32CubeIDE_2.2.0/STM32CubeIDE/plugins/com.st.stm32cube.ide.mcu.externaltools.gnu-tools-for-stm32.14.3.rel1.win32_1.0.100.202602081740/tools/bin/../lib/gcc/arm-none-eabi/14.3.1/../../../../arm-none-eabi/lib/thumb/v7e-m+dp/hard\libc_nano.a(libc_a-sbrkr.o)
 .ARM.attributes
                0x00000811       0x1c C:/ST/STM32CubeIDE_2.2.0/STM32CubeIDE/plugins/com.st.stm32cube.ide.mcu.externaltools.gnu-tools-for-stm32.14.3.rel1.win32_1.0.100.202602081740/tools/bin/../lib/gcc/arm-none-eabi/14.3.1/../../../../arm-none-eabi/lib/thumb/v7e-m+dp/hard\libc_nano.a(libc_a-memchr.o)
 .ARM.attributes
                0x0000082d       0x32 C:/ST/STM32CubeIDE_2.2.0/STM32CubeIDE/plugins/com.st.stm32cube.ide.mcu.externaltools.gnu-tools-for-stm32.14.3.rel1.win32_1.0.100.202602081740/tools/bin/../lib/gcc/arm-none-eabi/14.3.1/../../../../arm-none-eabi/lib/thumb/v7e-m+dp/hard\libc_nano.a(libc_a-memcpy-stub.o)
 .ARM.attributes
                0x0000085f       0x32 C:/ST/STM32CubeIDE_2.2.0/STM32CubeIDE/plugins/com.st.stm32cube.ide.mcu.externaltools.gnu-tools-for-stm32.14.3.rel1.win32_1.0.100.202602081740/tools/bin/../lib/gcc/arm-none-eabi/14.3.1/../../../../arm-none-eabi/lib/thumb/v7e-m+dp/hard\libc_nano.a(libc_a-reallocr.o)
 .ARM.attributes
                0x00000891       0x32 C:/ST/STM32CubeIDE_2.2.0/STM32CubeIDE/plugins/com.st.stm32cube.ide.mcu.externaltools.gnu-tools-for-stm32.14.3.rel1.win32_1.0.100.202602081740/tools/bin/../lib/gcc/arm-none-eabi/14.3.1/../../../../arm-none-eabi/lib/thumb/v7e-m+dp/hard\libc_nano.a(libc_a-msizer.o)
 .ARM.attributes
                0x000008c3       0x20 C:/ST/STM32CubeIDE_2.2.0/STM32CubeIDE/plugins/com.st.stm32cube.ide.mcu.externaltools.gnu-tools-for-stm32.14.3.rel1.win32_1.0.100.202602081740/tools/bin/../lib/gcc/arm-none-eabi/14.3.1/thumb/v7e-m+dp/hard/crtn.o
OUTPUT(STM32_LogicAnalyzer.elf elf32-littlearm)
LOAD linker stubs
LOAD C:/ST/STM32CubeIDE_2.2.0/STM32CubeIDE/plugins/com.st.stm32cube.ide.mcu.externaltools.gnu-tools-for-stm32.14.3.rel1.win32_1.0.100.202602081740/tools/bin/../lib/gcc/arm-none-eabi/14.3.1/../../../../arm-none-eabi/lib/thumb/v7e-m+dp/hard\libc.a
LOAD C:/ST/STM32CubeIDE_2.2.0/STM32CubeIDE/plugins/com.st.stm32cube.ide.mcu.externaltools.gnu-tools-for-stm32.14.3.rel1.win32_1.0.100.202602081740/tools/bin/../lib/gcc/arm-none-eabi/14.3.1/../../../../arm-none-eabi/lib/thumb/v7e-m+dp/hard\libm.a
LOAD C:/ST/STM32CubeIDE_2.2.0/STM32CubeIDE/plugins/com.st.stm32cube.ide.mcu.externaltools.gnu-tools-for-stm32.14.3.rel1.win32_1.0.100.202602081740/tools/bin/../lib/gcc/arm-none-eabi/14.3.1/thumb/v7e-m+dp/hard\libgcc.a

.debug_info     0x00000000    0x185a6
 .debug_info    0x00000000     0x1465 ./Core/Src/main.o
 .debug_info    0x00001465      0xf67 ./Core/Src/stm32h7xx_hal_msp.o
 .debug_info    0x000023cc      0xd79 ./Core/Src/stm32h7xx_it.o
 .debug_info    0x00003145      0x168 ./Core/Src/sysmem.o
 .debug_info    0x000032ad      0xbff ./Core/Src/system_stm32h7xx.o
 .debug_info    0x00003eac       0x30 ./Core/Startup/startup_stm32h723zgtx.o
 .debug_info    0x00003edc     0x1698 ./Drivers/STM32H7xx_HAL_Driver/Src/stm32h7xx_hal.o
 .debug_info    0x00005574     0x10b2 ./Drivers/STM32H7xx_HAL_Driver/Src/stm32h7xx_hal_cortex.o
 .debug_info    0x00006626      0xc6b ./Drivers/STM32H7xx_HAL_Driver/Src/stm32h7xx_hal_gpio.o
 .debug_info    0x00007291     0x1561 ./Drivers/STM32H7xx_HAL_Driver/Src/stm32h7xx_hal_pcd.o
 .debug_info    0x000087f2      0x8b3 ./Drivers/STM32H7xx_HAL_Driver/Src/stm32h7xx_hal_pcd_ex.o
 .debug_info    0x000090a5      0xddb ./Drivers/STM32H7xx_HAL_Driver/Src/stm32h7xx_hal_pwr_ex.o
 .debug_info    0x00009e80      0xd8c ./Drivers/STM32H7xx_HAL_Driver/Src/stm32h7xx_hal_rcc.o
 .debug_info    0x0000ac0c     0x120b ./Drivers/STM32H7xx_HAL_Driver/Src/stm32h7xx_hal_rcc_ex.o
 .debug_info    0x0000be17     0x2bae ./Drivers/STM32H7xx_HAL_Driver/Src/stm32h7xx_hal_tim.o
 .debug_info    0x0000e9c5     0x18c1 ./Drivers/STM32H7xx_HAL_Driver/Src/stm32h7xx_hal_tim_ex.o
 .debug_info    0x00010286     0x1608 ./Drivers/STM32H7xx_HAL_Driver/Src/stm32h7xx_ll_usb.o
 .debug_info    0x0001188e     0x133f ./Middlewares/ST/STM32_USB_Device_Library/Class/CDC/Src/usbd_cdc.o
 .debug_info    0x00012bcd      0xe2d ./Middlewares/ST/STM32_USB_Device_Library/Core/Src/usbd_core.o
 .debug_info    0x000139fa      0xb06 ./Middlewares/ST/STM32_USB_Device_Library/Core/Src/usbd_ctlreq.o
 .debug_info    0x00014500      0x77d ./Middlewares/ST/STM32_USB_Device_Library/Core/Src/usbd_ioreq.o
 .debug_info    0x00014c7d      0x732 ./USB_DEVICE/App/usb_device.o
 .debug_info    0x000153af      0x922 ./USB_DEVICE/App/usbd_cdc_if.o
 .debug_info    0x00015cd1      0x4c5 ./USB_DEVICE/App/usbd_desc.o
 .debug_info    0x00016196     0x2410 ./USB_DEVICE/Target/usbd_conf.o

.debug_abbrev   0x00000000     0x3844
 .debug_abbrev  0x00000000      0x32d ./Core/Src/main.o
 .debug_abbrev  0x0000032d      0x1c1 ./Core/Src/stm32h7xx_hal_msp.o
 .debug_abbrev  0x000004ee      0x1e7 ./Core/Src/stm32h7xx_it.o
 .debug_abbrev  0x000006d5       0xbc ./Core/Src/sysmem.o
 .debug_abbrev  0x00000791      0x153 ./Core/Src/system_stm32h7xx.o
 .debug_abbrev  0x000008e4       0x24 ./Core/Startup/startup_stm32h723zgtx.o
 .debug_abbrev  0x00000908      0x29e ./Drivers/STM32H7xx_HAL_Driver/Src/stm32h7xx_hal.o
 .debug_abbrev  0x00000ba6      0x339 ./Drivers/STM32H7xx_HAL_Driver/Src/stm32h7xx_hal_cortex.o
 .debug_abbrev  0x00000edf      0x205 ./Drivers/STM32H7xx_HAL_Driver/Src/stm32h7xx_hal_gpio.o
 .debug_abbrev  0x000010e4      0x2dc ./Drivers/STM32H7xx_HAL_Driver/Src/stm32h7xx_hal_pcd.o
 .debug_abbrev  0x000013c0      0x256 ./Drivers/STM32H7xx_HAL_Driver/Src/stm32h7xx_hal_pcd_ex.o
 .debug_abbrev  0x00001616      0x295 ./Drivers/STM32H7xx_HAL_Driver/Src/stm32h7xx_hal_pwr_ex.o
 .debug_abbrev  0x000018ab      0x2b1 ./Drivers/STM32H7xx_HAL_Driver/Src/stm32h7xx_hal_rcc.o
 .debug_abbrev  0x00001b5c      0x269 ./Drivers/STM32H7xx_HAL_Driver/Src/stm32h7xx_hal_rcc_ex.o
 .debug_abbrev  0x00001dc5      0x276 ./Drivers/STM32H7xx_HAL_Driver/Src/stm32h7xx_hal_tim.o
 .debug_abbrev  0x0000203b      0x296 ./Drivers/STM32H7xx_HAL_Driver/Src/stm32h7xx_hal_tim_ex.o
 .debug_abbrev  0x000022d1      0x2b2 ./Drivers/STM32H7xx_HAL_Driver/Src/stm32h7xx_ll_usb.o
 .debug_abbrev  0x00002583      0x2d2 ./Middlewares/ST/STM32_USB_Device_Library/Class/CDC/Src/usbd_cdc.o
 .debug_abbrev  0x00002855      0x27c ./Middlewares/ST/STM32_USB_Device_Library/Core/Src/usbd_core.o
 .debug_abbrev  0x00002ad1      0x26f ./Middlewares/ST/STM32_USB_Device_Library/Core/Src/usbd_ctlreq.o
 .debug_abbrev  0x00002d40      0x19a ./Middlewares/ST/STM32_USB_Device_Library/Core/Src/usbd_ioreq.o
 .debug_abbrev  0x00002eda      0x1a8 ./USB_DEVICE/App/usb_device.o
 .debug_abbrev  0x00003082      0x29d ./USB_DEVICE/App/usbd_cdc_if.o
 .debug_abbrev  0x0000331f      0x1f5 ./USB_DEVICE/App/usbd_desc.o
 .debug_abbrev  0x00003514      0x330 ./USB_DEVICE/Target/usbd_conf.o

.debug_aranges  0x00000000     0x1448
 .debug_aranges
                0x00000000       0x58 ./Core/Src/main.o
 .debug_aranges
                0x00000058       0x30 ./Core/Src/stm32h7xx_hal_msp.o
 .debug_aranges
                0x00000088       0x70 ./Core/Src/stm32h7xx_it.o
 .debug_aranges
                0x000000f8       0x20 ./Core/Src/sysmem.o
 .debug_aranges
                0x00000118       0x30 ./Core/Src/system_stm32h7xx.o
 .debug_aranges
                0x00000148       0x28 ./Core/Startup/startup_stm32h723zgtx.o
 .debug_aranges
                0x00000170      0x1c8 ./Drivers/STM32H7xx_HAL_Driver/Src/stm32h7xx_hal.o
 .debug_aranges
                0x00000338      0x130 ./Drivers/STM32H7xx_HAL_Driver/Src/stm32h7xx_hal_cortex.o
 .debug_aranges
                0x00000468       0x58 ./Drivers/STM32H7xx_HAL_Driver/Src/stm32h7xx_hal_gpio.o
 .debug_aranges
                0x000004c0      0x140 ./Drivers/STM32H7xx_HAL_Driver/Src/stm32h7xx_hal_pcd.o
 .debug_aranges
                0x00000600       0x60 ./Drivers/STM32H7xx_HAL_Driver/Src/stm32h7xx_hal_pcd_ex.o
 .debug_aranges
                0x00000660      0x148 ./Drivers/STM32H7xx_HAL_Driver/Src/stm32h7xx_hal_pwr_ex.o
 .debug_aranges
                0x000007a8       0x88 ./Drivers/STM32H7xx_HAL_Driver/Src/stm32h7xx_hal_rcc.o
 .debug_aranges
                0x00000830       0xf8 ./Drivers/STM32H7xx_HAL_Driver/Src/stm32h7xx_hal_rcc_ex.o
 .debug_aranges
                0x00000928      0x3e0 ./Drivers/STM32H7xx_HAL_Driver/Src/stm32h7xx_hal_tim.o
 .debug_aranges
                0x00000d08      0x198 ./Drivers/STM32H7xx_HAL_Driver/Src/stm32h7xx_hal_tim_ex.o
 .debug_aranges
                0x00000ea0      0x180 ./Drivers/STM32H7xx_HAL_Driver/Src/stm32h7xx_ll_usb.o
 .debug_aranges
                0x00001020       0x90 ./Middlewares/ST/STM32_USB_Device_Library/Class/CDC/Src/usbd_cdc.o
 .debug_aranges
                0x000010b0       0xd8 ./Middlewares/ST/STM32_USB_Device_Library/Core/Src/usbd_core.o
 .debug_aranges
                0x00001188       0x90 ./Middlewares/ST/STM32_USB_Device_Library/Core/Src/usbd_ctlreq.o
 .debug_aranges
                0x00001218       0x50 ./Middlewares/ST/STM32_USB_Device_Library/Core/Src/usbd_ioreq.o
 .debug_aranges
                0x00001268       0x20 ./USB_DEVICE/App/usb_device.o
 .debug_aranges
                0x00001288       0x48 ./USB_DEVICE/App/usbd_cdc_if.o
 .debug_aranges
                0x000012d0       0x68 ./USB_DEVICE/App/usbd_desc.o
 .debug_aranges
                0x00001338      0x110 ./USB_DEVICE/Target/usbd_conf.o

.debug_rnglists
                0x00000000      0xf75
 .debug_rnglists
                0x00000000       0x42 ./Core/Src/main.o
 .debug_rnglists
                0x00000042       0x1f ./Core/Src/stm32h7xx_hal_msp.o
 .debug_rnglists
                0x00000061       0x4f ./Core/Src/stm32h7xx_it.o
 .debug_rnglists
                0x000000b0       0x13 ./Core/Src/sysmem.o
 .debug_rnglists
                0x000000c3       0x21 ./Core/Src/system_stm32h7xx.o
 .debug_rnglists
                0x000000e4       0x19 ./Core/Startup/startup_stm32h723zgtx.o
 .debug_rnglists
                0x000000fd      0x155 ./Drivers/STM32H7xx_HAL_Driver/Src/stm32h7xx_hal.o
 .debug_rnglists
                0x00000252       0xe0 ./Drivers/STM32H7xx_HAL_Driver/Src/stm32h7xx_hal_cortex.o
 .debug_rnglists
                0x00000332       0x3f ./Drivers/STM32H7xx_HAL_Driver/Src/stm32h7xx_hal_gpio.o
 .debug_rnglists
                0x00000371       0xf4 ./Drivers/STM32H7xx_HAL_Driver/Src/stm32h7xx_hal_pcd.o
 .debug_rnglists
                0x00000465       0x45 ./Drivers/STM32H7xx_HAL_Driver/Src/stm32h7xx_hal_pcd_ex.o
 .debug_rnglists
                0x000004aa       0xf5 ./Drivers/STM32H7xx_HAL_Driver/Src/stm32h7xx_hal_pwr_ex.o
 .debug_rnglists
                0x0000059f       0x68 ./Drivers/STM32H7xx_HAL_Driver/Src/stm32h7xx_hal_rcc.o
 .debug_rnglists
                0x00000607       0xc0 ./Drivers/STM32H7xx_HAL_Driver/Src/stm32h7xx_hal_rcc_ex.o
 .debug_rnglists
                0x000006c7      0x32c ./Drivers/STM32H7xx_HAL_Driver/Src/stm32h7xx_hal_tim.o
 .debug_rnglists
                0x000009f3      0x14d ./Drivers/STM32H7xx_HAL_Driver/Src/stm32h7xx_hal_tim_ex.o
 .debug_rnglists
                0x00000b40      0x12c ./Drivers/STM32H7xx_HAL_Driver/Src/stm32h7xx_ll_usb.o
 .debug_rnglists
                0x00000c6c       0x6c ./Middlewares/ST/STM32_USB_Device_Library/Class/CDC/Src/usbd_cdc.o
 .debug_rnglists
                0x00000cd8       0xa1 ./Middlewares/ST/STM32_USB_Device_Library/Core/Src/usbd_core.o
 .debug_rnglists
                0x00000d79       0x6e ./Middlewares/ST/STM32_USB_Device_Library/Core/Src/usbd_ctlreq.o
 .debug_rnglists
                0x00000de7       0x37 ./Middlewares/ST/STM32_USB_Device_Library/Core/Src/usbd_ioreq.o
 .debug_rnglists
                0x00000e1e       0x13 ./USB_DEVICE/App/usb_device.o
 .debug_rnglists
                0x00000e31       0x32 ./USB_DEVICE/App/usbd_cdc_if.o
 .debug_rnglists
                0x00000e63       0x49 ./USB_DEVICE/App/usbd_desc.o
 .debug_rnglists
                0x00000eac       0xc9 ./USB_DEVICE/Target/usbd_conf.o

.debug_macro    0x00000000    0x354ed
 .debug_macro   0x00000000      0x3d8 ./Core/Src/main.o
 .debug_macro   0x000003d8      0xaf6 ./Core/Src/main.o
 .debug_macro   0x00000ece      0x238 ./Core/Src/main.o