Archive member included to satisfy reference by file (symbol)

C:/ST/STM32CubeIDE_2.2.0/STM32CubeIDE/plugins/com.st.stm32cube.ide.mcu.externaltools.gnu-tools-for-stm32.14.3.rel1.win32_1.0.100.202602081740/tools/bin/../lib/gcc/arm-none-eabi/14.3.1/../../../../arm-none-eabi/lib/thumb/v7e-m+dp/hard\libc_nano.a(libc_a-exit.o)
                              C:/ST/STM32CubeIDE_2.2.0/STM32CubeIDE/plugins/com.st.stm32cube.ide.mcu.externaltools.gnu-tools-for-stm32.14.3.rel1.win32_1.0.100.202602081740/tools/bin/../lib/gcc/arm-none-eabi/14.3.1/../../../../arm-none-eabi/lib/thumb/v7e-m+dp/hard/crt0.o (exit)
C:/ST/STM32CubeIDE_2.2.0/STM32CubeIDE/plugins/com.st.stm32cube.ide.mcu.externaltools.gnu-tools-for-stm32.14.3.rel1.win32_1.0.100.202602081740/tools/bin/../lib/gcc/arm-none-eabi/14.3.1/../../../../arm-none-eabi/lib/thumb/v7e-m+dp/hard\libc_nano.a(libc_a-findfp.o)
                              C:/ST/STM32CubeIDE_2.2.0/STM32CubeIDE/plugins/com.st.stm32cube.ide.mcu.externaltools.gnu-tools-for-stm32.14.3.rel1.win32_1.0.100.202602081740/tools/bin/../lib/gcc/arm-none-eabi/14.3.1/../../../../arm-none-eabi/lib/thumb/v7e-m+dp/hard\libc_nano.a(libc_a-exit.o) (__stdio_exit_handler)
C:/ST/STM32CubeIDE_2.2.0/STM32CubeIDE/plugins/com.st.stm32cube.ide.mcu.externaltools.gnu-tools-for-stm32.14.3.rel1.win32_1.0.100.202602081740/tools/bin/../lib/gcc/arm-none-eabi/14.3.1/../../../../arm-none-eabi/lib/thumb/v7e-m+dp/hard\libc_nano.a(libc_a-fwalk.o)
                              C:/ST/STM32CubeIDE_2.2.0/STM32CubeIDE/plugins/com.st.stm32cube.ide.mcu.externaltools.gnu-tools-for-stm32.14.3.rel1.win32_1.0.100.202602081740/tools/bin/../lib/gcc/arm-none-eabi/14.3.1/../../../../arm-none-eabi/lib/thumb/v7e-m+dp/hard\libc_nano.a(libc_a-findfp.o) (_fwalk_sglue)
C:/ST/STM32CubeIDE_2.2.0/STM32CubeIDE/plugins/com.st.stm32cube.ide.mcu.externaltools.gnu-tools-for-stm32.14.3.rel1.win32_1.0.100.202602081740/tools/bin/../lib/gcc/arm-none-eabi/14.3.1/../../../../arm-none-eabi/lib/thumb/v7e-m+dp/hard\libc_nano.a(libc_a-stdio.o)
                              C:/ST/STM32CubeIDE_2.2.0/STM32CubeIDE/plugins/com.st.stm32cube.ide.mcu.externaltools.gnu-tools-for-stm32.14.3.rel1.win32_1.0.100.202602081740/tools/bin/../lib/gcc/arm-none-eabi/14.3.1/../../../../arm-none-eabi/lib/thumb/v7e-m+dp/hard\libc_nano.a(libc_a-findfp.o) (__sread)
C:/ST/STM32CubeIDE_2.2.0/STM32CubeIDE/plugins/com.st.stm32cube.ide.mcu.externaltools.gnu-tools-for-stm32.14.3.rel1.win32_1.0.100.202602081740/tools/bin/../lib/gcc/arm-none-eabi/14.3.1/../../../../arm-none-eabi/lib/thumb/v7e-m+dp/hard\libc_nano.a(libc_a-memset.o)
                              C:/ST/STM32CubeIDE_2.2.0/STM32CubeIDE/plugins/com.st.stm32cube.ide.mcu.externaltools.gnu-tools-for-stm32.14.3.rel1.win32_1.0.100.202602081740/tools/bin/../lib/gcc/arm-none-eabi/14.3.1/../../../../arm-none-eabi/lib/thumb/v7e-m+dp/hard/crt0.o (memset)
C:/ST/STM32CubeIDE_2.2.0/STM32CubeIDE/plugins/com.st.stm32cube.ide.mcu.externaltools.gnu-tools-for-stm32.14.3.rel1.win32_1.0.100.202602081740/tools/bin/../lib/gcc/arm-none-eabi/14.3.1/../../../../arm-none-eabi/lib/thumb/v7e-m+dp/hard\libc_nano.a(libc_a-closer.o)
                              C:/ST/STM32CubeIDE_2.2.0/STM32CubeIDE/plugins/com.st.stm32cube.ide.mcu.externaltools.gnu-tools-for-stm32.14.3.rel1.win32_1.0.100.202602081740/tools/bin/../lib/gcc/arm-none-eabi/14.3.1/../../../../arm-none-eabi/lib/thumb/v7e-m+dp/hard\libc_nano.a(libc_a-stdio.o) (_close_r)
C:/ST/STM32CubeIDE_2.2.0/STM32CubeIDE/plugins/com.st.stm32cube.ide.mcu.externaltools.gnu-tools-for-stm32.14.3.rel1.win32_1.0.100.202602081740/tools/bin/../lib/gcc/arm-none-eabi/14.3.1/../../../../arm-none-eabi/lib/thumb/v7e-m+dp/hard\libc_nano.a(libc_a-reent.o)
                              C:/ST/STM32CubeIDE_2.2.0/STM32CubeIDE/plugins/com.st.stm32cube.ide.mcu.externaltools.gnu-tools-for-stm32.14.3.rel1.win32_1.0.100.202602081740/tools/bin/../lib/gcc/arm-none-eabi/14.3.1/../../../../arm-none-eabi/lib/thumb/v7e-m+dp/hard\libc_nano.a(libc_a-closer.o) (errno)
C:/ST/STM32CubeIDE_2.2.0/STM32CubeIDE/plugins/com.st.stm32cube.ide.mcu.externaltools.gnu-tools-for-stm32.14.3.rel1.win32_1.0.100.202602081740/tools/bin/../lib/gcc/arm-none-eabi/14.3.1/../../../../arm-none-eabi/lib/thumb/v7e-m+dp/hard\libc_nano.a(libc_a-impure.o)
                              C:/ST/STM32CubeIDE_2.2.0/STM32CubeIDE/plugins/com.st.stm32cube.ide.mcu.externaltools.gnu-tools-for-stm32.14.3.rel1.win32_1.0.100.202602081740/tools/bin/../lib/gcc/arm-none-eabi/14.3.1/../../../../arm-none-eabi/lib/thumb/v7e-m+dp/hard\libc_nano.a(libc_a-reent.o) (_impure_ptr)
C:/ST/STM32CubeIDE_2.2.0/STM32CubeIDE/plugins/com.st.stm32cube.ide.mcu.externaltools.gnu-tools-for-stm32.14.3.rel1.win32_1.0.100.202602081740/tools/bin/../lib/gcc/arm-none-eabi/14.3.1/../../../../arm-none-eabi/lib/thumb/v7e-m+dp/hard\libc_nano.a(libc_a-lseekr.o)
[...]
Memory Configuration

Name             Origin             Length             Attributes
ITCMRAM          0x00000000         0x00010000         xrw
DTCMRAM          0x20000000         0x00020000         xrw
FLASH            0x08000000         0x00100000         xr
RAM_D1           0x24000000         0x00050000         xrw
RAM_D2           0x30000000         0x00008000         xrw
RAM_D3           0x38000000         0x00004000         xrw
*default*        0x00000000         0xffffffff

Linker script and memory map

LOAD C:/ST/STM32CubeIDE_2.2.0/STM32CubeIDE/plugins/com.st.stm32cube.ide.mcu.externaltools.gnu-tools-for-stm32.14.3.rel1.win32_1.0.100.202602081740/tools/bin/../lib/gcc/arm-none-eabi/14.3.1/thumb/v7e-m+dp/hard/crti.o
LOAD C:/ST/STM32CubeIDE_2.2.0/STM32CubeIDE/plugins/com.st.stm32cube.ide.mcu.externaltools.gnu-tools-for-stm32.14.3.rel1.win32_1.0.100.202602081740/tools/bin/../lib/gcc/arm-none-eabi/14.3.1/thumb/v7e-m+dp/hard/crtbegin.o
LOAD C:/ST/STM32CubeIDE_2.2.0/STM32CubeIDE/plugins/com.st.stm32cube.ide.mcu.externaltools.gnu-tools-for-stm32.14.3.rel1.win32_1.0.100.202602081740/tools/bin/../lib/gcc/arm-none-eabi/14.3.1/../../../../arm-none-eabi/lib/thumb/v7e-m+dp/hard/crt0.o
LOAD ./Core/Src/main.o
LOAD ./Core/Src/stm32h7xx_hal_msp.o
LOAD ./Core/Src/stm32h7xx_it.o
LOAD ./Core/Src/syscalls.o
LOAD ./Core/Src/sysmem.o
LOAD ./Core/Src/system_stm32h7xx.o
LOAD ./Core/Startup/startup_stm32h723zgtx.o
LOAD ./Drivers/STM32H7xx_HAL_Driver/Src/stm32h7xx_hal.o
LOAD ./Drivers/STM32H7xx_HAL_Driver/Src/stm32h7xx_hal_cortex.o
LOAD ./Drivers/STM32H7xx_HAL_Driver/Src/stm32h7xx_hal_dma.o
LOAD ./Drivers/STM32H7xx_HAL_Driver/Src/stm32h7xx_hal_dma_ex.o
LOAD ./Drivers/STM32H7xx_HAL_Driver/Src/stm32h7xx_hal_exti.o
LOAD ./Drivers/STM32H7xx_HAL_Driver/Src/stm32h7xx_hal_flash.o
LOAD ./Drivers/STM32H7xx_HAL_Driver/Src/stm32h7xx_hal_flash_ex.o
LOAD ./Drivers/STM32H7xx_HAL_Driver/Src/stm32h7xx_hal_gpio.o
LOAD ./Drivers/STM32H7xx_HAL_Driver/Src/stm32h7xx_hal_hsem.o
LOAD ./Drivers/STM32H7xx_HAL_Driver/Src/stm32h7xx_hal_i2c.o
LOAD ./Drivers/STM32H7xx_HAL_Driver/Src/stm32h7xx_hal_i2c_ex.o
LOAD ./Drivers/STM32H7xx_HAL_Driver/Src/stm32h7xx_hal_mdma.o
LOAD ./Drivers/STM32H7xx_HAL_Driver/Src/stm32h7xx_hal_pcd.o
LOAD ./Drivers/STM32H7xx_HAL_Driver/Src/stm32h7xx_hal_pcd_ex.o
LOAD ./Drivers/STM32H7xx_HAL_Driver/Src/stm32h7xx_hal_pwr.o
LOAD ./Drivers/STM32H7xx_HAL_Driver/Src/stm32h7xx_hal_pwr_ex.o
LOAD ./Drivers/STM32H7xx_HAL_Driver/Src/stm32h7xx_hal_rcc.o
LOAD ./Drivers/STM32H7xx_HAL_Driver/Src/stm32h7xx_hal_rcc_ex.o
LOAD ./Drivers/STM32H7xx_HAL_Driver/Src/stm32h7xx_hal_tim.o
LOAD ./Drivers/STM32H7xx_HAL_Driver/Src/stm32h7xx_hal_tim_ex.o
LOAD ./Drivers/STM32H7xx_HAL_Driver/Src/stm32h7xx_ll_usb.o
LOAD ./Middlewares/ST/STM32_USB_Device_Library/Class/CDC/Src/usbd_cdc.o
LOAD ./Middlewares/ST/STM32_USB_Device_Library/Core/Src/usbd_core.o
LOAD ./Middlewares/ST/STM32_USB_Device_Library/Core/Src/usbd_ctlreq.o
LOAD ./Middlewares/ST/STM32_USB_Device_Library/Core/Src/usbd_ioreq.o
LOAD ./USB_DEVICE/App/usb_device.o
LOAD ./USB_DEVICE/App/usbd_cdc_if.o
LOAD ./USB_DEVICE/App/usbd_desc.o
LOAD ./USB_DEVICE/Target/usbd_conf.o
START GROUP
LOAD C:/ST/STM32CubeIDE_2.2.0/STM32CubeIDE/plugins/com.st.stm32cube.ide.mcu.externaltools.gnu-tools-for-stm32.14.3.rel1.win32_1.0.100.202602081740/tools/bin/../lib/gcc/arm-none-eabi/14.3.1/../../../../arm-none-eabi/lib/thumb/v7e-m+dp/hard\libc_nano.a
LOAD C:/ST/STM32CubeIDE_2.2.0/STM32CubeIDE/plugins/com.st.stm32cube.ide.mcu.externaltools.gnu-tools-for-stm32.14.3.rel1.win32_1.0.100.202602081740/tools/bin/../lib/gcc/arm-none-eabi/14.3.1/../../../../arm-none-eabi/lib/thumb/v7e-m+dp/hard\libm.a
END GROUP
START GROUP
LOAD C:/ST/STM32CubeIDE_2.2.0/STM32CubeIDE/plugins/com.st.stm32cube.ide.mcu.externaltools.gnu-tools-for-stm32.14.3.rel1.win32_1.0.100.202602081740/tools/bin/../lib/gcc/arm-none-eabi/14.3.1/thumb/v7e-m+dp/hard\libgcc.a
LOAD C:/ST/STM32CubeIDE_2.2.0/STM32CubeIDE/plugins/com.st.stm32cube.ide.mcu.externaltools.gnu-tools-for-stm32.14.3.rel1.win32_1.0.100.202602081740/tools/bin/../lib/gcc/arm-none-eabi/14.3.1/../../../../arm-none-eabi/lib/thumb/v7e-m+dp/hard\libc_nano.a
END GROUP
START GROUP
LOAD C:/ST/STM32CubeIDE_2.2.0/STM32CubeIDE/plugins/com.st.stm32cube.ide.mcu.externaltools.gnu-tools-for-stm32.14.3.rel1.win32_1.0.100.202602081740/tools/bin/../lib/gcc/arm-none-eabi/14.3.1/thumb/v7e-m+dp/hard\libgcc.a
LOAD C:/ST/STM32CubeIDE_2.2.0/STM32CubeIDE/plugins/com.st.stm32cube.ide.mcu.externaltools.gnu-tools-for-stm32.14.3.rel1.win32_1.0.100.202602081740/tools/bin/../lib/gcc/arm-none-eabi/14.3.1/../../../../arm-none-eabi/lib/thumb/v7e-m+dp/hard\libc_nano.a
LOAD C:/ST/STM32CubeIDE_2.2.0/STM32CubeIDE/plugins/com.st.stm32cube.ide.mcu.externaltools.gnu-tools-for-stm32.14.3.rel1.win32_1.0.100.202602081740/tools/bin/../lib/gcc/arm-none-eabi/14.3.1/../../../../arm-none-eabi/lib/thumb/v7e-m+dp/hard\libnosys.a
END GROUP
START GROUP
LOAD C:/ST/STM32CubeIDE_2.2.0/STM32CubeIDE/plugins/com.st.stm32cube.ide.mcu.externaltools.gnu-tools-for-stm32.14.3.rel1.win32_1.0.100.202602081740/tools/bin/../lib/gcc/arm-none-eabi/14.3.1/thumb/v7e-m+dp/hard\libgcc.a
LOAD C:/ST/STM32CubeIDE_2.2.0/STM32CubeIDE/plugins/com.st.stm32cube.ide.mcu.externaltools.gnu-tools-for-stm32.14.3.rel1.win32_1.0.100.202602081740/tools/bin/../lib/gcc/arm-none-eabi/14.3.1/../../../../arm-none-eabi/lib/thumb/v7e-m+dp/hard\libc_nano.a
LOAD C:/ST/STM32CubeIDE_2.2.0/STM32CubeIDE/plugins/com.st.stm32cube.ide.mcu.externaltools.gnu-tools-for-stm32.14.3.rel1.win32_1.0.100.202602081740/tools/bin/../lib/gcc/arm-none-eabi/14.3.1/../../../../arm-none-eabi/lib/thumb/v7e-m+dp/hard\libnosys.a
END GROUP
LOAD C:/ST/STM32CubeIDE_2.2.0/STM32CubeIDE/plugins/com.st.stm32cube.ide.mcu.externaltools.gnu-tools-for-stm32.14.3.rel1.win32_1.0.100.202602081740/tools/bin/../lib/gcc/arm-none-eabi/14.3.1/thumb/v7e-m+dp/hard/crtend.o
LOAD C:/ST/STM32CubeIDE_2.2.0/STM32CubeIDE/plugins/com.st.stm32cube.ide.mcu.externaltools.gnu-tools-for-stm32.14.3.rel1.win32_1.0.100.202602081740/tools/bin/../lib/gcc/arm-none-eabi/14.3.1/thumb/v7e-m+dp/hard/crtn.o
                0x24050000                        _estack = (ORIGIN (RAM_D1) + LENGTH (RAM_D1))
                0x00000200                        _Min_Heap_Size = 0x200
                0x00000400                        _Min_Stack_Size = 0x400

.isr_vector     0x08000000      0x2cc
                0x08000000                        . = ALIGN (0x4)
 *(.isr_vector)
 .isr_vector    0x08000000      0x2cc ./Core/Startup/startup_stm32h723zgtx.o
                0x08000000                g_pfnVectors
                0x080002cc                        . = ALIGN (0x4)

.text           0x080002cc     0xb7fc
                0x080002cc                        . = ALIGN (0x4)
 *(.text)
 .text          0x080002cc       0x40 C:/ST/STM32CubeIDE_2.2.0/STM32CubeIDE/plugins/com.st.stm32cube.ide.mcu.externaltools.gnu-tools-for-stm32.14.3.rel1.win32_1.0.100.202602081740/tools/bin/../lib/gcc/arm-none-eabi/14.3.1/thumb/v7e-m+dp/hard/crtbegin.o
 *(.text*)
 .text.main     0x0800030c       0xa4 ./Core/Src/main.o
                0x0800030c                main
 .text.SystemClock_Config
                0x080003b0       0xc0 ./Core/Src/main.o
                0x080003b0                SystemClock_Config
 .text.MX_TIM1_Init
                0x08000470       0xa8 ./Core/Src/main.o
 .text.MX_DMA_Init
                0x08000518       0x40 ./Core/Src/main.o
 .text.MX_GPIO_Init
                0x08000558       0xa4 ./Core/Src/main.o
 .text.DMATransferComplete
                0x080005fc       0x38 ./Core/Src/main.o
                0x080005fc                DMATransferComplete
 .text.MPU_Config
                0x08000634       0x58 ./Core/Src/main.o
 .text.Error_Handler
                0x0800068c        0xc ./Core/Src/main.o
                0x0800068c                Error_Handler
 .text.HAL_MspInit
                0x08000698       0x34 ./Core/Src/stm32h7xx_hal_msp.o
                0x08000698                HAL_MspInit
 .text.HAL_TIM_Base_MspInit
                0x080006cc       0xb8 ./Core/Src/stm32h7xx_hal_msp.o
                0x080006cc                HAL_TIM_Base_MspInit
 .text.NMI_Handler
                0x08000784        0x8 ./Core/Src/stm32h7xx_it.o
                0x08000784                NMI_Handler
 .text.HardFault_Handler
                0x0800078c        0x8 ./Core/Src/stm32h7xx_it.o
                0x0800078c                HardFault_Handler
 .text.MemManage_Handler
                0x08000794        0x8 ./Core/Src/stm32h7xx_it.o
                0x08000794                MemManage_Handler
 .text.BusFault_Handler
                0x0800079c        0x8 ./Core/Src/stm32h7xx_it.o
                0x0800079c                BusFault_Handler
 .text.UsageFault_Handler
                0x080007a4        0x8 ./Core/Src/stm32h7xx_it.o
                0x080007a4                UsageFault_Handler
 .text.SVC_Handler
                0x080007ac        0xe ./Core/Src/stm32h7xx_it.o
                0x080007ac                SVC_Handler
 .text.DebugMon_Handler
                0x080007ba        0xe ./Core/Src/stm32h7xx_it.o
                0x080007ba                DebugMon_Handler
 .text.PendSV_Handler
                0x080007c8        0xe ./Core/Src/stm32h7xx_it.o
                0x080007c8                PendSV_Handler
 .text.SysTick_Handler
                0x080007d6        0xc ./Core/Src/stm32h7xx_it.o
                0x080007d6                SysTick_Handler
 *fill*         0x080007e2        0x2 
 .text.DMA1_Stream0_IRQHandler
                0x080007e4       0x14 ./Core/Src/stm32h7xx_it.o
                0x080007e4                DMA1_Stream0_IRQHandler
 .text.TIM1_UP_IRQHandler
                0x080007f8       0x14 ./Core/Src/stm32h7xx_it.o
                0x080007f8                TIM1_UP_IRQHandler
 .text.OTG_HS_IRQHandler
                0x0800080c       0x14 ./Core/Src/stm32h7xx_it.o
                0x0800080c                OTG_HS_IRQHandler
 .text.SystemInit
                0x08000820      0x120 ./Core/Src/system_stm32h7xx.o
                0x08000820                SystemInit
 .text.ExitRun0Mode
                0x08000940       0x18 ./Core/Src/system_stm32h7xx.o
                0x08000940                ExitRun0Mode
 .text.Reset_Handler
                0x08000958       0x54 ./Core/Startup/startup_stm32h723zgtx.o
                0x08000958                Reset_Handler
 .text.Default_Handler
                0x080009ac        0x2 ./Core/Startup/startup_stm32h723zgtx.o
                0x080009ac                RTC_Alarm_IRQHandler
                0x080009ac                EXTI2_IRQHandler
                0x080009ac                TIM8_CC_IRQHandler
                0x080009ac                UART8_IRQHandler
                0x080009ac                SPI4_IRQHandler
                0x080009ac                FDCAN3_IT0_IRQHandler
                0x080009ac                TIM1_CC_IRQHandler
                0x080009ac                BDMA_Channel6_IRQHandler
                0x080009ac                DMA2_Stream5_IRQHandler
                0x080009ac                DMA1_Stream5_IRQHandler
                0x080009ac                CORDIC_IRQHandler
                0x080009ac                BDMA_Channel1_IRQHandler
                0x080009ac                TAMP_STAMP_IRQHandler
                0x080009ac                EXTI3_IRQHandler
                0x080009ac                LPTIM4_IRQHandler
                0x080009ac                TIM8_TRG_COM_TIM14_IRQHandler
                0x080009ac                LPTIM2_IRQHandler
                0x080009ac                DFSDM1_FLT1_IRQHandler
                0x080009ac                DMAMUX2_OVR_IRQHandler
                0x080009ac                TIM8_UP_TIM13_IRQHandler
                0x080009ac                I2C3_ER_IRQHandler
                0x080009ac                DFSDM1_FLT2_IRQHandler
                0x080009ac                I2C5_EV_IRQHandler
                0x080009ac                USART10_IRQHandler
                0x080009ac                MDMA_IRQHandler
                0x080009ac                LPTIM3_IRQHandler
                0x080009ac                HSEM1_IRQHandler
                0x080009ac                EXTI0_IRQHandler
                0x080009ac                I2C2_EV_IRQHandler
                0x080009ac                DMA1_Stream2_IRQHandler
                0x080009ac                FPU_IRQHandler
                0x080009ac                OTG_HS_WKUP_IRQHandler
                0x080009ac                FDCAN1_IT1_IRQHandler
                0x080009ac                LTDC_ER_IRQHandler
                0x080009ac                DMA2_Stream2_IRQHandler
                0x080009ac                SPI1_IRQHandler
                0x080009ac                OCTOSPI1_IRQHandler
                0x080009ac                TIM6_DAC_IRQHandler
                0x080009ac                DMA2_Stream3_IRQHandler
                0x080009ac                OCTOSPI2_IRQHandler
                0x080009ac                DFSDM1_FLT3_IRQHandler
                0x080009ac                TIM23_IRQHandler
                0x080009ac                USART6_IRQHandler
                0x080009ac                TIM17_IRQHandler
                0x080009ac                USART3_IRQHandler
                0x080009ac                BDMA_Channel7_IRQHandler
                0x080009ac                LPTIM5_IRQHandler
                0x080009ac                UART5_IRQHandler
                0x080009ac                ADC3_IRQHandler
                0x080009ac                DMA2_Stream0_IRQHandler
                0x080009ac                TIM4_IRQHandler
                0x080009ac                BDMA_Channel2_IRQHandler
                0x080009ac                I2C1_EV_IRQHandler
                0x080009ac                DMA1_Stream6_IRQHandler
                0x080009ac                DMAMUX1_OVR_IRQHandler
                0x080009ac                DMA1_Stream1_IRQHandler
                0x080009ac                TIM16_IRQHandler
                0x080009ac                UART4_IRQHandler
                0x080009ac                BDMA_Channel5_IRQHandler
                0x080009ac                TIM3_IRQHandler
                0x080009ac                RCC_IRQHandler
                0x080009ac                UART9_IRQHandler
                0x080009ac                TIM8_BRK_TIM12_IRQHandler
                0x080009ac                TIM1_TRG_COM_IRQHandler
                0x080009ac                Default_Handler
                0x080009ac                ECC_IRQHandler
                0x080009ac                FMAC_IRQHandler
                0x080009ac                CEC_IRQHandler
                0x080009ac                EXTI15_10_IRQHandler
                0x080009ac                BDMA_Channel0_IRQHandler
                0x080009ac                ADC_IRQHandler
                0x080009ac                I2C5_ER_IRQHandler
                0x080009ac                DMA1_Stream7_IRQHandler
                0x080009ac                SPI5_IRQHandler
                0x080009ac                TIM7_IRQHandler
                0x080009ac                FDCAN3_IT1_IRQHandler
                0x080009ac                SDMMC1_IRQHandler
                0x080009ac                TIM5_IRQHandler
                0x080009ac                DMA2_Stream7_IRQHandler
                0x080009ac                TIM15_IRQHandler
                0x080009ac                PVD_AVD_IRQHandler
                0x080009ac                I2C3_EV_IRQHandler
                0x080009ac                EXTI9_5_IRQHandler
                0x080009ac                RTC_WKUP_IRQHandler
                0x080009ac                LTDC_IRQHandler
                0x080009ac                ETH_WKUP_IRQHandler
                0x080009ac                SPDIF_RX_IRQHandler
                0x080009ac                SPI2_IRQHandler
                0x080009ac                OTG_HS_EP1_IN_IRQHandler
                0x080009ac                TIM24_IRQHandler
                0x080009ac                CRS_IRQHandler
                0x080009ac                EXTI4_IRQHandler
                0x080009ac                RNG_IRQHandler
                0x080009ac                FDCAN2_IT1_IRQHandler
                0x080009ac                ETH_IRQHandler
                0x080009ac                BDMA_Channel4_IRQHandler
                0x080009ac                OTG_HS_EP1_OUT_IRQHandler
                0x080009ac                WWDG_IRQHandler
                0x080009ac                SPI6_IRQHandler
                0x080009ac                MDIOS_IRQHandler
                0x080009ac                I2C4_EV_IRQHandler
                0x080009ac                FDCAN2_IT0_IRQHandler
                0x080009ac                LPUART1_IRQHandler
                0x080009ac                FDCAN1_IT0_IRQHandler
                0x080009ac                TIM2_IRQHandler
                0x080009ac                DMA2D_IRQHandler
                0x080009ac                TIM1_BRK_IRQHandler
                0x080009ac                EXTI1_IRQHandler
                0x080009ac                SDMMC2_IRQHandler
                0x080009ac                BDMA_Channel3_IRQHandler
                0x080009ac                DTS_IRQHandler
                0x080009ac                UART7_IRQHandler
                0x080009ac                MDIOS_WKUP_IRQHandler
                0x080009ac                USART2_IRQHandler
                0x080009ac                DFSDM1_FLT0_IRQHandler
                0x080009ac                SAI4_IRQHandler
                0x080009ac                I2C2_ER_IRQHandler
                0x080009ac                DMA2_Stream1_IRQHandler
                0x080009ac                FLASH_IRQHandler
                0x080009ac                DMA2_Stream4_IRQHandler
                0x080009ac                USART1_IRQHandler
                0x080009ac                SPI3_IRQHandler
                0x080009ac                WAKEUP_PIN_IRQHandler
                0x080009ac                DMA1_Stream4_IRQHandler
                0x080009ac                I2C1_ER_IRQHandler
                0x080009ac                FMC_IRQHandler
                0x080009ac                FDCAN_CAL_IRQHandler
                0x080009ac                SWPMI1_IRQHandler
                0x080009ac                COMP1_IRQHandler
                0x080009ac                LPTIM1_IRQHandler
                0x080009ac                DCMI_PSSI_IRQHandler
                0x080009ac                I2C4_ER_IRQHandler
                0x080009ac                DMA2_Stream6_IRQHandler
                0x080009ac                SAI1_IRQHandler
                0x080009ac                DMA1_Stream3_IRQHandler
 *fill*         0x080009ae        0x2 
 .text.HAL_Init
                0x080009b0       0x78 ./Drivers/STM32H7xx_HAL_Driver/Src/stm32h7xx_hal.o
                0x080009b0                HAL_Init
 .text.HAL_InitTick
                0x08000a28       0x6c ./Drivers/STM32H7xx_HAL_Driver/Src/stm32h7xx_hal.o
                0x08000a28                HAL_InitTick
 .text.HAL_IncTick
                0x08000a94       0x28 ./Drivers/STM32H7xx_HAL_Driver/Src/stm32h7xx_hal.o
                0x08000a94                HAL_IncTick
 .text.HAL_GetTick
                0x08000abc       0x18 ./Drivers/STM32H7xx_HAL_Driver/Src/stm32h7xx_hal.o
                0x08000abc                HAL_GetTick
 .text.HAL_Delay
                0x08000ad4       0x48 ./Drivers/STM32H7xx_HAL_Driver/Src/stm32h7xx_hal.o
                0x08000ad4                HAL_Delay
 .text.__NVIC_SetPriorityGrouping
                0x08000b1c       0x48 ./Drivers/STM32H7xx_HAL_Driver/Src/stm32h7xx_hal_cortex.o
 .text.__NVIC_GetPriorityGrouping
                0x08000b64       0x1c ./Drivers/STM32H7xx_HAL_Driver/Src/stm32h7xx_hal_cortex.o
 .text.__NVIC_EnableIRQ
                0x08000b80       0x3c ./Drivers/STM32H7xx_HAL_Driver/Src/stm32h7xx_hal_cortex.o
 .text.__NVIC_SetPriority
                0x08000bbc       0x54 ./Drivers/STM32H7xx_HAL_Driver/Src/stm32h7xx_hal_cortex.o
 .text.NVIC_EncodePriority
                0x08000c10       0x66 ./Drivers/STM32H7xx_HAL_Driver/Src/stm32h7xx_hal_cortex.o
 *fill*         0x08000c76        0x2 
 .text.SysTick_Config
                0x08000c78       0x44 ./Drivers/STM32H7xx_HAL_Driver/Src/stm32h7xx_hal_cortex.o
 .text.HAL_NVIC_SetPriorityGrouping
                0x08000cbc       0x16 ./Drivers/STM32H7xx_HAL_Driver/Src/stm32h7xx_hal_cortex.o
                0x08000cbc                HAL_NVIC_SetPriorityGrouping
 .text.HAL_NVIC_SetPriority
                0x08000cd2       0x34 ./Drivers/STM32H7xx_HAL_Driver/Src/stm32h7xx_hal_cortex.o
                0x08000cd2                HAL_NVIC_SetPriority
 .text.HAL_NVIC_EnableIRQ
                0x08000d06       0x1c ./Drivers/STM32H7xx_HAL_Driver/Src/stm32h7xx_hal_cortex.o
                0x08000d06                HAL_NVIC_EnableIRQ
 .text.HAL_SYSTICK_Config
                0x08000d22       0x18 ./Drivers/STM32H7xx_HAL_Driver/Src/stm32h7xx_hal_cortex.o
                0x08000d22                HAL_SYSTICK_Config
 *fill*         0x08000d3a        0x2 
 .text.HAL_MPU_Disable
                0x08000d3c       0x30 ./Drivers/STM32H7xx_HAL_Driver/Src/stm32h7xx_hal_cortex.o
                0x08000d3c                HAL_MPU_Disable
 .text.HAL_MPU_Enable
                0x08000d6c       0x40 ./Drivers/STM32H7xx_HAL_Driver/Src/stm32h7xx_hal_cortex.o
                0x08000d6c                HAL_MPU_Enable
 .text.HAL_MPU_ConfigRegion
                0x08000dac       0x80 ./Drivers/STM32H7xx_HAL_Driver/Src/stm32h7xx_hal_cortex.o
                0x08000dac                HAL_MPU_ConfigRegion
 .text.HAL_DMA_Init
                0x08000e2c      0x6b0 ./Drivers/STM32H7xx_HAL_Driver/Src/stm32h7xx_hal_dma.o
                0x08000e2c                HAL_DMA_Init
 .text.HAL_DMA_Start_IT
                0x080014dc      0x4d4 ./Drivers/STM32H7xx_HAL_Driver/Src/stm32h7xx_hal_dma.o
                0x080014dc                HAL_DMA_Start_IT
 .text.HAL_DMA_IRQHandler
                0x080019b0      0xe54 ./Drivers/STM32H7xx_HAL_Driver/Src/stm32h7xx_hal_dma.o
                0x080019b0                HAL_DMA_IRQHandler
 .text.HAL_DMA_RegisterCallback
                0x08002804       0xb4 ./Drivers/STM32H7xx_HAL_Driver/Src/stm32h7xx_hal_dma.o
                0x08002804                HAL_DMA_RegisterCallback
 .text.DMA_SetConfig
                0x080028b8      0x358 ./Drivers/STM32H7xx_HAL_Driver/Src/stm32h7xx_hal_dma.o
 .text.DMA_CalcBaseAndBitshift
                0x08002c10      0x164 ./Drivers/STM32H7xx_HAL_Driver/Src/stm32h7xx_hal_dma.o
 .text.DMA_CheckFifoParam
                0x08002d74       0xf8 ./Drivers/STM32H7xx_HAL_Driver/Src/stm32h7xx_hal_dma.o
 .text.DMA_CalcDMAMUXChannelBaseAndMask
                0x08002e6c      0x134 ./Drivers/STM32H7xx_HAL_Driver/Src/stm32h7xx_hal_dma.o
 .text.DMA_CalcDMAMUXRequestGenBaseAndMask
                0x08002fa0       0xe8 ./Drivers/STM32H7xx_HAL_Driver/Src/stm32h7xx_hal_dma.o
 .text.HAL_GPIO_Init
                0x08003088      0x364 ./Drivers/STM32H7xx_HAL_Driver/Src/stm32h7xx_hal_gpio.o
                0x08003088                HAL_GPIO_Init
 .text.HAL_GPIO_WritePin
                0x080033ec       0x32 ./Drivers/STM32H7xx_HAL_Driver/Src/stm32h7xx_hal_gpio.o
                0x080033ec                HAL_GPIO_WritePin
 .text.HAL_GPIO_TogglePin
                0x0800341e       0x34 ./Drivers/STM32H7xx_HAL_Driver/Src/stm32h7xx_hal_gpio.o
                0x0800341e                HAL_GPIO_TogglePin
 .text.HAL_PCD_Init
                0x08003452      0x218 ./Drivers/STM32H7xx_HAL_Driver/Src/stm32h7xx_hal_pcd.o
                0x08003452                HAL_PCD_Init
 .text.HAL_PCD_Start
                0x0800366a       0x6a ./Drivers/STM32H7xx_HAL_Driver/Src/stm32h7xx_hal_pcd.o
                0x0800366a                HAL_PCD_Start
 .text.HAL_PCD_IRQHandler
                0x080036d4      0x9d0 ./Drivers/STM32H7xx_HAL_Driver/Src/stm32h7xx_hal_pcd.o
                0x080036d4                HAL_PCD_IRQHandler
 .text.HAL_PCD_SetAddress
                0x080040a4       0x48 ./Drivers/STM32H7xx_HAL_Driver/Src/stm32h7xx_hal_pcd.o
                0x080040a4                HAL_PCD_SetAddress
 .text.HAL_PCD_EP_Open
                0x080040ec       0xd4 ./Drivers/STM32H7xx_HAL_Driver/Src/stm32h7xx_hal_pcd.o
                0x080040ec                HAL_PCD_EP_Open
 .text.HAL_PCD_EP_Close
                0x080041c0       0x94 ./Drivers/STM32H7xx_HAL_Driver/Src/stm32h7xx_hal_pcd.o
                0x080041c0                HAL_PCD_EP_Close
 .text.HAL_PCD_EP_Receive
                0x08004254       0x76 ./Drivers/STM32H7xx_HAL_Driver/Src/stm32h7xx_hal_pcd.o
                0x08004254                HAL_PCD_EP_Receive
 .text.HAL_PCD_EP_GetRxCount
                0x080042ca       0x30 ./Drivers/STM32H7xx_HAL_Driver/Src/stm32h7xx_hal_pcd.o
                0x080042ca                HAL_PCD_EP_GetRxCount
 .text.HAL_PCD_EP_Transmit
                0x080042fa       0x74 ./Drivers/STM32H7xx_HAL_Driver/Src/stm32h7xx_hal_pcd.o
                0x080042fa                HAL_PCD_EP_Transmit
 .text.HAL_PCD_EP_SetStall
                0x0800436e       0xc6 ./Drivers/STM32H7xx_HAL_Driver/Src/stm32h7xx_hal_pcd.o
                0x0800436e                HAL_PCD_EP_SetStall
 .text.HAL_PCD_EP_ClrStall
                0x08004434       0xac ./Drivers/STM32H7xx_HAL_Driver/Src/stm32h7xx_hal_pcd.o
                0x08004434                HAL_PCD_EP_ClrStall
 .text.HAL_PCD_EP_Abort
                0x080044e0       0x62 ./Drivers/STM32H7xx_HAL_Driver/Src/stm32h7xx_hal_pcd.o
                0x080044e0                HAL_PCD_EP_Abort
 .text.PCD_WriteEmptyTxFifo
                0x08004542      0x118 ./Drivers/STM32H7xx_HAL_Driver/Src/stm32h7xx_hal_pcd.o
 *fill*         0x0800465a        0x2 
 .text.PCD_EP_OutXfrComplete_int
                0x0800465c      0x1d0 ./Drivers/STM32H7xx_HAL_Driver/Src/stm32h7xx_hal_pcd.o
 .text.PCD_EP_OutSetupPacket_int
                0x0800482c       0x8c ./Drivers/STM32H7xx_HAL_Driver/Src/stm32h7xx_hal_pcd.o
 .text.HAL_PCDEx_SetTxFiFo
                0x080048b8       0x8e ./Drivers/STM32H7xx_HAL_Driver/Src/stm32h7xx_hal_pcd_ex.o
                0x080048b8                HAL_PCDEx_SetTxFiFo
 .text.HAL_PCDEx_SetRxFiFo
                0x08004946       0x22 ./Drivers/STM32H7xx_HAL_Driver/Src/stm32h7xx_hal_pcd_ex.o
                0x08004946                HAL_PCDEx_SetRxFiFo
 .text.HAL_PCDEx_ActivateLPM
                0x08004968       0x48 ./Drivers/STM32H7xx_HAL_Driver/Src/stm32h7xx_hal_pcd_ex.o
                0x08004968                HAL_PCDEx_ActivateLPM
 .text.HAL_PCDEx_LPM_Callback
                0x080049b0       0x18 ./Drivers/STM32H7xx_HAL_Driver/Src/stm32h7xx_hal_pcd_ex.o
                0x080049b0                HAL_PCDEx_LPM_Callback
 .text.HAL_PWREx_ConfigSupply
                0x080049c8       0x74 ./Drivers/STM32H7xx_HAL_Driver/Src/stm32h7xx_hal_pwr_ex.o
                0x080049c8                HAL_PWREx_ConfigSupply
 .text.HAL_PWREx_EnableUSBVoltageDetector
                0x08004a3c       0x20 ./Drivers/STM32H7xx_HAL_Driver/Src/stm32h7xx_hal_pwr_ex.o
                0x08004a3c                HAL_PWREx_EnableUSBVoltageDetector
 .text.HAL_RCC_OscConfig
                0x08004a5c      0x7b4 ./Drivers/STM32H7xx_HAL_Driver/Src/stm32h7xx_hal_rcc.o
                0x08004a5c                HAL_RCC_OscConfig
 .text.HAL_RCC_ClockConfig
                0x08005210      0x36c ./Drivers/STM32H7xx_HAL_Driver/Src/stm32h7xx_hal_rcc.o
                0x08005210                HAL_RCC_ClockConfig
 .text.HAL_RCC_GetSysClockFreq
                0x0800557c      0x2f4 ./Drivers/STM32H7xx_HAL_Driver/Src/stm32h7xx_hal_rcc.o
                0x0800557c                HAL_RCC_GetSysClockFreq
 .text.HAL_RCC_GetHCLKFreq
                0x08005870       0x60 ./Drivers/STM32H7xx_HAL_Driver/Src/stm32h7xx_hal_rcc.o
                0x08005870                HAL_RCC_GetHCLKFreq
 .text.HAL_RCCEx_PeriphCLKConfig
                0x080058d0     0x1340 ./Drivers/STM32H7xx_HAL_Driver/Src/stm32h7xx_hal_rcc_ex.o
                0x080058d0                HAL_RCCEx_PeriphCLKConfig
 .text.RCCEx_PLL2_Config
                0x08006c10      0x164 ./Drivers/STM32H7xx_HAL_Driver/Src/stm32h7xx_hal_rcc_ex.o
 .text.RCCEx_PLL3_Config
                0x08006d74      0x164 ./Drivers/STM32H7xx_HAL_Driver/Src/stm32h7xx_hal_rcc_ex.o
 .text.HAL_TIM_Base_Init
                0x08006ed8       0xae ./Drivers/STM32H7xx_HAL_Driver/Src/stm32h7xx_hal_tim.o
                0x08006ed8                HAL_TIM_Base_Init
 *fill*         0x08006f86        0x2 
 .text.HAL_TIM_Base_Start
                0x08006f88       0xfc ./Drivers/STM32H7xx_HAL_Driver/Src/stm32h7xx_hal_tim.o
                0x08006f88                HAL_TIM_Base_Start
 .text.HAL_TIM_IRQHandler
                0x08007084      0x20e ./Drivers/STM32H7xx_HAL_Driver/Src/stm32h7xx_hal_tim.o
                0x08007084                HAL_TIM_IRQHandler
 *fill*         0x08007292        0x2 
 .text.HAL_TIM_ConfigClockSource
                0x08007294      0x1f0 ./Drivers/STM32H7xx_HAL_Driver/Src/stm32h7xx_hal_tim.o
                0x08007294                HAL_TIM_ConfigClockSource
 .text.HAL_TIM_PeriodElapsedCallback
                0x08007484       0x14 ./Drivers/STM32H7xx_HAL_Driver/Src/stm32h7xx_hal_tim.o
                0x08007484                HAL_TIM_PeriodElapsedCallback
 .text.HAL_TIM_OC_DelayElapsedCallback
                0x08007498       0x14 ./Drivers/STM32H7xx_HAL_Driver/Src/stm32h7xx_hal_tim.o
                0x08007498                HAL_TIM_OC_DelayElapsedCallback
 .text.HAL_TIM_IC_CaptureCallback
                0x080074ac       0x14 ./Drivers/STM32H7xx_HAL_Driver/Src/stm32h7xx_hal_tim.o
                0x080074ac                HAL_TIM_IC_CaptureCallback
 .text.HAL_TIM_PWM_PulseFinishedCallback
                0x080074c0       0x14 ./Drivers/STM32H7xx_HAL_Driver/Src/stm32h7xx_hal_tim.o
                0x080074c0                HAL_TIM_PWM_PulseFinishedCallback
 .text.HAL_TIM_TriggerCallback
                0x080074d4       0x14 ./Drivers/STM32H7xx_HAL_Driver/Src/stm32h7xx_hal_tim.o
                0x080074d4                HAL_TIM_TriggerCallback
 .text.TIM_Base_SetConfig
                0x080074e8      0x158 ./Drivers/STM32H7xx_HAL_Driver/Src/stm32h7xx_hal_tim.o
                0x080074e8                TIM_Base_SetConfig
 .text.TIM_TI1_ConfigInputStage
                0x08007640       0xa8 ./Drivers/STM32H7xx_HAL_Driver/Src/stm32h7xx_hal_tim.o
 .text.TIM_TI2_ConfigInputStage
                0x080076e8       0x84 ./Drivers/STM32H7xx_HAL_Driver/Src/stm32h7xx_hal_tim.o
 .text.TIM_ITRx_SetConfig
                0x0800776c       0x3c ./Drivers/STM32H7xx_HAL_Driver/Src/stm32h7xx_hal_tim.o
 .text.TIM_ETR_SetConfig
                0x080077a8       0x40 ./Drivers/STM32H7xx_HAL_Driver/Src/stm32h7xx_hal_tim.o
                0x080077a8                TIM_ETR_SetConfig
 .text.HAL_TIMEx_MasterConfigSynchronization
                0x080077e8      0x138 ./Drivers/STM32H7xx_HAL_Driver/Src/stm32h7xx_hal_tim_ex.o
                0x080077e8                HAL_TIMEx_MasterConfigSynchronization
 .text.HAL_TIMEx_CommutCallback
                0x08007920       0x14 ./Drivers/STM32H7xx_HAL_Driver/Src/stm32h7xx_hal_tim_ex.o
                0x08007920                HAL_TIMEx_CommutCallback
 .text.HAL_TIMEx_BreakCallback
                0x08007934       0x14 ./Drivers/STM32H7xx_HAL_Driver/Src/stm32h7xx_hal_tim_ex.o
                0x08007934                HAL_TIMEx_BreakCallback
 .text.HAL_TIMEx_Break2Callback
                0x08007948       0x14 ./Drivers/STM32H7xx_HAL_Driver/Src/stm32h7xx_hal_tim_ex.o
                0x08007948                HAL_TIMEx_Break2Callback
 .text.USB_CoreInit
                0x0800795c       0xf0 ./Drivers/STM32H7xx_HAL_Driver/Src/stm32h7xx_ll_usb.o
                0x0800795c                USB_CoreInit
 .text.USB_SetTurnaroundTime
                0x08007a4c      0x144 ./Drivers/STM32H7xx_HAL_Driver/Src/stm32h7xx_ll_usb.o
                0x08007a4c                USB_SetTurnaroundTime
 .text.USB_EnableGlobalInt
                0x08007b90       0x22 ./Drivers/STM32H7xx_HAL_Driver/Src/stm32h7xx_ll_usb.o
                0x08007b90                USB_EnableGlobalInt
 .text.USB_DisableGlobalInt
                0x08007bb2       0x22 ./Drivers/STM32H7xx_HAL_Driver/Src/stm32h7xx_ll_usb.o
                0x08007bb2                USB_DisableGlobalInt
 .text.USB_SetCurrentMode
                0x08007bd4       0x98 ./Drivers/STM32H7xx_HAL_Driver/Src/stm32h7xx_ll_usb.o
                0x08007bd4                USB_SetCurrentMode
 .text.USB_DevInit
                0x08007c6c      0x2bc ./Drivers/STM32H7xx_HAL_Driver/Src/stm32h7xx_ll_usb.o
                0x08007c6c                USB_DevInit
 .text.USB_FlushTxFifo
                0x08007f28       0x64 ./Drivers/STM32H7xx_HAL_Driver/Src/stm32h7xx_ll_usb.o
                0x08007f28                USB_FlushTxFifo
 .text.USB_FlushRxFifo
                0x08007f8c       0x5c ./Drivers/STM32H7xx_HAL_Driver/Src/stm32h7xx_ll_usb.o
                0x08007f8c                USB_FlushRxFifo
 .text.USB_SetDevSpeed
                0x08007fe8       0x32 ./Drivers/STM32H7xx_HAL_Driver/Src/stm32h7xx_ll_usb.o
                0x08007fe8                USB_SetDevSpeed
 .text.USB_GetDevSpeed
                0x0800801a       0x4a ./Drivers/STM32H7xx_HAL_Driver/Src/stm32h7xx_ll_usb.o
                0x0800801a                USB_GetDevSpeed
 .text.USB_ActivateEndpoint
                0x08008064      0x110 ./Drivers/STM32H7xx_HAL_Driver/Src/stm32h7xx_ll_usb.o
                0x08008064                USB_ActivateEndpoint
 .text.USB_DeactivateEndpoint
                0x08008174      0x1b8 ./Drivers/STM32H7xx_HAL_Driver/Src/stm32h7xx_ll_usb.o
                0x08008174                USB_DeactivateEndpoint
 .text.USB_EPStartXfer
                0x0800832c      0x548 ./Drivers/STM32H7xx_HAL_Driver/Src/stm32h7xx_ll_usb.o
                0x0800832c                USB_EPStartXfer
 .text.USB_EPStopXfer
                0x08008874      0x1fa ./Drivers/STM32H7xx_HAL_Driver/Src/stm32h7xx_ll_usb.o
                0x08008874                USB_EPStopXfer
 .text.USB_EPSetStall
                0x08008a6e       0xdc ./Drivers/STM32H7xx_HAL_Driver/Src/stm32h7xx_ll_usb.o
                0x08008a6e                USB_EPSetStall
 .text.USB_EPClearStall
                0x08008b4a       0xcc ./Drivers/STM32H7xx_HAL_Driver/Src/stm32h7xx_ll_usb.o
                0x08008b4a                USB_EPClearStall
 .text.USB_WritePacket
                0x08008c16       0x7c ./Drivers/STM32H7xx_HAL_Driver/Src/stm32h7xx_ll_usb.o
                0x08008c16                USB_WritePacket
 .text.USB_ReadPacket
                0x08008c92       0xb0 ./Drivers/STM32H7xx_HAL_Driver/Src/stm32h7xx_ll_usb.o
                0x08008c92                USB_ReadPacket
 .text.USB_SetDevAddress
                0x08008d42       0x4c ./Drivers/STM32H7xx_HAL_Driver/Src/stm32h7xx_ll_usb.o
                0x08008d42                USB_SetDevAddress
 .text.USB_DevConnect
                0x08008d8e       0x42 ./Drivers/STM32H7xx_HAL_Driver/Src/stm32h7xx_ll_usb.o
                0x08008d8e                USB_DevConnect
 .text.USB_DevDisconnect
                0x08008dd0       0x42 ./Drivers/STM32H7xx_HAL_Driver/Src/stm32h7xx_ll_usb.o
                0x08008dd0                USB_DevDisconnect
 .text.USB_ReadInterrupts
                0x08008e12       0x26 ./Drivers/STM32H7xx_HAL_Driver/Src/stm32h7xx_ll_usb.o
                0x08008e12                USB_ReadInterrupts
 .text.USB_ReadDevAllOutEpInterrupt
                0x08008e38       0x34 ./Drivers/STM32H7xx_HAL_Driver/Src/stm32h7xx_ll_usb.o
                0x08008e38                USB_ReadDevAllOutEpInterrupt
 .text.USB_ReadDevAllInEpInterrupt
                0x08008e6c       0x34 ./Drivers/STM32H7xx_HAL_Driver/Src/stm32h7xx_ll_usb.o
                0x08008e6c                USB_ReadDevAllInEpInterrupt
 .text.USB_ReadDevOutEPInterrupt
                0x08008ea0       0x3c ./Drivers/STM32H7xx_HAL_Driver/Src/stm32h7xx_ll_usb.o
                0x08008ea0                USB_ReadDevOutEPInterrupt
 .text.USB_ReadDevInEPInterrupt
                0x08008edc       0x5c ./Drivers/STM32H7xx_HAL_Driver/Src/stm32h7xx_ll_usb.o
                0x08008edc                USB_ReadDevInEPInterrupt
 .text.USB_GetMode
                0x08008f38       0x1c ./Drivers/STM32H7xx_HAL_Driver/Src/stm32h7xx_ll_usb.o
                0x08008f38                USB_GetMode
 .text.USB_ActivateSetup
                0x08008f54       0x48 ./Drivers/STM32H7xx_HAL_Driver/Src/stm32h7xx_ll_usb.o
                0x08008f54                USB_ActivateSetup
 .text.USB_EP0_OutStart
                0x08008f9c       0xbc ./Drivers/STM32H7xx_HAL_Driver/Src/stm32h7xx_ll_usb.o
                0x08008f9c                USB_EP0_OutStart
 .text.USB_CoreReset
                0x08009058       0x70 ./Drivers/STM32H7xx_HAL_Driver/Src/stm32h7xx_ll_usb.o
 .text.USBD_CDC_Init
                0x080090c8      0x1f0 ./Middlewares/ST/STM32_USB_Device_Library/Class/CDC/Src/usbd_cdc.o
 .text.USBD_CDC_DeInit
                0x080092b8      0x104 ./Middlewares/ST/STM32_USB_Device_Library/Class/CDC/Src/usbd_cdc.o
 .text.USBD_CDC_Setup
                0x080093bc      0x1b8 ./Middlewares/ST/STM32_USB_Device_Library/Class/CDC/Src/usbd_cdc.o
 .text.USBD_CDC_DataIn
                0x08009574       0xfe ./Middlewares/ST/STM32_USB_Device_Library/Class/CDC/Src/usbd_cdc.o
 .text.USBD_CDC_DataOut
                0x08009672       0x70 ./Middlewares/ST/STM32_USB_Device_Library/Class/CDC/Src/usbd_cdc.o
 .text.USBD_CDC_EP0_RxReady
                0x080096e2       0x74 ./Middlewares/ST/STM32_USB_Device_Library/Class/CDC/Src/usbd_cdc.o
 *fill*         0x08009756        0x2 
 .text.USBD_CDC_GetFSCfgDesc
                0x08009758       0x70 ./Middlewares/ST/STM32_USB_Device_Library/Class/CDC/Src/usbd_cdc.o
 .text.USBD_CDC_GetHSCfgDesc
                0x080097c8       0x70 ./Middlewares/ST/STM32_USB_Device_Library/Class/CDC/Src/usbd_cdc.o
 .text.USBD_CDC_GetOtherSpeedCfgDesc
                0x08009838       0x70 ./Middlewares/ST/STM32_USB_Device_Library/Class/CDC/Src/usbd_cdc.o
 .text.USBD_CDC_GetDeviceQualifierDescriptor
                0x080098a8       0x20 ./Middlewares/ST/STM32_USB_Device_Library/Class/CDC/Src/usbd_cdc.o
                0x080098a8                USBD_CDC_GetDeviceQualifierDescriptor
 .text.USBD_CDC_RegisterInterface
                0x080098c8       0x34 ./Middlewares/ST/STM32_USB_Device_Library/Class/CDC/Src/usbd_cdc.o
                0x080098c8                USBD_CDC_RegisterInterface
 .text.USBD_CDC_SetTxBuffer
                0x080098fc       0x44 ./Middlewares/ST/STM32_USB_Device_Library/Class/CDC/Src/usbd_cdc.o
                0x080098fc                USBD_CDC_SetTxBuffer
 .text.USBD_CDC_SetRxBuffer
                0x08009940       0x3a ./Middlewares/ST/STM32_USB_Device_Library/Class/CDC/Src/usbd_cdc.o
                0x08009940                USBD_CDC_SetRxBuffer
 *fill*         0x0800997a        0x2 
 .text.USBD_CDC_ReceivePacket
                0x0800997c       0x6c ./Middlewares/ST/STM32_USB_Device_Library/Class/CDC/Src/usbd_cdc.o
                0x0800997c                USBD_CDC_ReceivePacket
 .text.USBD_Init
                0x080099e8       0x60 ./Middlewares/ST/STM32_USB_Device_Library/Core/Src/usbd_core.o
                0x080099e8                USBD_Init
 .text.USBD_RegisterClass
                0x08009a48       0x6c ./Middlewares/ST/STM32_USB_Device_Library/Core/Src/usbd_core.o
                0x08009a48                USBD_RegisterClass
 .text.USBD_Start
                0x08009ab4       0x18 ./Middlewares/ST/STM32_USB_Device_Library/Core/Src/usbd_core.o
                0x08009ab4                USBD_Start
 .text.USBD_RunTestMode
                0x08009acc       0x16 ./Middlewares/ST/STM32_USB_Device_Library/Core/Src/usbd_core.o
                0x08009acc                USBD_RunTestMode
 .text.USBD_SetClassConfig
                0x08009ae2       0x38 ./Middlewares/ST/STM32_USB_Device_Library/Core/Src/usbd_core.o
                0x08009ae2                USBD_SetClassConfig
 .text.USBD_ClrClassConfig
                0x08009b1a       0x34 ./Middlewares/ST/STM32_USB_Device_Library/Core/Src/usbd_core.o
                0x08009b1a                USBD_ClrClassConfig
 .text.USBD_LL_SetupStage
                0x08009b4e       0xaa ./Middlewares/ST/STM32_USB_Device_Library/Core/Src/usbd_core.o
                0x08009b4e                USBD_LL_SetupStage
 .text.USBD_LL_DataOutStage
                0x08009bf8      0x178 ./Middlewares/ST/STM32_USB_Device_Library/Core/Src/usbd_core.o
                0x08009bf8                USBD_LL_DataOutStage
 .text.USBD_LL_DataInStage
                0x08009d70      0x176 ./Middlewares/ST/STM32_USB_Device_Library/Core/Src/usbd_core.o
                0x08009d70                USBD_LL_DataInStage
 .text.USBD_LL_Reset
                0x08009ee6       0xa6 ./Middlewares/ST/STM32_USB_Device_Library/Core/Src/usbd_core.o
                0x08009ee6                USBD_LL_Reset
 .text.USBD_LL_SetSpeed
                0x08009f8c       0x20 ./Middlewares/ST/STM32_USB_Device_Library/Core/Src/usbd_core.o
                0x08009f8c                USBD_LL_SetSpeed
 .text.USBD_LL_Suspend
                0x08009fac       0x38 ./Middlewares/ST/STM32_USB_Device_Library/Core/Src/usbd_core.o
                0x08009fac                USBD_LL_Suspend
 .text.USBD_LL_Resume
                0x08009fe4       0x30 ./Middlewares/ST/STM32_USB_Device_Library/Core/Src/usbd_core.o
                0x08009fe4                USBD_LL_Resume
 .text.USBD_LL_SOF
                0x0800a014       0x40 ./Middlewares/ST/STM32_USB_Device_Library/Core/Src/usbd_core.o
                0x0800a014                USBD_LL_SOF
 .text.USBD_LL_IsoINIncomplete
                0x0800a054       0x64 ./Middlewares/ST/STM32_USB_Device_Library/Core/Src/usbd_core.o
                0x0800a054                USBD_LL_IsoINIncomplete
 .text.USBD_LL_IsoOUTIncomplete
                0x0800a0b8       0x64 ./Middlewares/ST/STM32_USB_Device_Library/Core/Src/usbd_core.o
                0x0800a0b8                USBD_LL_IsoOUTIncomplete
 .text.USBD_LL_DevConnected
                0x0800a11c       0x16 ./Middlewares/ST/STM32_USB_Device_Library/Core/Src/usbd_core.o
                0x0800a11c                USBD_LL_DevConnected
 .text.USBD_LL_DevDisconnected
                0x0800a132       0x46 ./Middlewares/ST/STM32_USB_Device_Library/Core/Src/usbd_core.o
                0x0800a132                USBD_LL_DevDisconnected
 .text.USBD_CoreFindIF
                0x0800a178       0x1a ./Middlewares/ST/STM32_USB_Device_Library/Core/Src/usbd_core.o
                0x0800a178                USBD_CoreFindIF
 .text.USBD_CoreFindEP
                0x0800a192       0x1a ./Middlewares/ST/STM32_USB_Device_Library/Core/Src/usbd_core.o
                0x0800a192                USBD_CoreFindEP
 .text.USBD_GetEpDesc
                0x0800a1ac       0x70 ./Middlewares/ST/STM32_USB_Device_Library/Core/Src/usbd_core.o
                0x0800a1ac                USBD_GetEpDesc
 .text.USBD_GetNextDesc
                0x0800a21c       0x38 ./Middlewares/ST/STM32_USB_Device_Library/Core/Src/usbd_core.o
                0x0800a21c                USBD_GetNextDesc
 .text.SWAPBYTE
                0x0800a254       0x3e ./Middlewares/ST/STM32_USB_Device_Library/Core/Src/usbd_ctlreq.o
 *fill*         0x0800a292        0x2 
 .text.USBD_StdDevReq
                0x0800a294       0xe4 ./Middlewares/ST/STM32_USB_Device_Library/Core/Src/usbd_ctlreq.o
                0x0800a294                USBD_StdDevReq
 .text.USBD_StdItfReq
                0x0800a378       0xd8 ./Middlewares/ST/STM32_USB_Device_Library/Core/Src/usbd_ctlreq.o
                0x0800a378                USBD_StdItfReq
 .text.USBD_StdEPReq
                0x0800a450      0x33e ./Middlewares/ST/STM32_USB_Device_Library/Core/Src/usbd_ctlreq.o
                0x0800a450                USBD_StdEPReq
 *fill*         0x0800a78e        0x2 
 .text.USBD_GetDescriptor
                0x0800a790      0x328 ./Middlewares/ST/STM32_USB_Device_Library/Core/Src/usbd_ctlreq.o
 .text.USBD_SetAddress
                0x0800aab8       0x88 ./Middlewares/ST/STM32_USB_Device_Library/Core/Src/usbd_ctlreq.o
 .text.USBD_SetConfig
                0x0800ab40      0x154 ./Middlewares/ST/STM32_USB_Device_Library/Core/Src/usbd_ctlreq.o
 .text.USBD_GetConfig
                0x0800ac94       0x6c ./Middlewares/ST/STM32_USB_Device_Library/Core/Src/usbd_ctlreq.o
 .text.USBD_GetStatus
                0x0800ad00       0x68 ./Middlewares/ST/STM32_USB_Device_Library/Core/Src/usbd_ctlreq.o
 .text.USBD_SetFeature
                0x0800ad68       0x52 ./Middlewares/ST/STM32_USB_Device_Library/Core/Src/usbd_ctlreq.o
 .text.USBD_ClrFeature
                0x0800adba       0x44 ./Middlewares/ST/STM32_USB_Device_Library/Core/Src/usbd_ctlreq.o
 .text.USBD_ParseSetupRequest
                0x0800adfe       0x74 ./Middlewares/ST/STM32_USB_Device_Library/Core/Src/usbd_ctlreq.o
                0x0800adfe                USBD_ParseSetupRequest
 .text.USBD_CtlError
                0x0800ae72       0x22 ./Middlewares/ST/STM32_USB_Device_Library/Core/Src/usbd_ctlreq.o
                0x0800ae72                USBD_CtlError
 .text.USBD_GetString
                0x0800ae94       0xa4 ./Middlewares/ST/STM32_USB_Device_Library/Core/Src/usbd_ctlreq.o
                0x0800ae94                USBD_GetString
 .text.USBD_GetLen
                0x0800af38       0x34 ./Middlewares/ST/STM32_USB_Device_Library/Core/Src/usbd_ctlreq.o
 .text.USBD_CtlSendData
                0x0800af6c       0x3c ./Middlewares/ST/STM32_USB_Device_Library/Core/Src/usbd_ioreq.o
                0x0800af6c                USBD_CtlSendData
 .text.USBD_CtlContinueSendData
                0x0800afa8       0x22 ./Middlewares/ST/STM32_USB_Device_Library/Core/Src/usbd_ioreq.o
                0x0800afa8                USBD_CtlContinueSendData
 .text.USBD_CtlPrepareRx
                0x0800afca       0x42 ./Middlewares/ST/STM32_USB_Device_Library/Core/Src/usbd_ioreq.o
                0x0800afca                USBD_CtlPrepareRx
 .text.USBD_CtlContinueRx
                0x0800b00c       0x22 ./Middlewares/ST/STM32_USB_Device_Library/Core/Src/usbd_ioreq.o
                0x0800b00c                USBD_CtlContinueRx
 .text.USBD_CtlSendStatus
                0x0800b02e       0x26 ./Middlewares/ST/STM32_USB_Device_Library/Core/Src/usbd_ioreq.o
                0x0800b02e                USBD_CtlSendStatus
 .text.USBD_CtlReceiveStatus
                0x0800b054       0x26 ./Middlewares/ST/STM32_USB_Device_Library/Core/Src/usbd_ioreq.o
                0x0800b054                USBD_CtlReceiveStatus
 *fill*         0x0800b07a        0x2 
 .text.MX_USB_DEVICE_Init
                0x0800b07c       0x64 ./USB_DEVICE/App/usb_device.o
                0x0800b07c                MX_USB_DEVICE_Init
 .text.CDC_Init_HS
                0x0800b0e0       0x28 ./USB_DEVICE/App/usbd_cdc_if.o
 .text.CDC_DeInit_HS
                0x0800b108       0x10 ./USB_DEVICE/App/usbd_cdc_if.o
 .text.CDC_Control_HS
                0x0800b118       0xbc ./USB_DEVICE/App/usbd_cdc_if.o
 .text.CDC_Receive_HS
                0x0800b1d4       0x28 ./USB_DEVICE/App/usbd_cdc_if.o
 .text.CDC_TransmitCplt_HS
                0x0800b1fc       0x22 ./USB_DEVICE/App/usbd_cdc_if.o
 *fill*         0x0800b21e        0x2 
 .text.USBD_HS_DeviceDescriptor
                0x0800b220       0x24 ./USB_DEVICE/App/usbd_desc.o
                0x0800b220                USBD_HS_DeviceDescriptor
 .text.USBD_HS_LangIDStrDescriptor
                0x0800b244       0x24 ./USB_DEVICE/App/usbd_desc.o
                0x0800b244                USBD_HS_LangIDStrDescriptor
 .text.USBD_HS_ProductStrDescriptor
                0x0800b268       0x3c ./USB_DEVICE/App/usbd_desc.o
                0x0800b268                USBD_HS_ProductStrDescriptor
 .text.USBD_HS_ManufacturerStrDescriptor
                0x0800b2a4       0x28 ./USB_DEVICE/App/usbd_desc.o
                0x0800b2a4                USBD_HS_ManufacturerStrDescriptor
 .text.USBD_HS_SerialStrDescriptor
                0x0800b2cc       0x24 ./USB_DEVICE/App/usbd_desc.o
                0x0800b2cc                USBD_HS_SerialStrDescriptor
 .text.USBD_HS_ConfigStrDescriptor
                0x0800b2f0       0x3c ./USB_DEVICE/App/usbd_desc.o
                0x0800b2f0                USBD_HS_ConfigStrDescriptor
 .text.USBD_HS_InterfaceStrDescriptor
                0x0800b32c       0x3c ./USB_DEVICE/App/usbd_desc.o
                0x0800b32c                USBD_HS_InterfaceStrDescriptor
 .text.Get_SerialNum
                0x0800b368       0x58 ./USB_DEVICE/App/usbd_desc.o
 .text.IntToUnicode
                0x0800b3c0       0x7e ./USB_DEVICE/App/usbd_desc.o
 *fill*         0x0800b43e        0x2 
 .text.HAL_PCD_MspInit
                0x0800b440       0x8c ./USB_DEVICE/Target/usbd_conf.o
                0x0800b440                HAL_PCD_MspInit
 .text.HAL_PCD_SetupStageCallback
                0x0800b4cc       0x24 ./USB_DEVICE/Target/usbd_conf.o
                0x0800b4cc                HAL_PCD_SetupStageCallback
 .text.HAL_PCD_DataOutStageCallback
                0x0800b4f0       0x36 ./USB_DEVICE/Target/usbd_conf.o
                0x0800b4f0                HAL_PCD_DataOutStageCallback
 .text.HAL_PCD_DataInStageCallback
                0x0800b526       0x34 ./USB_DEVICE/Target/usbd_conf.o
                0x0800b526                HAL_PCD_DataInStageCallback
 .text.HAL_PCD_SOFCallback
                0x0800b55a       0x1c ./USB_DEVICE/Target/usbd_conf.o
                0x0800b55a                HAL_PCD_SOFCallback
 .text.HAL_PCD_ResetCallback
                0x0800b576       0x50 ./USB_DEVICE/Target/usbd_conf.o
                0x0800b576                HAL_PCD_ResetCallback
 *fill*         0x0800b5c6        0x2 
 .text.HAL_PCD_SuspendCallback
                0x0800b5c8       0x4c ./USB_DEVICE/Target/usbd_conf.o
                0x0800b5c8                HAL_PCD_SuspendCallback
 .text.HAL_PCD_ResumeCallback
                0x0800b614       0x1c ./USB_DEVICE/Target/usbd_conf.o
                0x0800b614                HAL_PCD_ResumeCallback
 .text.HAL_PCD_ISOOUTIncompleteCallback
                0x0800b630       0x24 ./USB_DEVICE/Target/usbd_conf.o
                0x0800b630                HAL_PCD_ISOOUTIncompleteCallback
 .text.HAL_PCD_ISOINIncompleteCallback
                0x0800b654       0x24 ./USB_DEVICE/Target/usbd_conf.o
                0x0800b654                HAL_PCD_ISOINIncompleteCallback
 .text.HAL_PCD_ConnectCallback
                0x0800b678       0x1c ./USB_DEVICE/Target/usbd_conf.o
                0x0800b678                HAL_PCD_ConnectCallback
 .text.HAL_PCD_DisconnectCallback
                0x0800b694       0x1c ./USB_DEVICE/Target/usbd_conf.o
                0x0800b694                HAL_PCD_DisconnectCallback
 .text.USBD_LL_Init
                0x0800b6b0       0xa4 ./USB_DEVICE/Target/usbd_conf.o
                0x0800b6b0                USBD_LL_Init
 .text.USBD_LL_Start
                0x0800b754       0x36 ./USB_DEVICE/Target/usbd_conf.o
                0x0800b754                USBD_LL_Start
 .text.USBD_LL_OpenEP
                0x0800b78a       0x4c ./USB_DEVICE/Target/usbd_conf.o
                0x0800b78a                USBD_LL_OpenEP
 .text.USBD_LL_CloseEP
                0x0800b7d6       0x3e ./USB_DEVICE/Target/usbd_conf.o
                0x0800b7d6                USBD_LL_CloseEP
 .text.USBD_LL_StallEP
                0x0800b814       0x3e ./USB_DEVICE/Target/usbd_conf.o
                0x0800b814                USBD_LL_StallEP
 .text.USBD_LL_ClearStallEP
                0x0800b852       0x3e ./USB_DEVICE/Target/usbd_conf.o
                0x0800b852                USBD_LL_ClearStallEP
 .text.USBD_LL_IsStallEP
                0x0800b890       0x58 ./USB_DEVICE/Target/usbd_conf.o
                0x0800b890                USBD_LL_IsStallEP
 .text.USBD_LL_SetUSBAddress
                0x0800b8e8       0x3e ./USB_DEVICE/Target/usbd_conf.o
                0x0800b8e8                USBD_LL_SetUSBAddress
 .text.USBD_LL_Transmit
                0x0800b926       0x42 ./USB_DEVICE/Target/usbd_conf.o
                0x0800b926                USBD_LL_Transmit
 .text.USBD_LL_PrepareReceive
                0x0800b968       0x42 ./USB_DEVICE/Target/usbd_conf.o
                0x0800b968                USBD_LL_PrepareReceive
 .text.USBD_LL_GetRxDataSize
                0x0800b9aa       0x26 ./USB_DEVICE/Target/usbd_conf.o
                0x0800b9aa                USBD_LL_GetRxDataSize
 .text.USBD_static_malloc
                0x0800b9d0       0x1c ./USB_DEVICE/Target/usbd_conf.o
                0x0800b9d0                USBD_static_malloc
 .text.USBD_static_free
                0x0800b9ec       0x14 ./USB_DEVICE/Target/usbd_conf.o
                0x0800b9ec                USBD_static_free
 .text.USBD_Get_USB_Status
                0x0800ba00       0x58 ./USB_DEVICE/Target/usbd_conf.o
                0x0800ba00                USBD_Get_USB_Status
 .text.memset   0x0800ba58       0x10 C:/ST/STM32CubeIDE_2.2.0/STM32CubeIDE/plugins/com.st.stm32cube.ide.mcu.externaltools.gnu-tools-for-stm32.14.3.rel1.win32_1.0.100.202602081740/tools/bin/../lib/gcc/arm-none-eabi/14.3.1/../../../../arm-none-eabi/lib/thumb/v7e-m+dp/hard\libc_nano.a(libc_a-memset.o)
                0x0800ba58                memset
 .text.__libc_init_array
                0x0800ba68       0x48 C:/ST/STM32CubeIDE_2.2.0/STM32CubeIDE/plugins/com.st.stm32cube.ide.mcu.externaltools.gnu-tools-for-stm32.14.3.rel1.win32_1.0.100.202602081740/tools/bin/../lib/gcc/arm-none-eabi/14.3.1/../../../../arm-none-eabi/lib/thumb/v7e-m+dp/hard\libc_nano.a(libc_a-init.o)
                0x0800ba68                __libc_init_array
 *(.glue_7)
 .glue_7        0x0800bab0        0x0 linker stubs
 *(.glue_7t)
 .glue_7t       0x0800bab0        0x0 linker stubs
 *(.eh_frame)
 .eh_frame      0x0800bab0        0x0 C:/ST/STM32CubeIDE_2.2.0/STM32CubeIDE/plugins/com.st.stm32cube.ide.mcu.externaltools.gnu-tools-for-stm32.14.3.rel1.win32_1.0.100.202602081740/tools/bin/../lib/gcc/arm-none-eabi/14.3.1/thumb/v7e-m+dp/hard/crtbegin.o
 *(.init)
 .init          0x0800bab0        0x4 C:/ST/STM32CubeIDE_2.2.0/STM32CubeIDE/plugins/com.st.stm32cube.ide.mcu.externaltools.gnu-tools-for-stm32.14.3.rel1.win32_1.0.100.202602081740/tools/bin/../lib/gcc/arm-none-eabi/14.3.1/thumb/v7e-m+dp/hard/crti.o
                0x0800bab0                _init
 .init          0x0800bab4        0x8 C:/ST/STM32CubeIDE_2.2.0/STM32CubeIDE/plugins/com.st.stm32cube.ide.mcu.externaltools.gnu-tools-for-stm32.14.3.rel1.win32_1.0.100.202602081740/tools/bin/../lib/gcc/arm-none-eabi/14.3.1/thumb/v7e-m+dp/hard/crtn.o
 *(.fini)
 .fini          0x0800babc        0x4 C:/ST/STM32CubeIDE_2.2.0/STM32CubeIDE/plugins/com.st.stm32cube.ide.mcu.externaltools.gnu-tools-for-stm32.14.3.rel1.win32_1.0.100.202602081740/tools/bin/../lib/gcc/arm-none-eabi/14.3.1/thumb/v7e-m+dp/hard/crti.o
                0x0800babc                _fini
 .fini          0x0800bac0        0x8 C:/ST/STM32CubeIDE_2.2.0/STM32CubeIDE/plugins/com.st.stm32cube.ide.mcu.externaltools.gnu-tools-for-stm32.14.3.rel1.win32_1.0.100.202602081740/tools/bin/../lib/gcc/arm-none-eabi/14.3.1/thumb/v7e-m+dp/hard/crtn.o
                0x0800bac8                        . = ALIGN (0x4)
                0x0800bac8                        _etext = .

.vfp11_veneer   0x0800bac8        0x0
 .vfp11_veneer  0x0800bac8        0x0 linker stubs

.v4_bx          0x0800bac8        0x0
 .v4_bx         0x0800bac8        0x0 linker stubs

.iplt           0x0800bac8        0x0
 .iplt          0x0800bac8        0x0 C:/ST/STM32CubeIDE_2.2.0/STM32CubeIDE/plugins/com.st.stm32cube.ide.mcu.externaltools.gnu-tools-for-stm32.14.3.rel1.win32_1.0.100.202602081740/tools/bin/../lib/gcc/arm-none-eabi/14.3.1/thumb/v7e-m+dp/hard/crtbegin.o

.rodata         0x0800bac8       0x60
                0x0800bac8                        . = ALIGN (0x4)
 *(.rodata)
 *(.rodata*)
 .rodata.D1CorePrescTable
                0x0800bac8       0x10 ./Core/Src/system_stm32h7xx.o
                0x0800bac8                D1CorePrescTable
 .rodata.flagBitshiftOffset.0
                0x0800bad8        0x8 ./Drivers/STM32H7xx_HAL_Driver/Src/stm32h7xx_hal_dma.o
 .rodata.USBD_HS_ProductStrDescriptor.str1.4
                0x0800bae0       0x46 ./USB_DEVICE/App/usbd_desc.o
                                 0x16 (size before relaxing)
 .rodata.USBD_HS_ManufacturerStrDescriptor.str1.4
                0x0800bb26       0x13 ./USB_DEVICE/App/usbd_desc.o
 .rodata.USBD_HS_ConfigStrDescriptor.str1.4
                0x0800bb26        0xb ./USB_DEVICE/App/usbd_desc.o
 .rodata.USBD_HS_InterfaceStrDescriptor.str1.4
                0x0800bb26        0xe ./USB_DEVICE/App/usbd_desc.o
                0x0800bb3c                        . = ALIGN (0x4)
 *fill*         0x0800bb26        0x2 

.ARM.extab
 *(.ARM.extab* .gnu.linkonce.armextab.*)

.ARM            0x0800bb28        0x0
                0x0800bb28                        __exidx_start = .
 *(.ARM.exidx*)
                0x0800bb28                        __exidx_end = .

.preinit_array  0x0800bb28        0x0
                0x0800bb28                        PROVIDE (__preinit_array_start = .)
 *(.preinit_array*)
                0x0800bb28                        PROVIDE (__preinit_array_end = .)

.init_array     0x0800bb28        0x4
                0x0800bb28                        PROVIDE (__init_array_start = .)
 *(SORT_BY_NAME(.init_array.*))
 *(.init_array*)
 .init_array    0x0800bb28        0x4 C:/ST/STM32CubeIDE_2.2.0/STM32CubeIDE/plugins/com.st.stm32cube.ide.mcu.externaltools.gnu-tools-for-stm32.14.3.rel1.win32_1.0.100.202602081740/tools/bin/../lib/gcc/arm-none-eabi/14.3.1/thumb/v7e-m+dp/hard/crtbegin.o
                0x0800bb2c                        PROVIDE (__init_array_end = .)

.fini_array     0x0800bb2c        0x4
                [!provide]                        PROVIDE (__fini_array_start = .)
 *(SORT_BY_NAME(.fini_array.*))
 *(.fini_array*)
 .fini_array    0x0800bb2c        0x4 C:/ST/STM32CubeIDE_2.2.0/STM32CubeIDE/plugins/com.st.stm32cube.ide.mcu.externaltools.gnu-tools-for-stm32.14.3.rel1.win32_1.0.100.202602081740/tools/bin/../lib/gcc/arm-none-eabi/14.3.1/thumb/v7e-m+dp/hard/crtbegin.o
                [!provide]                        PROVIDE (__fini_array_end = .)
                0x0800bb30                        _sidata = LOADADDR (.data)

.rel.dyn        0x0800bb30        0x0
 .rel.iplt      0x0800bb30        0x0 C:/ST/STM32CubeIDE_2.2.0/STM32CubeIDE/plugins/com.st.stm32cube.ide.mcu.externaltools.gnu-tools-for-stm32.14.3.rel1.win32_1.0.100.202602081740/tools/bin/../lib/gcc/arm-none-eabi/14.3.1/thumb/v7e-m+dp/hard/crtbegin.o

.data           0x24000000      0x104 load address 0x0800bb30
                0x24000000                        . = ALIGN (0x4)
                0x24000000                        _sdata = .
 *(.data)
 *(.data*)
 .data.SystemCoreClock
                0x24000000        0x4 ./Core/Src/system_stm32h7xx.o
                0x24000000                SystemCoreClock
 .data.SystemD2Clock
                0x24000004        0x4 ./Core/Src/system_stm32h7xx.o
                0x24000004                SystemD2Clock
 .data.uwTickPrio
                0x24000008        0x4 ./Drivers/STM32H7xx_HAL_Driver/Src/stm32h7xx_hal.o
                0x24000008                uwTickPrio
 .data.uwTickFreq
                0x2400000c        0x1 ./Drivers/STM32H7xx_HAL_Driver/Src/stm32h7xx_hal.o
                0x2400000c                uwTickFreq
 *fill*         0x2400000d        0x3 
 .data.USBD_CDC_DeviceQualifierDesc
                0x24000010        0xa ./Middlewares/ST/STM32_USB_Device_Library/Class/CDC/Src/usbd_cdc.o
 *fill*         0x2400001a        0x2 
 .data.USBD_CDC
                0x2400001c       0x38 ./Middlewares/ST/STM32_USB_Device_Library/Class/CDC/Src/usbd_cdc.o
                0x2400001c                USBD_CDC
 .data.USBD_CDC_CfgDesc
                0x24000054       0x43 ./Middlewares/ST/STM32_USB_Device_Library/Class/CDC/Src/usbd_cdc.o
 .data.CDCInEpAdd
                0x24000097        0x1 ./Middlewares/ST/STM32_USB_Device_Library/Class/CDC/Src/usbd_cdc.o
 .data.CDCOutEpAdd
                0x24000098        0x1 ./Middlewares/ST/STM32_USB_Device_Library/Class/CDC/Src/usbd_cdc.o
 .data.CDCCmdEpAdd
                0x24000099        0x1 ./Middlewares/ST/STM32_USB_Device_Library/Class/CDC/Src/usbd_cdc.o
 *fill*         0x2400009a        0x2 
 .data.USBD_Interface_fops_HS
                0x2400009c       0x14 ./USB_DEVICE/App/usbd_cdc_if.o
                0x2400009c                USBD_Interface_fops_HS
 .data.HS_Desc  0x240000b0       0x20 ./USB_DEVICE/App/usbd_desc.o
                0x240000b0                HS_Desc
 .data.USBD_HS_DeviceDesc
                0x240000d0       0x12 ./USB_DEVICE/App/usbd_desc.o
                0x240000d0                USBD_HS_DeviceDesc
 *fill*         0x240000e2        0x2 
 .data.USBD_LangIDDesc
                0x240000e4        0x4 ./USB_DEVICE/App/usbd_desc.o
                0x240000e4                USBD_LangIDDesc
 .data.USBD_StringSerial
                0x240000e8       0x1a ./USB_DEVICE/App/usbd_desc.o
                0x240000e8                USBD_StringSerial
 *(.RamFunc)
 *(.RamFunc*)
                0x24000104                        . = ALIGN (0x4)
 *fill*         0x24000102        0x2 
                0x24000104                        _edata = .

.igot.plt       0x24000104        0x0 load address 0x0800bc34
 .igot.plt      0x24000104        0x0 C:/ST/STM32CubeIDE_2.2.0/STM32CubeIDE/plugins/com.st.stm32cube.ide.mcu.externaltools.gnu-tools-for-stm32.14.3.rel1.win32_1.0.100.202602081740/tools/bin/../lib/gcc/arm-none-eabi/14.3.1/thumb/v7e-m+dp/hard/crtbegin.o
                0x24000104                        . = ALIGN (0x4)

.bss            0x24000104     0x1cfc load address 0x0800bc34
                0x24000104                        _sbss = .
                0x24000104                        __bss_start__ = _sbss
 *(.bss)
 .bss           0x24000104       0x1c C:/ST/STM32CubeIDE_2.2.0/STM32CubeIDE/plugins/com.st.stm32cube.ide.mcu.externaltools.gnu-tools-for-stm32.14.3.rel1.win32_1.0.100.202602081740/tools/bin/../lib/gcc/arm-none-eabi/14.3.1/thumb/v7e-m+dp/hard/crtbegin.o
 *(.bss*)
 .bss.htim1     0x24000120       0x4c ./Core/Src/main.o
                0x24000120                htim1
 .bss.hdma_tim1_up
                0x2400016c       0x78 ./Core/Src/main.o
                0x2400016c                hdma_tim1_up
 .bss.sample    0x240001e4       0x28 ./Core/Src/main.o
                0x240001e4                sample
 .bss.channels  0x2400020c        0xa ./Core/Src/main.o
                0x2400020c                channels
 .bss.capture_done
                0x24000216        0x1 ./Core/Src/main.o
                0x24000216                capture_done
 *fill*         0x24000217        0x1 
 .bss.uwTick    0x24000218        0x4 ./Drivers/STM32H7xx_HAL_Driver/Src/stm32h7xx_hal.o
                0x24000218                uwTick
 .bss.cfgidx.0  0x2400021c        0x1 ./Middlewares/ST/STM32_USB_Device_Library/Core/Src/usbd_ctlreq.o
 *fill*         0x2400021d        0x3 
 .bss.hUsbDeviceHS
                0x24000220      0x2dc ./USB_DEVICE/App/usb_device.o
                0x24000220                hUsbDeviceHS
 .bss.UserRxBufferHS
                0x240004fc      0x800 ./USB_DEVICE/App/usbd_cdc_if.o
                0x240004fc                UserRxBufferHS
 .bss.UserTxBufferHS
                0x24000cfc      0x800 ./USB_DEVICE/App/usbd_cdc_if.o
                0x24000cfc                UserTxBufferHS
 .bss.USBD_StrDesc
                0x240014fc      0x200 ./USB_DEVICE/App/usbd_desc.o
                0x240014fc                USBD_StrDesc
 .bss.hpcd_USB_OTG_HS
                0x240016fc      0x4e4 ./USB_DEVICE/Target/usbd_conf.o
                0x240016fc                hpcd_USB_OTG_HS
 .bss.mem.0     0x24001be0      0x220 ./USB_DEVICE/Target/usbd_conf.o
 *(COMMON)
                0x24001e00                        . = ALIGN (0x4)
                0x24001e00                        _ebss = .
                0x24001e00                        __bss_end__ = _ebss

._user_heap_stack
                0x24001e00      0x600 load address 0x0800bc34
                0x24001e00                        . = ALIGN (0x8)
                [!provide]                        PROVIDE (end = .)
                0x24001e00                        PROVIDE (_end = .)
                0x24002000                        . = (. + _Min_Heap_Size)
 *fill*         0x24001e00      0x200 
                0x24002400                        . = (. + _Min_Stack_Size)
 *fill*         0x24002000      0x400 
                0x24002400                        . = ALIGN (0x8)

/DISCARD/
 libc.a(*)
 libm.a(*)
 libgcc.a(*)

.ARM.attributes
                0x00000000       0x2e
 *(.ARM.attributes)
 .ARM.attributes
                0x00000000       0x20 C:/ST/STM32CubeIDE_2.2.0/STM32CubeIDE/plugins/com.st.stm32cube.ide.mcu.externaltools.gnu-tools-for-stm32.14.3.rel1.win32_1.0.100.202602081740/tools/bin/../lib/gcc/arm-none-eabi/14.3.1/thumb/v7e-m+dp/hard/crti.o
 .ARM.attributes
                0x00000020       0x32 C:/ST/STM32CubeIDE_2.2.0/STM32CubeIDE/plugins/com.st.stm32cube.ide.mcu.externaltools.gnu-tools-for-stm32.14.3.rel1.win32_1.0.100.202602081740/tools/bin/../lib/gcc/arm-none-eabi/14.3.1/thumb/v7e-m+dp/hard/crtbegin.o
 .ARM.attributes
                0x00000052       0x32 ./Core/Src/main.o
 .ARM.attributes
                0x00000084       0x32 ./Core/Src/stm32h7xx_hal_msp.o
 .ARM.attributes
                0x000000b6       0x32 ./Core/Src/stm32h7xx_it.o
 .ARM.attributes
                0x000000e8       0x32 ./Core/Src/system_stm32h7xx.o
 .ARM.attributes
                0x0000011a       0x21 ./Core/Startup/startup_stm32h723zgtx.o
 .ARM.attributes
                0x0000013b       0x32 ./Drivers/STM32H7xx_HAL_Driver/Src/stm32h7xx_hal.o
 .ARM.attributes
                0x0000016d       0x32 ./Drivers/STM32H7xx_HAL_Driver/Src/stm32h7xx_hal_cortex.o
 .ARM.attributes
                0x0000019f       0x32 ./Drivers/STM32H7xx_HAL_Driver/Src/stm32h7xx_hal_dma.o
 .ARM.attributes
                0x000001d1       0x32 ./Drivers/STM32H7xx_HAL_Driver/Src/stm32h7xx_hal_gpio.o
 .ARM.attributes
                0x00000203       0x32 ./Drivers/STM32H7xx_HAL_Driver/Src/stm32h7xx_hal_pcd.o
 .ARM.attributes
                0x00000235       0x32 ./Drivers/STM32H7xx_HAL_Driver/Src/stm32h7xx_hal_pcd_ex.o
 .ARM.attributes
                0x00000267       0x32 ./Drivers/STM32H7xx_HAL_Driver/Src/stm32h7xx_hal_pwr_ex.o
 .ARM.attributes
                0x00000299       0x32 ./Drivers/STM32H7xx_HAL_Driver/Src/stm32h7xx_hal_rcc.o
 .ARM.attributes
                0x000002cb       0x32 ./Drivers/STM32H7xx_HAL_Driver/Src/stm32h7xx_hal_rcc_ex.o
 .ARM.attributes
                0x000002fd       0x32 ./Drivers/STM32H7xx_HAL_Driver/Src/stm32h7xx_hal_tim.o
 .ARM.attributes
                0x0000032f       0x32 ./Drivers/STM32H7xx_HAL_Driver/Src/stm32h7xx_hal_tim_ex.o
 .ARM.attributes
                0x00000361       0x32 ./Drivers/STM32H7xx_HAL_Driver/Src/stm32h7xx_ll_usb.o
 .ARM.attributes
                0x00000393       0x32 ./Middlewares/ST/STM32_USB_Device_Library/Class/CDC/Src/usbd_cdc.o
 .ARM.attributes
                0x000003c5       0x32 ./Middlewares/ST/STM32_USB_Device_Library/Core/Src/usbd_core.o
 .ARM.attributes
                0x000003f7       0x32 ./Middlewares/ST/STM32_USB_Device_Library/Core/Src/usbd_ctlreq.o
 .ARM.attributes
                0x00000429       0x32 ./Middlewares/ST/STM32_USB_Device_Library/Core/Src/usbd_ioreq.o
 .ARM.attributes
                0x0000045b       0x32 ./USB_DEVICE/App/usb_device.o
 .ARM.attributes
                0x0000048d       0x32 ./USB_DEVICE/App/usbd_cdc_if.o
 .ARM.attributes
                0x000004bf       0x32 ./USB_DEVICE/App/usbd_desc.o
 .ARM.attributes
                0x000004f1       0x32 ./USB_DEVICE/Target/usbd_conf.o
 .ARM.attributes
                0x00000523       0x32 C:/ST/STM32CubeIDE_2.2.0/STM32CubeIDE/plugins/com.st.stm32cube.ide.mcu.externaltools.gnu-tools-for-stm32.14.3.rel1.win32_1.0.100.202602081740/tools/bin/../lib/gcc/arm-none-eabi/14.3.1/../../../../arm-none-eabi/lib/thumb/v7e-m+dp/hard\libc_nano.a(libc_a-memset.o)
 .ARM.attributes
                0x00000555       0x32 C:/ST/STM32CubeIDE_2.2.0/STM32CubeIDE/plugins/com.st.stm32cube.ide.mcu.externaltools.gnu-tools-for-stm32.14.3.rel1.win32_1.0.100.202602081740/tools/bin/../lib/gcc/arm-none-eabi/14.3.1/../../../../arm-none-eabi/lib/thumb/v7e-m+dp/hard\libc_nano.a(libc_a-init.o)
 .ARM.attributes
                0x00000587       0x20 C:/ST/STM32CubeIDE_2.2.0/STM32CubeIDE/plugins/com.st.stm32cube.ide.mcu.externaltools.gnu-tools-for-stm32.14.3.rel1.win32_1.0.100.202602081740/tools/bin/../lib/gcc/arm-none-eabi/14.3.1/thumb/v7e-m+dp/hard/crtn.o
OUTPUT(STM32_LogicAnalyzer.elf elf32-littlearm)
LOAD linker stubs
LOAD C:/ST/STM32CubeIDE_2.2.0/STM32CubeIDE/plugins/com.st.stm32cube.ide.mcu.externaltools.gnu-tools-for-stm32.14.3.rel1.win32_1.0.100.202602081740/tools/bin/../lib/gcc/arm-none-eabi/14.3.1/../../../../arm-none-eabi/lib/thumb/v7e-m+dp/hard\libc.a
LOAD C:/ST/STM32CubeIDE_2.2.0/STM32CubeIDE/plugins/com.st.stm32cube.ide.mcu.externaltools.gnu-tools-for-stm32.14.3.rel1.win32_1.0.100.202602081740/tools/bin/../lib/gcc/arm-none-eabi/14.3.1/../../../../arm-none-eabi/lib/thumb/v7e-m+dp/hard\libm.a
LOAD C:/ST/STM32CubeIDE_2.2.0/STM32CubeIDE/plugins/com.st.stm32cube.ide.mcu.externaltools.gnu-tools-for-stm32.14.3.rel1.win32_1.0.100.202602081740/tools/bin/../lib/gcc/arm-none-eabi/14.3.1/thumb/v7e-m+dp/hard\libgcc.a

.debug_info     0x00000000    0x19483
 .debug_info    0x00000000     0x181b ./Core/Src/main.o
 .debug_info    0x0000181b     0x1056 ./Core/Src/stm32h7xx_hal_msp.o
 .debug_info    0x00002871      0xda8 ./Core/Src/stm32h7xx_it.o
 .debug_info    0x00003619      0xbff ./Core/Src/system_stm32h7xx.o
 .debug_info    0x00004218       0x30 ./Core/Startup/startup_stm32h723zgtx.o
 .debug_info    0x00004248     0x1698 ./Drivers/STM32H7xx_HAL_Driver/Src/stm32h7xx_hal.o
 .debug_info    0x000058e0     0x10b2 ./Drivers/STM32H7xx_HAL_Driver/Src/stm32h7xx_hal_cortex.o
 .debug_info    0x00006992      0xb71 ./Drivers/STM32H7xx_HAL_Driver/Src/stm32h7xx_hal_dma.o
 .debug_info    0x00007503      0xc6b ./Drivers/STM32H7xx_HAL_Driver/Src/stm32h7xx_hal_gpio.o
 .debug_info    0x0000816e     0x1561 ./Drivers/STM32H7xx_HAL_Driver/Src/stm32h7xx_hal_pcd.o
 .debug_info    0x000096cf      0x8b3 ./Drivers/STM32H7xx_HAL_Driver/Src/stm32h7xx_hal_pcd_ex.o
 .debug_info    0x00009f82      0xddb ./Drivers/STM32H7xx_HAL_Driver/Src/stm32h7xx_hal_pwr_ex.o
 .debug_info    0x0000ad5d      0xd8c ./Drivers/STM32H7xx_HAL_Driver/Src/stm32h7xx_hal_rcc.o
 .debug_info    0x0000bae9     0x120b ./Drivers/STM32H7xx_HAL_Driver/Src/stm32h7xx_hal_rcc_ex.o
 .debug_info    0x0000ccf4     0x2bae ./Drivers/STM32H7xx_HAL_Driver/Src/stm32h7xx_hal_tim.o
 .debug_info    0x0000f8a2     0x18c1 ./Drivers/STM32H7xx_HAL_Driver/Src/stm32h7xx_hal_tim_ex.o
 .debug_info    0x00011163     0x1608 ./Drivers/STM32H7xx_HAL_Driver/Src/stm32h7xx_ll_usb.o
 .debug_info    0x0001276b     0x133f ./Middlewares/ST/STM32_USB_Device_Library/Class/CDC/Src/usbd_cdc.o
 .debug_info    0x00013aaa      0xe2d ./Middlewares/ST/STM32_USB_Device_Library/Core/Src/usbd_core.o
 .debug_info    0x000148d7      0xb06 ./Middlewares/ST/STM32_USB_Device_Library/Core/Src/usbd_ctlreq.o
 .debug_info    0x000153dd      0x77d ./Middlewares/ST/STM32_USB_Device_Library/Core/Src/usbd_ioreq.o
 .debug_info    0x00015b5a      0x732 ./USB_DEVICE/App/usb_device.o
 .debug_info    0x0001628c      0x922 ./USB_DEVICE/App/usbd_cdc_if.o
 .debug_info    0x00016bae      0x4c5 ./USB_DEVICE/App/usbd_desc.o
 .debug_info    0x00017073     0x2410 ./USB_DEVICE/Target/usbd_conf.o

.debug_abbrev   0x00000000     0x39f1
 .debug_abbrev  0x00000000      0x310 ./Core/Src/main.o
 .debug_abbrev  0x00000310      0x200 ./Core/Src/stm32h7xx_hal_msp.o
 .debug_abbrev  0x00000510      0x1e6 ./Core/Src/stm32h7xx_it.o
 .debug_abbrev  0x000006f6      0x153 ./Core/Src/system_stm32h7xx.o
 .debug_abbrev  0x00000849       0x24 ./Core/Startup/startup_stm32h723zgtx.o
 .debug_abbrev  0x0000086d      0x29e ./Drivers/STM32H7xx_HAL_Driver/Src/stm32h7xx_hal.o
 .debug_abbrev  0x00000b0b      0x339 ./Drivers/STM32H7xx_HAL_Driver/Src/stm32h7xx_hal_cortex.o
 .debug_abbrev  0x00000e44      0x248 ./Drivers/STM32H7xx_HAL_Driver/Src/stm32h7xx_hal_dma.o
 .debug_abbrev  0x0000108c      0x205 ./Drivers/STM32H7xx_HAL_Driver/Src/stm32h7xx_hal_gpio.o
 .debug_abbrev  0x00001291      0x2dc ./Drivers/STM32H7xx_HAL_Driver/Src/stm32h7xx_hal_pcd.o
 .debug_abbrev  0x0000156d      0x256 ./Drivers/STM32H7xx_HAL_Driver/Src/stm32h7xx_hal_pcd_ex.o
 .debug_abbrev  0x000017c3      0x295 ./Drivers/STM32H7xx_HAL_Driver/Src/stm32h7xx_hal_pwr_ex.o
 .debug_abbrev  0x00001a58      0x2b1 ./Drivers/STM32H7xx_HAL_Driver/Src/stm32h7xx_hal_rcc.o
 .debug_abbrev  0x00001d09      0x269 ./Drivers/STM32H7xx_HAL_Driver/Src/stm32h7xx_hal_rcc_ex.o
 .debug_abbrev  0x00001f72      0x276 ./Drivers/STM32H7xx_HAL_Driver/Src/stm32h7xx_hal_tim.o
 .debug_abbrev  0x000021e8      0x296 ./Drivers/STM32H7xx_HAL_Driver/Src/stm32h7xx_hal_tim_ex.o
 .debug_abbrev  0x0000247e      0x2b2 ./Drivers/STM32H7xx_HAL_Driver/Src/stm32h7xx_ll_usb.o
 .debug_abbrev  0x00002730      0x2d2 ./Middlewares/ST/STM32_USB_Device_Library/Class/CDC/Src/usbd_cdc.o
 .debug_abbrev  0x00002a02      0x27c ./Middlewares/ST/STM32_USB_Device_Library/Core/Src/usbd_core.o
 .debug_abbrev  0x00002c7e      0x26f ./Middlewares/ST/STM32_USB_Device_Library/Core/Src/usbd_ctlreq.o
 .debug_abbrev  0x00002eed      0x19a ./Middlewares/ST/STM32_USB_Device_Library/Core/Src/usbd_ioreq.o
 .debug_abbrev  0x00003087      0x1a8 ./USB_DEVICE/App/usb_device.o
 .debug_abbrev  0x0000322f      0x29d ./USB_DEVICE/App/usbd_cdc_if.o
 .debug_abbrev  0x000034cc      0x1f5 ./USB_DEVICE/App/usbd_desc.o
 .debug_abbrev  0x000036c1      0x330 ./USB_DEVICE/Target/usbd_conf.o

.debug_aranges  0x00000000     0x14d0
 .debug_aranges
                0x00000000       0x58 ./Core/Src/main.o
 .debug_aranges
                0x00000058       0x30 ./Core/Src/stm32h7xx_hal_msp.o
 .debug_aranges
                0x00000088       0x78 ./Core/Src/stm32h7xx_it.o
 .debug_aranges
                0x00000100       0x30 ./Core/Src/system_stm32h7xx.o
 .debug_aranges
                0x00000130       0x28 ./Core/Startup/startup_stm32h723zgtx.o
 .debug_aranges
                0x00000158      0x1c8 ./Drivers/STM32H7xx_HAL_Driver/Src/stm32h7xx_hal.o
 .debug_aranges
                0x00000320      0x130 ./Drivers/STM32H7xx_HAL_Driver/Src/stm32h7xx_hal_cortex.o
 .debug_aranges
                0x00000450       0xa0 ./Drivers/STM32H7xx_HAL_Driver/Src/stm32h7xx_hal_dma.o
 .debug_aranges
                0x000004f0       0x58 ./Drivers/STM32H7xx_HAL_Driver/Src/stm32h7xx_hal_gpio.o
 .debug_aranges
                0x00000548      0x140 ./Drivers/STM32H7xx_HAL_Driver/Src/stm32h7xx_hal_pcd.o
 .debug_aranges
                0x00000688       0x60 ./Drivers/STM32H7xx_HAL_Driver/Src/stm32h7xx_hal_pcd_ex.o
 .debug_aranges
                0x000006e8      0x148 ./Drivers/STM32H7xx_HAL_Driver/Src/stm32h7xx_hal_pwr_ex.o
 .debug_aranges
                0x00000830       0x88 ./Drivers/STM32H7xx_HAL_Driver/Src/stm32h7xx_hal_rcc.o
 .debug_aranges
                0x000008b8       0xf8 ./Drivers/STM32H7xx_HAL_Driver/Src/stm32h7xx_hal_rcc_ex.o
 .debug_aranges
                0x000009b0      0x3e0 ./Drivers/STM32H7xx_HAL_Driver/Src/stm32h7xx_hal_tim.o
 .debug_aranges
                0x00000d90      0x198 ./Drivers/STM32H7xx_HAL_Driver/Src/stm32h7xx_hal_tim_ex.o
 .debug_aranges
                0x00000f28      0x180 ./Drivers/STM32H7xx_HAL_Driver/Src/stm32h7xx_ll_usb.o
 .debug_aranges
                0x000010a8       0x90 ./Middlewares/ST/STM32_USB_Device_Library/Class/CDC/Src/usbd_cdc.o
 .debug_aranges
                0x00001138       0xd8 ./Middlewares/ST/STM32_USB_Device_Library/Core/Src/usbd_core.o
 .debug_aranges
                0x00001210       0x90 ./Middlewares/ST/STM32_USB_Device_Library/Core/Src/usbd_ctlreq.o
 .debug_aranges
                0x000012a0       0x50 ./Middlewares/ST/STM32_USB_Device_Library/Core/Src/usbd_ioreq.o
 .debug_aranges
                0x000012f0       0x20 ./USB_DEVICE/App/usb_device.o
 .debug_aranges
                0x00001310       0x48 ./USB_DEVICE/App/usbd_cdc_if.o
 .debug_aranges
                0x00001358       0x68 ./USB_DEVICE/App/usbd_desc.o
 .debug_aranges
                0x000013c0      0x110 ./USB_DEVICE/Target/usbd_conf.o

.debug_rnglists
                0x00000000      0xfea
 .debug_rnglists
                0x00000000       0x41 ./Core/Src/main.o
 .debug_rnglists
                0x00000041       0x20 ./Core/Src/stm32h7xx_hal_msp.o
 .debug_rnglists
                0x00000061       0x55 ./Core/Src/stm32h7xx_it.o
 .debug_rnglists
                0x000000b6       0x21 ./Core/Src/system_stm32h7xx.o
 .debug_rnglists
                0x000000d7       0x19 ./Core/Startup/startup_stm32h723zgtx.o
 .debug_rnglists
                0x000000f0      0x155 ./Drivers/STM32H7xx_HAL_Driver/Src/stm32h7xx_hal.o
 .debug_rnglists
                0x00000245       0xe0 ./Drivers/STM32H7xx_HAL_Driver/Src/stm32h7xx_hal_cortex.o
 .debug_rnglists
                0x00000325       0x82 ./Drivers/STM32H7xx_HAL_Driver/Src/stm32h7xx_hal_dma.o
 .debug_rnglists
                0x000003a7       0x3f ./Drivers/STM32H7xx_HAL_Driver/Src/stm32h7xx_hal_gpio.o
 .debug_rnglists
                0x000003e6       0xf4 ./Drivers/STM32H7xx_HAL_Driver/Src/stm32h7xx_hal_pcd.o
 .debug_rnglists
                0x000004da       0x45 ./Drivers/STM32H7xx_HAL_Driver/Src/stm32h7xx_hal_pcd_ex.o
 .debug_rnglists
                0x0000051f       0xf5 ./Drivers/STM32H7xx_HAL_Driver/Src/stm32h7xx_hal_pwr_ex.o
 .debug_rnglists
                0x00000614       0x68 ./Drivers/STM32H7xx_HAL_Driver/Src/stm32h7xx_hal_rcc.o
 .debug_rnglists
                0x0000067c       0xc0 ./Drivers/STM32H7xx_HAL_Driver/Src/stm32h7xx_hal_rcc_ex.o
 .debug_rnglists
                0x0000073c      0x32c ./Drivers/STM32H7xx_HAL_Driver/Src/stm32h7xx_hal_tim.o
 .debug_rnglists
                0x00000a68      0x14d ./Drivers/STM32H7xx_HAL_Driver/Src/stm32h7xx_hal_tim_ex.o
 .debug_rnglists
                0x00000bb5      0x12c ./Drivers/STM32H7xx_HAL_Driver/Src/stm32h7xx_ll_usb.o
 .debug_rnglists
                0x00000ce1       0x6c ./Middlewares/ST/STM32_USB_Device_Library/Class/CDC/Src/usbd_cdc.o
 .debug_rnglists
                0x00000d4d       0xa1 ./Middlewares/ST/STM32_USB_Device_Library/Core/Src/usbd_core.o
 .debug_rnglists
                0x00000dee       0x6e ./Middlewares/ST/STM32_USB_Device_Library/Core/Src/usbd_ctlreq.o
 .debug_rnglists
                0x00000e5c       0x37 ./Middlewares/ST/STM32_USB_Device_Library/Core/Src/usbd_ioreq.o
 .debug_rnglists
                0x00000e93       0x13 ./USB_DEVICE/App/usb_device.o
 .debug_rnglists
                0x00000ea6       0x32 ./USB_DEVICE/App/usbd_cdc_if.o
 .debug_rnglists
                0x00000ed8       0x49 ./USB_DEVICE/App/usbd_desc.o
 .debug_rnglists
                0x00000f21       0xc9 ./USB_DEVICE/Target/usbd_conf.o

.debug_macro    0x00000000    0x354b9
 .debug_macro   0x00000000      0x3de ./Core/Src/main.o
 .debug_macro   0x000003de      0xaf6 ./Core/Src/main.o
 .debug_macro   0x00000ed4      0x238 ./Core/Src/main.o
 .debug_macro   0x0000110c       0x2e ./Core/Src/main.o
 .debug_macro   0x0000113a       0x3b ./Core/Src/main.o
 .debug_macro   0x00001175       0x22 ./Core/Src/main.o
 .debug_macro   0x00001197       0x8e ./Core/Src/main.o
 .debug_macro   0x00001225       0x51 ./Core/Src/main.o
 .debug_macro   0x00001276      0x103 ./Core/Src/main.o
 .debug_macro   0x00001379       0x6a ./Core/Src/main.o
 .debug_macro   0x000013e3      0x1df ./Core/Src/main.o
 .debug_macro   0x000015c2       0x1c ./Core/Src/main.o
 .debug_macro   0x000015de       0x22 ./Core/Src/main.o
 .debug_macro   0x00001600       0xfb ./Core/Src/main.o
 .debug_macro   0x000016fb     0x1313 ./Core/Src/main.o
 .debug_macro   0x00002a0e      0x11f ./Core/Src/main.o
 .debug_macro   0x00002b2d       0x22 ./Core/Src/main.o
 .debug_macro   0x00002b4f    0x216c1 ./Core/Src/main.o
 .debug_macro   0x00024210       0x6d ./Core/Src/main.o
 .debug_macro   0x0002427d     0x3d64 ./Core/Src/main.o
 .debug_macro   0x00027fe1      0x190 ./Core/Src/main.o
 .debug_macro   0x00028171       0x61 ./Core/Src/main.o
 .debug_macro   0x000281d2       0x29 ./Core/Src/main.o
 .debug_macro   0x000281fb       0x43 ./Core/Src/main.o
 .debug_macro   0x0002823e       0x34 ./Core/Src/main.o
 .debug_macro   0x00028272      0x364 ./Core/Src/main.o
 .debug_macro   0x000285d6       0x16 ./Core/Src/main.o
 .debug_macro   0x000285ec       0x4a ./Core/Src/main.o
 .debug_macro   0x00028636       0x34 ./Core/Src/main.o
 .debug_macro   0x0002866a       0x10 ./Core/Src/main.o
 .debug_macro   0x0002867a       0x58 ./Core/Src/main.o
 .debug_macro   0x000286d2       0x8e ./Core/Src/main.o
 .debug_macro   0x00028760       0x1c ./Core/Src/main.o
 .debug_macro   0x0002877c      0x17e ./Core/Src/main.o
 .debug_macro   0x000288fa      0x19b ./Core/Src/main.o
 .debug_macro   0x00028a95       0x5d ./Core/Src/main.o
 .debug_macro   0x00028af2     0x2462 ./Core/Src/main.o
 .debug_macro   0x0002af54     0x1079 ./Core/Src/main.o
 .debug_macro   0x0002bfcd      0x154 ./Core/Src/main.o
 .debug_macro   0x0002c121      0x114 ./Core/Src/main.o
 .debug_macro   0x0002c235      0x3fc ./Core/Src/main.o
 .debug_macro   0x0002c631       0xac ./Core/Src/main.o
 .debug_macro   0x0002c6dd      0x788 ./Core/Src/main.o
 .debug_macro   0x0002ce65      0x228 ./Core/Src/main.o
 .debug_macro   0x0002d08d       0x66 ./Core/Src/main.o
 .debug_macro   0x0002d0f3      0x3a6 ./Core/Src/main.o
 .debug_macro   0x0002d499      0x3f9 ./Core/Src/main.o
 .debug_macro   0x0002d892      0x275 ./Core/Src/main.o
 .debug_macro   0x0002db07      0x3ca ./Core/Src/main.o
 .debug_macro   0x0002ded1      0x45c ./Core/Src/main.o
 .debug_macro   0x0002e32d       0x3c ./Core/Src/main.o
 .debug_macro   0x0002e369       0x4a ./Core/Src/main.o
 .debug_macro   0x0002e3b3      0x22c ./Core/Src/main.o
 .debug_macro   0x0002e5df       0x67 ./Core/Src/main.o
 .debug_macro   0x0002e646       0xa5 ./Core/Src/main.o
 .debug_macro   0x0002e6eb      0x1c4 ./Core/Src/main.o
 .debug_macro   0x0002e8af      0x22a ./Core/Src/main.o
 .debug_macro   0x0002ead9       0x35 ./Core/Src/main.o
 .debug_macro   0x0002eb0e      0xb24 ./Core/Src/main.o
 .debug_macro   0x0002f632      0x29f ./Core/Src/main.o
 .debug_macro   0x0002f8d1      0x2b6 ./Core/Src/main.o
 .debug_macro   0x0002fb87       0x90 ./Core/Src/main.o
 .debug_macro   0x0002fc17      0x5f2 ./Core/Src/main.o
 .debug_macro   0x00030209       0x1c ./Core/Src/main.o
 .debug_macro   0x00030225       0x3c ./Core/Src/main.o
 .debug_macro   0x00030261       0x10 ./Core/Src/main.o
 .debug_macro   0x00030271       0x1c ./Core/Src/main.o
 .debug_macro   0x0003028d       0x16 ./Core/Src/main.o
 .debug_macro   0x000302a3      0x146 ./Core/Src/main.o
 .debug_macro   0x000303e9       0x16 ./Core/Src/main.o
 .debug_macro   0x000303ff       0x16 ./Core/Src/main.o
 .debug_macro   0x00030415       0x29 ./Core/Src/main.o
 .debug_macro   0x0003043e       0x16 ./Core/Src/main.o
 .debug_macro   0x00030454       0x20 ./Core/Src/main.o
 .debug_macro   0x00030474       0x65 ./Core/Src/main.o
 .debug_macro   0x000304d9      0x20f ./Core/Src/main.o
 .debug_macro   0x000306e8       0x95 ./Core/Src/main.o
 .debug_macro   0x0003077d       0x10 ./Core/Src/main.o
 .debug_macro   0x0003078d      0x2ce ./Core/Src/stm32h7xx_hal_msp.o
 .debug_macro   0x00030a5b      0x2d8 ./Core/Src/stm32h7xx_it.o
 .debug_macro   0x00030d33      0x2c4 ./Core/Src/system_stm32h7xx.o
 .debug_macro   0x00030ff7      0x2ee ./Drivers/STM32H7xx_HAL_Driver/Src/stm32h7xx_hal.o
 .debug_macro   0x000312e5      0x2c4 ./Drivers/STM32H7xx_HAL_Driver/Src/stm32h7xx_hal_cortex.o
 .debug_macro   0x000315a9      0x318 ./Drivers/STM32H7xx_HAL_Driver/Src/stm32h7xx_hal_dma.o
 .debug_macro   0x000318c1      0x2cb ./Drivers/STM32H7xx_HAL_Driver/Src/stm32h7xx_hal_gpio.o
 .debug_macro   0x00031b8c      0x2d0 ./Drivers/STM32H7xx_HAL_Driver/Src/stm32h7xx_hal_pcd.o
 .debug_macro   0x00031e5c      0x2c4 ./Drivers/STM32H7xx_HAL_Driver/Src/stm32h7xx_hal_pcd_ex.o
 .debug_macro   0x00032120      0x2fd ./Drivers/STM32H7xx_HAL_Driver/Src/stm32h7xx_hal_pwr_ex.o
 .debug_macro   0x0003241d      0x2e8 ./Drivers/STM32H7xx_HAL_Driver/Src/stm32h7xx_hal_rcc.o
 .debug_macro   0x00032705      0x2e2 ./Drivers/STM32H7xx_HAL_Driver/Src/stm32h7xx_hal_rcc_ex.o
 .debug_macro   0x000329e7      0x2c5 ./Drivers/STM32H7xx_HAL_Driver/Src/stm32h7xx_hal_tim.o
 .debug_macro   0x00032cac      0x2ca ./Drivers/STM32H7xx_HAL_Driver/Src/stm32h7xx_hal_tim_ex.o
 .debug_macro   0x00032f76      0x2c4 ./Drivers/STM32H7xx_HAL_Driver/Src/stm32h7xx_ll_usb.o
 .debug_macro   0x0003323a      0x3c5 ./Middlewares/ST/STM32_USB_Device_Library/Class/CDC/Src/usbd_cdc.o
 .debug_macro   0x000335ff       0x16 ./Middlewares/ST/STM32_USB_Device_Library/Class/CDC/Src/usbd_cdc.o
 .debug_macro   0x00033615       0x9e ./Middlewares/ST/STM32_USB_Device_Library/Class/CDC/Src/usbd_cdc.o
 .debug_macro   0x000336b3      0x112 ./Middlewares/ST/STM32_USB_Device_Library/Class/CDC/Src/usbd_cdc.o
 .debug_macro   0x000337c5       0x16 ./Middlewares/ST/STM32_USB_Device_Library/Class/CDC/Src/usbd_cdc.o
 .debug_macro   0x000337db      0x3ac ./Middlewares/ST/STM32_USB_Device_Library/Core/Src/usbd_core.o
 .debug_macro   0x00033b87      0x215 ./Middlewares/ST/STM32_USB_Device_Library/Core/Src/usbd_core.o
 .debug_macro   0x00033d9c      0x3b6 ./Middlewares/ST/STM32_USB_Device_Library/Core/Src/usbd_ctlreq.o
 .debug_macro   0x00034152      0x3b2 ./Middlewares/ST/STM32_USB_Device_Library/Core/Src/usbd_ioreq.o
 .debug_macro   0x00034504      0x3df ./USB_DEVICE/App/usb_device.o
 .debug_macro   0x000348e3       0x22 ./USB_DEVICE/App/usb_device.o
 .debug_macro   0x00034905       0x16 ./USB_DEVICE/App/usb_device.o
 .debug_macro   0x0003491b      0x3d0 ./USB_DEVICE/App/usbd_cdc_if.o
 .debug_macro   0x00034ceb      0x3ef ./USB_DEVICE/App/usbd_desc.o
 .debug_macro   0x000350da       0x1c ./USB_DEVICE/App/usbd_desc.o
 .debug_macro   0x000350f6      0x3c3 ./USB_DEVICE/Target/usbd_conf.o

.debug_line     0x00000000    0x1c92f
 .debug_line    0x00000000      0xc4d ./Core/Src/main.o
 .debug_line    0x00000c4d      0x96b ./Core/Src/stm32h7xx_hal_msp.o
 .debug_line    0x000015b8      0x9fd ./Core/Src/stm32h7xx_it.o
 .debug_line    0x00001fb5      0xb03 ./Core/Src/system_stm32h7xx.o
 .debug_line    0x00002ab8       0x7b ./Core/Startup/startup_stm32h723zgtx.o
 .debug_line    0x00002b33      0xf72 ./Drivers/STM32H7xx_HAL_Driver/Src/stm32h7xx_hal.o
 .debug_line    0x00003aa5      0xec4 ./Drivers/STM32H7xx_HAL_Driver/Src/stm32h7xx_hal_cortex.o
 .debug_line    0x00004969     0x285b ./Drivers/STM32H7xx_HAL_Driver/Src/stm32h7xx_hal_dma.o
 .debug_line    0x000071c4      0xd63 ./Drivers/STM32H7xx_HAL_Driver/Src/stm32h7xx_hal_gpio.o
 .debug_line    0x00007f27     0x164f ./Drivers/STM32H7xx_HAL_Driver/Src/stm32h7xx_hal_pcd.o
 .debug_line    0x00009576      0xb0c ./Drivers/STM32H7xx_HAL_Driver/Src/stm32h7xx_hal_pcd_ex.o
 .debug_line    0x0000a082      0xfad ./Drivers/STM32H7xx_HAL_Driver/Src/stm32h7xx_hal_pwr_ex.o
 .debug_line    0x0000b02f     0x14ec ./Drivers/STM32H7xx_HAL_Driver/Src/stm32h7xx_hal_rcc.o
 .debug_line    0x0000c51b     0x1da0 ./Drivers/STM32H7xx_HAL_Driver/Src/stm32h7xx_hal_rcc_ex.o
 .debug_line    0x0000e2bb     0x4142 ./Drivers/STM32H7xx_HAL_Driver/Src/stm32h7xx_hal_tim.o
 .debug_line    0x000123fd     0x1efc ./Drivers/STM32H7xx_HAL_Driver/Src/stm32h7xx_hal_tim_ex.o
 .debug_line    0x000142f9     0x1a69 ./Drivers/STM32H7xx_HAL_Driver/Src/stm32h7xx_ll_usb.o
 .debug_line    0x00015d62      0xf36 ./Middlewares/ST/STM32_USB_Device_Library/Class/CDC/Src/usbd_cdc.o
 .debug_line    0x00016c98      0xfee ./Middlewares/ST/STM32_USB_Device_Library/Core/Src/usbd_core.o
 .debug_line    0x00017c86     0x11cd ./Middlewares/ST/STM32_USB_Device_Library/Core/Src/usbd_ctlreq.o
 .debug_line    0x00018e53      0xaf5 ./Middlewares/ST/STM32_USB_Device_Library/Core/Src/usbd_ioreq.o
 .debug_line    0x00019948      0xabe ./USB_DEVICE/App/usb_device.o
 .debug_line    0x0001a406      0xb0e ./USB_DEVICE/App/usbd_cdc_if.o
 .debug_line    0x0001af14      0xb7f ./USB_DEVICE/App/usbd_desc.o
 .debug_line    0x0001ba93      0xe9c ./USB_DEVICE/Target/usbd_conf.o

.debug_str      0x00000000   0x14a2e2
 .debug_str     0x00000000   0x14a2e2 ./Core/Src/main.o
                             0x14498f (size before relaxing)
 .debug_str     0x0014a2e2   0x142e73 ./Core/Src/stm32h7xx_hal_msp.o
 .debug_str     0x0014a2e2   0x142874 ./Core/Src/stm32h7xx_it.o
 .debug_str     0x0014a2e2   0x142227 ./Core/Src/system_stm32h7xx.o
 .debug_str     0x0014a2e2       0x80 ./Core/Startup/startup_stm32h723zgtx.o
 .debug_str     0x0014a2e2   0x14326b ./Drivers/STM32H7xx_HAL_Driver/Src/stm32h7xx_hal.o
 .debug_str     0x0014a2e2   0x142b8c ./Drivers/STM32H7xx_HAL_Driver/Src/stm32h7xx_hal_cortex.o
 .debug_str     0x0014a2e2   0x142996 ./Drivers/STM32H7xx_HAL_Driver/Src/stm32h7xx_hal_dma.o
 .debug_str     0x0014a2e2   0x14222c ./Drivers/STM32H7xx_HAL_Driver/Src/stm32h7xx_hal_gpio.o
 .debug_str     0x0014a2e2   0x1429de ./Drivers/STM32H7xx_HAL_Driver/Src/stm32h7xx_hal_pcd.o
 .debug_str     0x0014a2e2   0x14237c ./Drivers/STM32H7xx_HAL_Driver/Src/stm32h7xx_hal_pcd_ex.o
 .debug_str     0x0014a2e2   0x14263b ./Drivers/STM32H7xx_HAL_Driver/Src/stm32h7xx_hal_pwr_ex.o
 .debug_str     0x0014a2e2   0x1425af ./Drivers/STM32H7xx_HAL_Driver/Src/stm32h7xx_hal_rcc.o
 .debug_str     0x0014a2e2   0x142ac7 ./Drivers/STM32H7xx_HAL_Driver/Src/stm32h7xx_hal_rcc_ex.o
 .debug_str     0x0014a2e2   0x1433ad ./Drivers/STM32H7xx_HAL_Driver/Src/stm32h7xx_hal_tim.o
 .debug_str     0x0014a2e2   0x142d5a ./Drivers/STM32H7xx_HAL_Driver/Src/stm32h7xx_hal_tim_ex.o
 .debug_str     0x0014a2e2   0x14267b ./Drivers/STM32H7xx_HAL_Driver/Src/stm32h7xx_ll_usb.o
 .debug_str     0x0014a2e2   0x143e27 ./Middlewares/ST/STM32_USB_Device_Library/Class/CDC/Src/usbd_cdc.o
 .debug_str     0x0014a2e2   0x14373c ./Middlewares/ST/STM32_USB_Device_Library/Core/Src/usbd_core.o
 .debug_str     0x0014a2e2   0x143567 ./Middlewares/ST/STM32_USB_Device_Library/Core/Src/usbd_ctlreq.o
 .debug_str     0x0014a2e2   0x14343c ./Middlewares/ST/STM32_USB_Device_Library/Core/Src/usbd_ioreq.o
 .debug_str     0x0014a2e2   0x143812 ./USB_DEVICE/App/usb_device.o
 .debug_str     0x0014a2e2   0x14382f ./USB_DEVICE/App/usbd_cdc_if.o
 .debug_str     0x0014a2e2   0x14335e ./USB_DEVICE/App/usbd_desc.o
 .debug_str     0x0014a2e2   0x144e46 ./USB_DEVICE/Target/usbd_conf.o

.comment        0x00000000       0x43
 .comment       0x00000000       0x43 ./Core/Src/main.o
                                 0x44 (size before relaxing)
 .comment       0x00000043       0x44 ./Core/Src/stm32h7xx_hal_msp.o
 .comment       0x00000043       0x44 ./Core/Src/stm32h7xx_it.o
 .comment       0x00000043       0x44 ./Core/Src/system_stm32h7xx.o
 .comment       0x00000043       0x44 ./Drivers/STM32H7xx_HAL_Driver/Src/stm32h7xx_hal.o
 .comment       0x00000043       0x44 ./Drivers/STM32H7xx_HAL_Driver/Src/stm32h7xx_hal_cortex.o
 .comment       0x00000043       0x44 ./Drivers/STM32H7xx_HAL_Driver/Src/stm32h7xx_hal_dma.o
 .comment       0x00000043       0x44 ./Drivers/STM32H7xx_HAL_Driver/Src/stm32h7xx_hal_gpio.o
 .comment       0x00000043       0x44 ./Drivers/STM32H7xx_HAL_Driver/Src/stm32h7xx_hal_pcd.o
 .comment       0x00000043       0x44 ./Drivers/STM32H7xx_HAL_Driver/Src/stm32h7xx_hal_pcd_ex.o
 .comment       0x00000043       0x44 ./Drivers/STM32H7xx_HAL_Driver/Src/stm32h7xx_hal_pwr_ex.o
 .comment       0x00000043       0x44 ./Drivers/STM32H7xx_HAL_Driver/Src/stm32h7xx_hal_rcc.o
 .comment       0x00000043       0x44 ./Drivers/STM32H7xx_HAL_Driver/Src/stm32h7xx_hal_rcc_ex.o
 .comment       0x00000043       0x44 ./Drivers/STM32H7xx_HAL_Driver/Src/stm32h7xx_hal_tim.o
 .comment       0x00000043       0x44 ./Drivers/STM32H7xx_HAL_Driver/Src/stm32h7xx_hal_tim_ex.o
 .comment       0x00000043       0x44 ./Drivers/STM32H7xx_HAL_Driver/Src/stm32h7xx_ll_usb.o
 .comment       0x00000043       0x44 ./Middlewares/ST/STM32_USB_Device_Library/Class/CDC/Src/usbd_cdc.o
 .comment       0x00000043       0x44 ./Middlewares/ST/STM32_USB_Device_Library/Core/Src/usbd_core.o
 .comment       0x00000043       0x44 ./Middlewares/ST/STM32_USB_Device_Library/Core/Src/usbd_ctlreq.o
 .comment       0x00000043       0x44 ./Middlewares/ST/STM32_USB_Device_Library/Core/Src/usbd_ioreq.o
 .comment       0x00000043       0x44 ./USB_DEVICE/App/usb_device.o
 .comment       0x00000043       0x44 ./USB_DEVICE/App/usbd_cdc_if.o
 .comment       0x00000043       0x44 ./USB_DEVICE/App/usbd_desc.o
 .comment       0x00000043       0x44 ./USB_DEVICE/Target/usbd_conf.o

.debug_frame    0x00000000     0x523c
 .debug_frame   0x00000000      0x120 ./Core/Src/main.o
 .debug_frame   0x00000120       0x7c ./Core/Src/stm32h7xx_hal_msp.o
 .debug_frame   0x0000019c      0x14c ./Core/Src/stm32h7xx_it.o
 .debug_frame   0x000002e8       0x60 ./Core/Src/system_stm32h7xx.o
 .debug_frame   0x00000348      0x6a0 ./Drivers/STM32H7xx_HAL_Driver/Src/stm32h7xx_hal.o
 .debug_frame   0x000009e8      0x4b8 ./Drivers/STM32H7xx_HAL_Driver/Src/stm32h7xx_hal_cortex.o
 .debug_frame   0x00000ea0      0x290 ./Drivers/STM32H7xx_HAL_Driver/Src/stm32h7xx_hal_dma.o
 .debug_frame   0x00001130      0x130 ./Drivers/STM32H7xx_HAL_Driver/Src/stm32h7xx_hal_gpio.o
 .debug_frame   0x00001260      0x550 ./Drivers/STM32H7xx_HAL_Driver/Src/stm32h7xx_hal_pcd.o
 .debug_frame   0x000017b0      0x154 ./Drivers/STM32H7xx_HAL_Driver/Src/stm32h7xx_hal_pcd_ex.o
 .debug_frame   0x00001904      0x4c8 ./Drivers/STM32H7xx_HAL_Driver/Src/stm32h7xx_hal_pwr_ex.o
 .debug_frame   0x00001dcc      0x1e4 ./Drivers/STM32H7xx_HAL_Driver/Src/stm32h7xx_hal_rcc.o
 .debug_frame   0x00001fb0      0x3d4 ./Drivers/STM32H7xx_HAL_Driver/Src/stm32h7xx_hal_rcc_ex.o
 .debug_frame   0x00002384     0x1144 ./Drivers/STM32H7xx_HAL_Driver/Src/stm32h7xx_hal_tim.o
 .debug_frame   0x000034c8      0x6d8 ./Drivers/STM32H7xx_HAL_Driver/Src/stm32h7xx_hal_tim_ex.o
 .debug_frame   0x00003ba0      0x68c ./Drivers/STM32H7xx_HAL_Driver/Src/stm32h7xx_ll_usb.o
 .debug_frame   0x0000422c      0x22c ./Middlewares/ST/STM32_USB_Device_Library/Class/CDC/Src/usbd_cdc.o
 .debug_frame   0x00004458      0x370 ./Middlewares/ST/STM32_USB_Device_Library/Core/Src/usbd_core.o